[1.771s] Invoking command in '/home/ubuntu/smart-cane-system/src/smart_cane_system': AMENT_PREFIX_PATH=/home/ubuntu/smart-cane-system/install/smart_cane_interfaces:${AMENT_PREFIX_PATH} CMAKE_PREFIX_PATH=/home/ubuntu/smart-cane-system/install/smart_cane_interfaces:${CMAKE_PREFIX_PATH} DEBUGINFOD_URLS=https://debuginfod.ubuntu.com LD_LIBRARY_PATH=/home/ubuntu/smart-cane-system/install/smart_cane_interfaces/lib:${LD_LIBRARY_PATH} PYTHONPATH=/home/ubuntu/smart-cane-system/build/smart_cane_system/prefix_override:/usr/lib/python3/dist-packages/colcon_core/task/python/colcon_distutils_commands:/home/ubuntu/smart-cane-system/install/smart_cane_system/lib/python3.12/site-packages:/home/ubuntu/smart-cane-system/install/smart_cane_interfaces/lib/python3.12/site-packages:${PYTHONPATH} /usr/bin/python3 -W ignore:setup.py install is deprecated -W ignore:easy_install command is deprecated setup.py egg_info --egg-base ../../build/smart_cane_system build --build-base /home/ubuntu/smart-cane-system/build/smart_cane_system/build install --record /home/ubuntu/smart-cane-system/build/smart_cane_system/install.log --single-version-externally-managed install_data
[2.306s] running egg_info
[2.307s] creating ../../build/smart_cane_system/smart_cane_system.egg-info
[2.334s] writing ../../build/smart_cane_system/smart_cane_system.egg-info/PKG-INFO
[2.335s] writing dependency_links to ../../build/smart_cane_system/smart_cane_system.egg-info/dependency_links.txt
[2.335s] writing entry points to ../../build/smart_cane_system/smart_cane_system.egg-info/entry_points.txt
[2.335s] writing requirements to ../../build/smart_cane_system/smart_cane_system.egg-info/requires.txt
[2.335s] writing top-level names to ../../build/smart_cane_system/smart_cane_system.egg-info/top_level.txt
[2.335s] writing manifest file '../../build/smart_cane_system/smart_cane_system.egg-info/SOURCES.txt'
[2.403s] reading manifest file '../../build/smart_cane_system/smart_cane_system.egg-info/SOURCES.txt'
[2.404s] writing manifest file '../../build/smart_cane_system/smart_cane_system.egg-info/SOURCES.txt'
[2.412s] running build
[2.412s] running build_py
[2.412s] creating /home/ubuntu/smart-cane-system/build/smart_cane_system/build
[2.412s] creating /home/ubuntu/smart-cane-system/build/smart_cane_system/build/lib
[2.412s] creating /home/ubuntu/smart-cane-system/build/smart_cane_system/build/lib/smart_cane_system
[2.413s] copying smart_cane_system/vibration_node.py -> /home/ubuntu/smart-cane-system/build/smart_cane_system/build/lib/smart_cane_system
[2.413s] copying smart_cane_system/yolo_detection_node.py -> /home/ubuntu/smart-cane-system/build/smart_cane_system/build/lib/smart_cane_system
[2.413s] copying smart_cane_system/ultrasonic_node.py -> /home/ubuntu/smart-cane-system/build/smart_cane_system/build/lib/smart_cane_system
[2.413s] copying smart_cane_system/obstacle_fusion.py -> /home/ubuntu/smart-cane-system/build/smart_cane_system/build/lib/smart_cane_system
[2.413s] copying smart_cane_system/__init__.py -> /home/ubuntu/smart-cane-system/build/smart_cane_system/build/lib/smart_cane_system
[2.413s] copying smart_cane_system/camera_node.py -> /home/ubuntu/smart-cane-system/build/smart_cane_system/build/lib/smart_cane_system
[2.414s] copying smart_cane_system/speaker_node.py -> /home/ubuntu/smart-cane-system/build/smart_cane_system/build/lib/smart_cane_system
[2.414s] running install
[2.427s] running install_lib
[2.461s] creating /home/ubuntu/smart-cane-system/install/smart_cane_system/lib/python3.12/site-packages/smart_cane_system
[2.461s] copying /home/ubuntu/smart-cane-system/build/smart_cane_system/build/lib/smart_cane_system/vibration_node.py -> /home/ubuntu/smart-cane-system/install/smart_cane_system/lib/python3.12/site-packages/smart_cane_system
[2.461s] copying /home/ubuntu/smart-cane-system/build/smart_cane_system/build/lib/smart_cane_system/yolo_detection_node.py -> /home/ubuntu/smart-cane-system/install/smart_cane_system/lib/python3.12/site-packages/smart_cane_system
[2.461s] copying /home/ubuntu/smart-cane-system/build/smart_cane_system/build/lib/smart_cane_system/ultrasonic_node.py -> /home/ubuntu/smart-cane-system/install/smart_cane_system/lib/python3.12/site-packages/smart_cane_system
[2.461s] copying /home/ubuntu/smart-cane-system/build/smart_cane_system/build/lib/smart_cane_system/obstacle_fusion.py -> /home/ubuntu/smart-cane-system/install/smart_cane_system/lib/python3.12/site-packages/smart_cane_system
[2.462s] copying /home/ubuntu/smart-cane-system/build/smart_cane_system/build/lib/smart_cane_system/__init__.py -> /home/ubuntu/smart-cane-system/install/smart_cane_system/lib/python3.12/site-packages/smart_cane_system
[2.462s] copying /home/ubuntu/smart-cane-system/build/smart_cane_system/build/lib/smart_cane_system/camera_node.py -> /home/ubuntu/smart-cane-system/install/smart_cane_system/lib/python3.12/site-packages/smart_cane_system
[2.462s] copying /home/ubuntu/smart-cane-system/build/smart_cane_system/build/lib/smart_cane_system/speaker_node.py -> /home/ubuntu/smart-cane-system/install/smart_cane_system/lib/python3.12/site-packages/smart_cane_system
[2.462s] byte-compiling /home/ubuntu/smart-cane-system/install/smart_cane_system/lib/python3.12/site-packages/smart_cane_system/vibration_node.py to vibration_node.cpython-312.pyc
[2.465s] byte-compiling /home/ubuntu/smart-cane-system/install/smart_cane_system/lib/python3.12/site-packages/smart_cane_system/yolo_detection_node.py to yolo_detection_node.cpython-312.pyc
[2.469s] byte-compiling /home/ubuntu/smart-cane-system/install/smart_cane_system/lib/python3.12/site-packages/smart_cane_system/ultrasonic_node.py to ultrasonic_node.cpython-312.pyc
[2.472s] byte-compiling /home/ubuntu/smart-cane-system/install/smart_cane_system/lib/python3.12/site-packages/smart_cane_system/obstacle_fusion.py to obstacle_fusion.cpython-312.pyc
[2.475s] byte-compiling /home/ubuntu/smart-cane-system/install/smart_cane_system/lib/python3.12/site-packages/smart_cane_system/__init__.py to __init__.cpython-312.pyc
[2.475s] byte-compiling /home/ubuntu/smart-cane-system/install/smart_cane_system/lib/python3.12/site-packages/smart_cane_system/camera_node.py to camera_node.cpython-312.pyc
[2.476s] byte-compiling /home/ubuntu/smart-cane-system/install/smart_cane_system/lib/python3.12/site-packages/smart_cane_system/speaker_node.py to speaker_node.cpython-312.pyc
[2.477s] running install_data
[2.478s] creating /home/ubuntu/smart-cane-system/install/smart_cane_system/share/ament_index
[2.478s] creating /home/ubuntu/smart-cane-system/install/smart_cane_system/share/ament_index/resource_index
[2.478s] creating /home/ubuntu/smart-cane-system/install/smart_cane_system/share/ament_index/resource_index/packages
[2.478s] copying resource/smart_cane_system -> /home/ubuntu/smart-cane-system/install/smart_cane_system/share/ament_index/resource_index/packages
[2.479s] copying package.xml -> /home/ubuntu/smart-cane-system/install/smart_cane_system/share/smart_cane_system
[2.479s] creating /home/ubuntu/smart-cane-system/install/smart_cane_system/share/smart_cane_system/launch
[2.479s] running install_egg_info
[2.511s] Copying ../../build/smart_cane_system/smart_cane_system.egg-info to /home/ubuntu/smart-cane-system/install/smart_cane_system/lib/python3.12/site-packages/smart_cane_system-0.0.0-py3.12.egg-info
[2.513s] running install_scripts
[2.720s] Installing camera_node script to /home/ubuntu/smart-cane-system/install/smart_cane_system/lib/smart_cane_system
[2.720s] Installing obstacle_fusion_node script to /home/ubuntu/smart-cane-system/install/smart_cane_system/lib/smart_cane_system
[2.720s] Installing speaker_node script to /home/ubuntu/smart-cane-system/install/smart_cane_system/lib/smart_cane_system
[2.721s] Installing ultrasonic_node script to /home/ubuntu/smart-cane-system/install/smart_cane_system/lib/smart_cane_system
[2.721s] Installing vibration_node script to /home/ubuntu/smart-cane-system/install/smart_cane_system/lib/smart_cane_system
[2.721s] Installing yolo_detection_node script to /home/ubuntu/smart-cane-system/install/smart_cane_system/lib/smart_cane_system
[2.721s] writing list of installed files to '/home/ubuntu/smart-cane-system/build/smart_cane_system/install.log'
[2.842s] Invoked command in '/home/ubuntu/smart-cane-system/src/smart_cane_system' returned '0': AMENT_PREFIX_PATH=/home/ubuntu/smart-cane-system/install/smart_cane_interfaces:${AMENT_PREFIX_PATH} CMAKE_PREFIX_PATH=/home/ubuntu/smart-cane-system/install/smart_cane_interfaces:${CMAKE_PREFIX_PATH} DEBUGINFOD_URLS=https://debuginfod.ubuntu.com LD_LIBRARY_PATH=/home/ubuntu/smart-cane-system/install/smart_cane_interfaces/lib:${LD_LIBRARY_PATH} PYTHONPATH=/home/ubuntu/smart-cane-system/build/smart_cane_system/prefix_override:/usr/lib/python3/dist-packages/colcon_core/task/python/colcon_distutils_commands:/home/ubuntu/smart-cane-system/install/smart_cane_system/lib/python3.12/site-packages:/home/ubuntu/smart-cane-system/install/smart_cane_interfaces/lib/python3.12/site-packages:${PYTHONPATH} /usr/bin/python3 -W ignore:setup.py install is deprecated -W ignore:easy_install command is deprecated setup.py egg_info --egg-base ../../build/smart_cane_system build --build-base /home/ubuntu/smart-cane-system/build/smart_cane_system/build install --record /home/ubuntu/smart-cane-system/build/smart_cane_system/install.log --single-version-externally-managed install_data
