running egg_info
creating ../../build/smart_cane_system/smart_cane_system.egg-info
writing ../../build/smart_cane_system/smart_cane_system.egg-info/PKG-INFO
writing dependency_links to ../../build/smart_cane_system/smart_cane_system.egg-info/dependency_links.txt
writing entry points to ../../build/smart_cane_system/smart_cane_system.egg-info/entry_points.txt
writing requirements to ../../build/smart_cane_system/smart_cane_system.egg-info/requires.txt
writing top-level names to ../../build/smart_cane_system/smart_cane_system.egg-info/top_level.txt
writing manifest file '../../build/smart_cane_system/smart_cane_system.egg-info/SOURCES.txt'
reading manifest file '../../build/smart_cane_system/smart_cane_system.egg-info/SOURCES.txt'
writing manifest file '../../build/smart_cane_system/smart_cane_system.egg-info/SOURCES.txt'
running build
running build_py
creating /home/sashwat/smart-cane-system/build/smart_cane_system/build
creating /home/sashwat/smart-cane-system/build/smart_cane_system/build/lib
creating /home/sashwat/smart-cane-system/build/smart_cane_system/build/lib/smart_cane_system
copying smart_cane_system/vibration_node.py -> /home/sashwat/smart-cane-system/build/smart_cane_system/build/lib/smart_cane_system
copying smart_cane_system/yolo_detection_node.py -> /home/sashwat/smart-cane-system/build/smart_cane_system/build/lib/smart_cane_system
copying smart_cane_system/ultrasonic_node.py -> /home/sashwat/smart-cane-system/build/smart_cane_system/build/lib/smart_cane_system
copying smart_cane_system/__init__.py -> /home/sashwat/smart-cane-system/build/smart_cane_system/build/lib/smart_cane_system
copying smart_cane_system/camera_node.py -> /home/sashwat/smart-cane-system/build/smart_cane_system/build/lib/smart_cane_system
copying smart_cane_system/obstacle_fushion.py -> /home/sashwat/smart-cane-system/build/smart_cane_system/build/lib/smart_cane_system
copying smart_cane_system/speaker_node.py -> /home/sashwat/smart-cane-system/build/smart_cane_system/build/lib/smart_cane_system
running install
running install_lib
creating /home/sashwat/smart-cane-system/install/smart_cane_system/lib/python3.12/site-packages/smart_cane_system
copying /home/sashwat/smart-cane-system/build/smart_cane_system/build/lib/smart_cane_system/vibration_node.py -> /home/sashwat/smart-cane-system/install/smart_cane_system/lib/python3.12/site-packages/smart_cane_system
copying /home/sashwat/smart-cane-system/build/smart_cane_system/build/lib/smart_cane_system/yolo_detection_node.py -> /home/sashwat/smart-cane-system/install/smart_cane_system/lib/python3.12/site-packages/smart_cane_system
copying /home/sashwat/smart-cane-system/build/smart_cane_system/build/lib/smart_cane_system/ultrasonic_node.py -> /home/sashwat/smart-cane-system/install/smart_cane_system/lib/python3.12/site-packages/smart_cane_system
copying /home/sashwat/smart-cane-system/build/smart_cane_system/build/lib/smart_cane_system/__init__.py -> /home/sashwat/smart-cane-system/install/smart_cane_system/lib/python3.12/site-packages/smart_cane_system
copying /home/sashwat/smart-cane-system/build/smart_cane_system/build/lib/smart_cane_system/camera_node.py -> /home/sashwat/smart-cane-system/install/smart_cane_system/lib/python3.12/site-packages/smart_cane_system
copying /home/sashwat/smart-cane-system/build/smart_cane_system/build/lib/smart_cane_system/obstacle_fushion.py -> /home/sashwat/smart-cane-system/install/smart_cane_system/lib/python3.12/site-packages/smart_cane_system
copying /home/sashwat/smart-cane-system/build/smart_cane_system/build/lib/smart_cane_system/speaker_node.py -> /home/sashwat/smart-cane-system/install/smart_cane_system/lib/python3.12/site-packages/smart_cane_system
byte-compiling /home/sashwat/smart-cane-system/install/smart_cane_system/lib/python3.12/site-packages/smart_cane_system/vibration_node.py to vibration_node.cpython-312.pyc
byte-compiling /home/sashwat/smart-cane-system/install/smart_cane_system/lib/python3.12/site-packages/smart_cane_system/yolo_detection_node.py to yolo_detection_node.cpython-312.pyc
byte-compiling /home/sashwat/smart-cane-system/install/smart_cane_system/lib/python3.12/site-packages/smart_cane_system/ultrasonic_node.py to ultrasonic_node.cpython-312.pyc
byte-compiling /home/sashwat/smart-cane-system/install/smart_cane_system/lib/python3.12/site-packages/smart_cane_system/__init__.py to __init__.cpython-312.pyc
byte-compiling /home/sashwat/smart-cane-system/install/smart_cane_system/lib/python3.12/site-packages/smart_cane_system/camera_node.py to camera_node.cpython-312.pyc
byte-compiling /home/sashwat/smart-cane-system/install/smart_cane_system/lib/python3.12/site-packages/smart_cane_system/obstacle_fushion.py to obstacle_fushion.cpython-312.pyc
byte-compiling /home/sashwat/smart-cane-system/install/smart_cane_system/lib/python3.12/site-packages/smart_cane_system/speaker_node.py to speaker_node.cpython-312.pyc
running install_data
creating /home/sashwat/smart-cane-system/install/smart_cane_system/share/ament_index
creating /home/sashwat/smart-cane-system/install/smart_cane_system/share/ament_index/resource_index
creating /home/sashwat/smart-cane-system/install/smart_cane_system/share/ament_index/resource_index/packages
copying resource/smart_cane_system -> /home/sashwat/smart-cane-system/install/smart_cane_system/share/ament_index/resource_index/packages
copying package.xml -> /home/sashwat/smart-cane-system/install/smart_cane_system/share/smart_cane_system
creating /home/sashwat/smart-cane-system/install/smart_cane_system/share/smart_cane_system/launch
running install_egg_info
Copying ../../build/smart_cane_system/smart_cane_system.egg-info to /home/sashwat/smart-cane-system/install/smart_cane_system/lib/python3.12/site-packages/smart_cane_system-0.0.0-py3.12.egg-info
running install_scripts
Installing camera_node script to /home/sashwat/smart-cane-system/install/smart_cane_system/lib/smart_cane_system
Installing obstacle_fusion_node script to /home/sashwat/smart-cane-system/install/smart_cane_system/lib/smart_cane_system
Installing speaker_node script to /home/sashwat/smart-cane-system/install/smart_cane_system/lib/smart_cane_system
Installing ultrasonic_node script to /home/sashwat/smart-cane-system/install/smart_cane_system/lib/smart_cane_system
Installing vibration_node script to /home/sashwat/smart-cane-system/install/smart_cane_system/lib/smart_cane_system
Installing yolo_detection_node script to /home/sashwat/smart-cane-system/install/smart_cane_system/lib/smart_cane_system
writing list of installed files to '/home/sashwat/smart-cane-system/build/smart_cane_system/install.log'
