[1.744s] Invoking command in '/home/sashwat/smart-cane-system/src/smart_cane_system': AMENT_PREFIX_PATH=/home/sashwat/smart-cane-system/install/smart_cane_interfaces:${AMENT_PREFIX_PATH} CMAKE_PREFIX_PATH=/home/sashwat/smart-cane-system/install/smart_cane_interfaces:${CMAKE_PREFIX_PATH} DEBUGINFOD_URLS=https://debuginfod.ubuntu.com LD_LIBRARY_PATH=/home/sashwat/smart-cane-system/install/smart_cane_interfaces/lib:${LD_LIBRARY_PATH} PYTHONPATH=/home/sashwat/smart-cane-system/build/smart_cane_system/prefix_override:/usr/lib/python3/dist-packages/colcon_core/task/python/colcon_distutils_commands:/home/sashwat/smart-cane-system/install/smart_cane_system/lib/python3.12/site-packages:/home/sashwat/smart-cane-system/install/smart_cane_interfaces/lib/python3.12/site-packages:${PYTHONPATH} /usr/bin/python3 -W ignore:setup.py install is deprecated -W ignore:easy_install command is deprecated setup.py egg_info --egg-base ../../build/smart_cane_system build --build-base /home/sashwat/smart-cane-system/build/smart_cane_system/build install --record /home/sashwat/smart-cane-system/build/smart_cane_system/install.log --single-version-externally-managed install_data
[2.146s] running egg_info
[2.146s] creating ../../build/smart_cane_system/smart_cane_system.egg-info
[2.174s] writing ../../build/smart_cane_system/smart_cane_system.egg-info/PKG-INFO
[2.174s] writing dependency_links to ../../build/smart_cane_system/smart_cane_system.egg-info/dependency_links.txt
[2.175s] writing entry points to ../../build/smart_cane_system/smart_cane_system.egg-info/entry_points.txt
[2.175s] writing requirements to ../../build/smart_cane_system/smart_cane_system.egg-info/requires.txt
[2.175s] writing top-level names to ../../build/smart_cane_system/smart_cane_system.egg-info/top_level.txt
[2.175s] writing manifest file '../../build/smart_cane_system/smart_cane_system.egg-info/SOURCES.txt'
[2.232s] reading manifest file '../../build/smart_cane_system/smart_cane_system.egg-info/SOURCES.txt'
[2.233s] writing manifest file '../../build/smart_cane_system/smart_cane_system.egg-info/SOURCES.txt'
[2.233s] running build
[2.233s] running build_py
[2.233s] creating /home/sashwat/smart-cane-system/build/smart_cane_system/build
[2.233s] creating /home/sashwat/smart-cane-system/build/smart_cane_system/build/lib
[2.233s] creating /home/sashwat/smart-cane-system/build/smart_cane_system/build/lib/smart_cane_system
[2.234s] copying smart_cane_system/vibration_node.py -> /home/sashwat/smart-cane-system/build/smart_cane_system/build/lib/smart_cane_system
[2.234s] copying smart_cane_system/yolo_detection_node.py -> /home/sashwat/smart-cane-system/build/smart_cane_system/build/lib/smart_cane_system
[2.234s] copying smart_cane_system/ultrasonic_node.py -> /home/sashwat/smart-cane-system/build/smart_cane_system/build/lib/smart_cane_system
[2.234s] copying smart_cane_system/__init__.py -> /home/sashwat/smart-cane-system/build/smart_cane_system/build/lib/smart_cane_system
[2.234s] copying smart_cane_system/camera_node.py -> /home/sashwat/smart-cane-system/build/smart_cane_system/build/lib/smart_cane_system
[2.234s] copying smart_cane_system/obstacle_fushion.py -> /home/sashwat/smart-cane-system/build/smart_cane_system/build/lib/smart_cane_system
[2.234s] copying smart_cane_system/speaker_node.py -> /home/sashwat/smart-cane-system/build/smart_cane_system/build/lib/smart_cane_system
[2.235s] running install
[2.245s] running install_lib
[2.273s] creating /home/sashwat/smart-cane-system/install/smart_cane_system/lib/python3.12/site-packages/smart_cane_system
[2.273s] copying /home/sashwat/smart-cane-system/build/smart_cane_system/build/lib/smart_cane_system/vibration_node.py -> /home/sashwat/smart-cane-system/install/smart_cane_system/lib/python3.12/site-packages/smart_cane_system
[2.274s] copying /home/sashwat/smart-cane-system/build/smart_cane_system/build/lib/smart_cane_system/yolo_detection_node.py -> /home/sashwat/smart-cane-system/install/smart_cane_system/lib/python3.12/site-packages/smart_cane_system
[2.274s] copying /home/sashwat/smart-cane-system/build/smart_cane_system/build/lib/smart_cane_system/ultrasonic_node.py -> /home/sashwat/smart-cane-system/install/smart_cane_system/lib/python3.12/site-packages/smart_cane_system
[2.274s] copying /home/sashwat/smart-cane-system/build/smart_cane_system/build/lib/smart_cane_system/__init__.py -> /home/sashwat/smart-cane-system/install/smart_cane_system/lib/python3.12/site-packages/smart_cane_system
[2.274s] copying /home/sashwat/smart-cane-system/build/smart_cane_system/build/lib/smart_cane_system/camera_node.py -> /home/sashwat/smart-cane-system/install/smart_cane_system/lib/python3.12/site-packages/smart_cane_system
[2.274s] copying /home/sashwat/smart-cane-system/build/smart_cane_system/build/lib/smart_cane_system/obstacle_fushion.py -> /home/sashwat/smart-cane-system/install/smart_cane_system/lib/python3.12/site-packages/smart_cane_system
[2.274s] copying /home/sashwat/smart-cane-system/build/smart_cane_system/build/lib/smart_cane_system/speaker_node.py -> /home/sashwat/smart-cane-system/install/smart_cane_system/lib/python3.12/site-packages/smart_cane_system
[2.277s] byte-compiling /home/sashwat/smart-cane-system/install/smart_cane_system/lib/python3.12/site-packages/smart_cane_system/vibration_node.py to vibration_node.cpython-312.pyc
[2.280s] byte-compiling /home/sashwat/smart-cane-system/install/smart_cane_system/lib/python3.12/site-packages/smart_cane_system/yolo_detection_node.py to yolo_detection_node.cpython-312.pyc
[2.281s] byte-compiling /home/sashwat/smart-cane-system/install/smart_cane_system/lib/python3.12/site-packages/smart_cane_system/ultrasonic_node.py to ultrasonic_node.cpython-312.pyc
[2.283s] byte-compiling /home/sashwat/smart-cane-system/install/smart_cane_system/lib/python3.12/site-packages/smart_cane_system/__init__.py to __init__.cpython-312.pyc
[2.283s] byte-compiling /home/sashwat/smart-cane-system/install/smart_cane_system/lib/python3.12/site-packages/smart_cane_system/camera_node.py to camera_node.cpython-312.pyc
[2.284s] byte-compiling /home/sashwat/smart-cane-system/install/smart_cane_system/lib/python3.12/site-packages/smart_cane_system/obstacle_fushion.py to obstacle_fushion.cpython-312.pyc
[2.287s] byte-compiling /home/sashwat/smart-cane-system/install/smart_cane_system/lib/python3.12/site-packages/smart_cane_system/speaker_node.py to speaker_node.cpython-312.pyc
[2.287s] running install_data
[2.287s] creating /home/sashwat/smart-cane-system/install/smart_cane_system/share/ament_index
[2.288s] creating /home/sashwat/smart-cane-system/install/smart_cane_system/share/ament_index/resource_index
[2.288s] creating /home/sashwat/smart-cane-system/install/smart_cane_system/share/ament_index/resource_index/packages
[2.288s] copying resource/smart_cane_system -> /home/sashwat/smart-cane-system/install/smart_cane_system/share/ament_index/resource_index/packages
[2.288s] copying package.xml -> /home/sashwat/smart-cane-system/install/smart_cane_system/share/smart_cane_system
[2.288s] creating /home/sashwat/smart-cane-system/install/smart_cane_system/share/smart_cane_system/launch
[2.288s] running install_egg_info
[2.318s] Copying ../../build/smart_cane_system/smart_cane_system.egg-info to /home/sashwat/smart-cane-system/install/smart_cane_system/lib/python3.12/site-packages/smart_cane_system-0.0.0-py3.12.egg-info
[2.319s] running install_scripts
[2.521s] Installing camera_node script to /home/sashwat/smart-cane-system/install/smart_cane_system/lib/smart_cane_system
[2.521s] Installing obstacle_fusion_node script to /home/sashwat/smart-cane-system/install/smart_cane_system/lib/smart_cane_system
[2.521s] Installing speaker_node script to /home/sashwat/smart-cane-system/install/smart_cane_system/lib/smart_cane_system
[2.522s] Installing ultrasonic_node script to /home/sashwat/smart-cane-system/install/smart_cane_system/lib/smart_cane_system
[2.522s] Installing vibration_node script to /home/sashwat/smart-cane-system/install/smart_cane_system/lib/smart_cane_system
[2.522s] Installing yolo_detection_node script to /home/sashwat/smart-cane-system/install/smart_cane_system/lib/smart_cane_system
[2.522s] writing list of installed files to '/home/sashwat/smart-cane-system/build/smart_cane_system/install.log'
[2.626s] Invoked command in '/home/sashwat/smart-cane-system/src/smart_cane_system' returned '0': AMENT_PREFIX_PATH=/home/sashwat/smart-cane-system/install/smart_cane_interfaces:${AMENT_PREFIX_PATH} CMAKE_PREFIX_PATH=/home/sashwat/smart-cane-system/install/smart_cane_interfaces:${CMAKE_PREFIX_PATH} DEBUGINFOD_URLS=https://debuginfod.ubuntu.com LD_LIBRARY_PATH=/home/sashwat/smart-cane-system/install/smart_cane_interfaces/lib:${LD_LIBRARY_PATH} PYTHONPATH=/home/sashwat/smart-cane-system/build/smart_cane_system/prefix_override:/usr/lib/python3/dist-packages/colcon_core/task/python/colcon_distutils_commands:/home/sashwat/smart-cane-system/install/smart_cane_system/lib/python3.12/site-packages:/home/sashwat/smart-cane-system/install/smart_cane_interfaces/lib/python3.12/site-packages:${PYTHONPATH} /usr/bin/python3 -W ignore:setup.py install is deprecated -W ignore:easy_install command is deprecated setup.py egg_info --egg-base ../../build/smart_cane_system build --build-base /home/sashwat/smart-cane-system/build/smart_cane_system/build install --record /home/sashwat/smart-cane-system/build/smart_cane_system/install.log --single-version-externally-managed install_data
