-- The C compiler identification is GNU 13.3.0
-- The CXX compiler identification is GNU 13.3.0
-- Detecting C compiler ABI info
-- Detecting C compiler ABI info - done
-- Check for working C compiler: /usr/bin/cc - skipped
-- Detecting C compile features
-- Detecting C compile features - done
-- Detecting CXX compiler ABI info
-- Detecting CXX compiler ABI info - done
-- Check for working CXX compiler: /usr/bin/c++ - skipped
-- Detecting CXX compile features
-- Detecting CXX compile features - done
-- Found ament_cmake: 2.5.4 (/opt/ros/jazzy/share/ament_cmake/cmake)
-- Found Python3: /usr/bin/python3 (found version "3.12.3") found components: Interpreter 
-- Found std_msgs: 5.3.6 (/opt/ros/jazzy/share/std_msgs/cmake)
-- Found rosidl_generator_c: 4.6.5 (/opt/ros/jazzy/share/rosidl_generator_c/cmake)
-- Found rosidl_generator_cpp: 4.6.5 (/opt/ros/jazzy/share/rosidl_generator_cpp/cmake)
-- Using all available rosidl_typesupport_c: rosidl_typesupport_fastrtps_c;rosidl_typesupport_introspection_c
-- Using all available rosidl_typesupport_cpp: rosidl_typesupport_fastrtps_cpp;rosidl_typesupport_introspection_cpp
-- Found sensor_msgs: 5.3.6 (/opt/ros/jazzy/share/sensor_msgs/cmake)
-- Found rosidl_default_generators: 1.6.0 (/opt/ros/jazzy/share/rosidl_default_generators/cmake)
-- Found rosidl_adapter: 4.6.5 (/opt/ros/jazzy/share/rosidl_adapter/cmake)
-- Found ament_cmake_ros: 0.12.0 (/opt/ros/jazzy/share/ament_cmake_ros/cmake)
-- Using all available rosidl_typesupport_c: rosidl_typesupport_fastrtps_c;rosidl_typesupport_introspection_c
-- Using all available rosidl_typesupport_cpp: rosidl_typesupport_fastrtps_cpp;rosidl_typesupport_introspection_cpp
-- Found python_cmake_module: 0.11.1 (/opt/ros/jazzy/share/python_cmake_module/cmake)
-- Found PythonExtra: /usr/bin/python3  
-- Found Python3: /usr/bin/python3 (found version "3.12.3") found components: Interpreter Development NumPy Development.Module Development.Embed 
-- Found ament_lint_auto: 0.17.2 (/opt/ros/jazzy/share/ament_lint_auto/cmake)
-- Added test 'lint_cmake' to check CMake code style
-- Added test 'xmllint' to check XML markup files
-- Configuring done (8.3s)
-- Generating done (0.1s)
-- Build files have been written to: /home/ubuntu/smart-cane-system/build/smart_cane_interfaces
[  1%] [34m[1mGenerating type hashes for ROS interfaces[0m
[  1%] Built target ament_cmake_python_copy_smart_cane_interfaces
running egg_info
creating smart_cane_interfaces.egg-info
[  1%] Built target smart_cane_interfaces__rosidl_generator_type_description
[  3%] [34m[1mGenerating C code for ROS interfaces[0m
writing smart_cane_interfaces.egg-info/PKG-INFO
writing dependency_links to smart_cane_interfaces.egg-info/dependency_links.txt
writing top-level names to smart_cane_interfaces.egg-info/top_level.txt
writing manifest file 'smart_cane_interfaces.egg-info/SOURCES.txt'
[  5%] [34m[1mGenerating C++ code for ROS interfaces[0m
reading manifest file 'smart_cane_interfaces.egg-info/SOURCES.txt'
writing manifest file 'smart_cane_interfaces.egg-info/SOURCES.txt'
[  5%] Built target ament_cmake_python_build_smart_cane_interfaces_egg
[  5%] Built target smart_cane_interfaces__cpp
[  9%] [32mBuilding C object CMakeFiles/smart_cane_interfaces__rosidl_generator_c.dir/rosidl_generator_c/smart_cane_interfaces/msg/detail/ultrasonic_data__description.c.o[0m
[  9%] [32mBuilding C object CMakeFiles/smart_cane_interfaces__rosidl_generator_c.dir/rosidl_generator_c/smart_cane_interfaces/msg/detail/detection_result__description.c.o[0m
[ 11%] [32mBuilding C object CMakeFiles/smart_cane_interfaces__rosidl_generator_c.dir/rosidl_generator_c/smart_cane_interfaces/msg/detail/ultrasonic_data__functions.c.o[0m
[ 12%] [32mBuilding C object CMakeFiles/smart_cane_interfaces__rosidl_generator_c.dir/rosidl_generator_c/smart_cane_interfaces/msg/detail/ultrasonic_data__type_support.c.o[0m
[ 14%] [32mBuilding C object CMakeFiles/smart_cane_interfaces__rosidl_generator_c.dir/rosidl_generator_c/smart_cane_interfaces/msg/detail/detection_result__functions.c.o[0m
[ 16%] [32mBuilding C object CMakeFiles/smart_cane_interfaces__rosidl_generator_c.dir/rosidl_generator_c/smart_cane_interfaces/msg/detail/feedback_command__description.c.o[0m
[ 18%] [32mBuilding C object CMakeFiles/smart_cane_interfaces__rosidl_generator_c.dir/rosidl_generator_c/smart_cane_interfaces/msg/detail/detection_result__type_support.c.o[0m
[ 20%] [32mBuilding C object CMakeFiles/smart_cane_interfaces__rosidl_generator_c.dir/rosidl_generator_c/smart_cane_interfaces/msg/detail/feedback_command__functions.c.o[0m
[ 22%] [32mBuilding C object CMakeFiles/smart_cane_interfaces__rosidl_generator_c.dir/rosidl_generator_c/smart_cane_interfaces/msg/detail/feedback_command__type_support.c.o[0m
[ 24%] [32m[1mLinking C shared library libsmart_cane_interfaces__rosidl_generator_c.so[0m
[ 24%] Built target smart_cane_interfaces__rosidl_generator_c
[ 29%] [34m[1mGenerating C introspection for ROS interfaces[0m
[ 29%] [34m[1mGenerating C++ type support dispatch for ROS interfaces[0m
[ 29%] [34m[1mGenerating C++ type support for eProsima Fast-RTPS[0m
[ 31%] [34m[1mGenerating C type support for eProsima Fast-RTPS[0m
[ 33%] [32mBuilding CXX object CMakeFiles/smart_cane_interfaces__rosidl_typesupport_cpp.dir/rosidl_typesupport_cpp/smart_cane_interfaces/msg/ultrasonic_data__type_support.cpp.o[0m
[ 35%] [32mBuilding C object CMakeFiles/smart_cane_interfaces__rosidl_typesupport_introspection_c.dir/rosidl_typesupport_introspection_c/smart_cane_interfaces/msg/detail/ultrasonic_data__type_support.c.o[0m
[ 37%] [32mBuilding C object CMakeFiles/smart_cane_interfaces__rosidl_typesupport_introspection_c.dir/rosidl_typesupport_introspection_c/smart_cane_interfaces/msg/detail/detection_result__type_support.c.o[0m
[ 38%] [32mBuilding CXX object CMakeFiles/smart_cane_interfaces__rosidl_typesupport_fastrtps_cpp.dir/rosidl_typesupport_fastrtps_cpp/smart_cane_interfaces/msg/detail/dds_fastrtps/ultrasonic_data__type_support.cpp.o[0m
[ 40%] [32mBuilding CXX object CMakeFiles/smart_cane_interfaces__rosidl_typesupport_fastrtps_c.dir/rosidl_typesupport_fastrtps_c/smart_cane_interfaces/msg/detail/ultrasonic_data__type_support_c.cpp.o[0m
[ 42%] [32mBuilding C object CMakeFiles/smart_cane_interfaces__rosidl_typesupport_introspection_c.dir/rosidl_typesupport_introspection_c/smart_cane_interfaces/msg/detail/feedback_command__type_support.c.o[0m
[ 44%] [32m[1mLinking C shared library libsmart_cane_interfaces__rosidl_typesupport_introspection_c.so[0m
[ 44%] Built target smart_cane_interfaces__rosidl_typesupport_introspection_c
[ 46%] [32mBuilding CXX object CMakeFiles/smart_cane_interfaces__rosidl_typesupport_fastrtps_c.dir/rosidl_typesupport_fastrtps_c/smart_cane_interfaces/msg/detail/detection_result__type_support_c.cpp.o[0m
[ 48%] [32mBuilding CXX object CMakeFiles/smart_cane_interfaces__rosidl_typesupport_cpp.dir/rosidl_typesupport_cpp/smart_cane_interfaces/msg/detection_result__type_support.cpp.o[0m
[ 50%] [32mBuilding CXX object CMakeFiles/smart_cane_interfaces__rosidl_typesupport_fastrtps_cpp.dir/rosidl_typesupport_fastrtps_cpp/smart_cane_interfaces/msg/detail/dds_fastrtps/detection_result__type_support.cpp.o[0m
[ 51%] [32mBuilding CXX object CMakeFiles/smart_cane_interfaces__rosidl_typesupport_cpp.dir/rosidl_typesupport_cpp/smart_cane_interfaces/msg/feedback_command__type_support.cpp.o[0m
[ 53%] [32mBuilding CXX object CMakeFiles/smart_cane_interfaces__rosidl_typesupport_fastrtps_cpp.dir/rosidl_typesupport_fastrtps_cpp/smart_cane_interfaces/msg/detail/dds_fastrtps/feedback_command__type_support.cpp.o[0m
[ 55%] [32mBuilding CXX object CMakeFiles/smart_cane_interfaces__rosidl_typesupport_fastrtps_c.dir/rosidl_typesupport_fastrtps_c/smart_cane_interfaces/msg/detail/feedback_command__type_support_c.cpp.o[0m
[ 57%] [32m[1mLinking CXX shared library libsmart_cane_interfaces__rosidl_typesupport_cpp.so[0m
[ 57%] Built target smart_cane_interfaces__rosidl_typesupport_cpp
[ 59%] [34m[1mGenerating C type support dispatch for ROS interfaces[0m
[ 61%] [34m[1mGenerating C++ introspection for ROS interfaces[0m
[ 62%] [32m[1mLinking CXX shared library libsmart_cane_interfaces__rosidl_typesupport_fastrtps_cpp.so[0m
[ 64%] [32mBuilding CXX object CMakeFiles/smart_cane_interfaces__rosidl_typesupport_c.dir/rosidl_typesupport_c/smart_cane_interfaces/msg/ultrasonic_data__type_support.cpp.o[0m
[ 66%] [32m[1mLinking CXX shared library libsmart_cane_interfaces__rosidl_typesupport_fastrtps_c.so[0m
[ 66%] Built target smart_cane_interfaces__rosidl_typesupport_fastrtps_cpp
[ 68%] [32mBuilding CXX object CMakeFiles/smart_cane_interfaces__rosidl_typesupport_c.dir/rosidl_typesupport_c/smart_cane_interfaces/msg/detection_result__type_support.cpp.o[0m
[ 70%] [32mBuilding CXX object CMakeFiles/smart_cane_interfaces__rosidl_typesupport_c.dir/rosidl_typesupport_c/smart_cane_interfaces/msg/feedback_command__type_support.cpp.o[0m
[ 72%] [32m[1mLinking CXX shared library libsmart_cane_interfaces__rosidl_typesupport_c.so[0m
[ 72%] Built target smart_cane_interfaces__rosidl_typesupport_fastrtps_c
[ 72%] Built target smart_cane_interfaces__rosidl_typesupport_c
[ 77%] [32mBuilding CXX object CMakeFiles/smart_cane_interfaces__rosidl_typesupport_introspection_cpp.dir/rosidl_typesupport_introspection_cpp/smart_cane_interfaces/msg/detail/detection_result__type_support.cpp.o[0m
[ 77%] [32mBuilding CXX object CMakeFiles/smart_cane_interfaces__rosidl_typesupport_introspection_cpp.dir/rosidl_typesupport_introspection_cpp/smart_cane_interfaces/msg/detail/feedback_command__type_support.cpp.o[0m
[ 77%] [32mBuilding CXX object CMakeFiles/smart_cane_interfaces__rosidl_typesupport_introspection_cpp.dir/rosidl_typesupport_introspection_cpp/smart_cane_interfaces/msg/detail/ultrasonic_data__type_support.cpp.o[0m
[ 79%] [32m[1mLinking CXX shared library libsmart_cane_interfaces__rosidl_typesupport_introspection_cpp.so[0m
[ 79%] Built target smart_cane_interfaces__rosidl_typesupport_introspection_cpp
[ 79%] Built target smart_cane_interfaces
[ 81%] [34m[1mGenerating Python code for ROS interfaces[0m
[ 81%] Built target smart_cane_interfaces__py
[ 87%] [32mBuilding C object CMakeFiles/smart_cane_interfaces__rosidl_generator_py.dir/rosidl_generator_py/smart_cane_interfaces/msg/_ultrasonic_data_s.c.o[0m
[ 87%] [32mBuilding C object CMakeFiles/smart_cane_interfaces__rosidl_generator_py.dir/rosidl_generator_py/smart_cane_interfaces/msg/_feedback_command_s.c.o[0m
[ 87%] [32mBuilding C object CMakeFiles/smart_cane_interfaces__rosidl_generator_py.dir/rosidl_generator_py/smart_cane_interfaces/msg/_detection_result_s.c.o[0m
[ 88%] [32m[1mLinking C shared library libsmart_cane_interfaces__rosidl_generator_py.so[0m
[ 88%] Built target smart_cane_interfaces__rosidl_generator_py
[ 90%] [32mBuilding C object CMakeFiles/smart_cane_interfaces_s__rosidl_typesupport_fastrtps_c.dir/rosidl_generator_py/smart_cane_interfaces/_smart_cane_interfaces_s.ep.rosidl_typesupport_fastrtps_c.c.o[0m
[ 94%] [32mBuilding C object CMakeFiles/smart_cane_interfaces_s__rosidl_typesupport_c.dir/rosidl_generator_py/smart_cane_interfaces/_smart_cane_interfaces_s.ep.rosidl_typesupport_c.c.o[0m
[ 94%] [32mBuilding C object CMakeFiles/smart_cane_interfaces_s__rosidl_typesupport_introspection_c.dir/rosidl_generator_py/smart_cane_interfaces/_smart_cane_interfaces_s.ep.rosidl_typesupport_introspection_c.c.o[0m
[ 98%] [32m[1mLinking C shared module rosidl_generator_py/smart_cane_interfaces/smart_cane_interfaces_s__rosidl_typesupport_introspection_c.so[0m
[ 98%] [32m[1mLinking C shared module rosidl_generator_py/smart_cane_interfaces/smart_cane_interfaces_s__rosidl_typesupport_fastrtps_c.so[0m
[100%] [32m[1mLinking C shared module rosidl_generator_py/smart_cane_interfaces/smart_cane_interfaces_s__rosidl_typesupport_c.so[0m
[100%] Built target smart_cane_interfaces_s__rosidl_typesupport_fastrtps_c
[100%] Built target smart_cane_interfaces_s__rosidl_typesupport_introspection_c
[100%] Built target smart_cane_interfaces_s__rosidl_typesupport_c
-- Install configuration: ""
-- Installing: /home/ubuntu/smart-cane-system/install/smart_cane_interfaces/share/ament_index/resource_index/rosidl_interfaces/smart_cane_interfaces
-- Installing: /home/ubuntu/smart-cane-system/install/smart_cane_interfaces/share/smart_cane_interfaces/msg/UltrasonicData.json
-- Installing: /home/ubuntu/smart-cane-system/install/smart_cane_interfaces/share/smart_cane_interfaces/msg/DetectionResult.json
-- Installing: /home/ubuntu/smart-cane-system/install/smart_cane_interfaces/share/smart_cane_interfaces/msg/FeedbackCommand.json
-- Installing: /home/ubuntu/smart-cane-system/install/smart_cane_interfaces/include/smart_cane_interfaces/smart_cane_interfaces
-- Installing: /home/ubuntu/smart-cane-system/install/smart_cane_interfaces/include/smart_cane_interfaces/smart_cane_interfaces/msg
-- Installing: /home/ubuntu/smart-cane-system/install/smart_cane_interfaces/include/smart_cane_interfaces/smart_cane_interfaces/msg/feedback_command.h
-- Installing: /home/ubuntu/smart-cane-system/install/smart_cane_interfaces/include/smart_cane_interfaces/smart_cane_interfaces/msg/rosidl_generator_c__visibility_control.h
-- Installing: /home/ubuntu/smart-cane-system/install/smart_cane_interfaces/include/smart_cane_interfaces/smart_cane_interfaces/msg/detail
-- Installing: /home/ubuntu/smart-cane-system/install/smart_cane_interfaces/include/smart_cane_interfaces/smart_cane_interfaces/msg/detail/detection_result__functions.h
-- Installing: /home/ubuntu/smart-cane-system/install/smart_cane_interfaces/include/smart_cane_interfaces/smart_cane_interfaces/msg/detail/feedback_command__struct.h
-- Installing: /home/ubuntu/smart-cane-system/install/smart_cane_interfaces/include/smart_cane_interfaces/smart_cane_interfaces/msg/detail/ultrasonic_data__struct.h
-- Installing: /home/ubuntu/smart-cane-system/install/smart_cane_interfaces/include/smart_cane_interfaces/smart_cane_interfaces/msg/detail/detection_result__description.c
-- Installing: /home/ubuntu/smart-cane-system/install/smart_cane_interfaces/include/smart_cane_interfaces/smart_cane_interfaces/msg/detail/detection_result__functions.c
-- Installing: /home/ubuntu/smart-cane-system/install/smart_cane_interfaces/include/smart_cane_interfaces/smart_cane_interfaces/msg/detail/feedback_command__type_support.c
-- Installing: /home/ubuntu/smart-cane-system/install/smart_cane_interfaces/include/smart_cane_interfaces/smart_cane_interfaces/msg/detail/feedback_command__functions.h
-- Installing: /home/ubuntu/smart-cane-system/install/smart_cane_interfaces/include/smart_cane_interfaces/smart_cane_interfaces/msg/detail/ultrasonic_data__functions.c
-- Installing: /home/ubuntu/smart-cane-system/install/smart_cane_interfaces/include/smart_cane_interfaces/smart_cane_interfaces/msg/detail/detection_result__type_support.h
-- Installing: /home/ubuntu/smart-cane-system/install/smart_cane_interfaces/include/smart_cane_interfaces/smart_cane_interfaces/msg/detail/detection_result__type_support.c
-- Installing: /home/ubuntu/smart-cane-system/install/smart_cane_interfaces/include/smart_cane_interfaces/smart_cane_interfaces/msg/detail/ultrasonic_data__type_support.c
-- Installing: /home/ubuntu/smart-cane-system/install/smart_cane_interfaces/include/smart_cane_interfaces/smart_cane_interfaces/msg/detail/feedback_command__functions.c
-- Installing: /home/ubuntu/smart-cane-system/install/smart_cane_interfaces/include/smart_cane_interfaces/smart_cane_interfaces/msg/detail/ultrasonic_data__description.c
-- Installing: /home/ubuntu/smart-cane-system/install/smart_cane_interfaces/include/smart_cane_interfaces/smart_cane_interfaces/msg/detail/feedback_command__description.c
-- Installing: /home/ubuntu/smart-cane-system/install/smart_cane_interfaces/include/smart_cane_interfaces/smart_cane_interfaces/msg/detail/ultrasonic_data__type_support.h
-- Installing: /home/ubuntu/smart-cane-system/install/smart_cane_interfaces/include/smart_cane_interfaces/smart_cane_interfaces/msg/detail/feedback_command__type_support.h
-- Installing: /home/ubuntu/smart-cane-system/install/smart_cane_interfaces/include/smart_cane_interfaces/smart_cane_interfaces/msg/detail/ultrasonic_data__functions.h
-- Installing: /home/ubuntu/smart-cane-system/install/smart_cane_interfaces/include/smart_cane_interfaces/smart_cane_interfaces/msg/detail/detection_result__struct.h
-- Installing: /home/ubuntu/smart-cane-system/install/smart_cane_interfaces/include/smart_cane_interfaces/smart_cane_interfaces/msg/ultrasonic_data.h
-- Installing: /home/ubuntu/smart-cane-system/install/smart_cane_interfaces/include/smart_cane_interfaces/smart_cane_interfaces/msg/detection_result.h
-- Installing: /home/ubuntu/smart-cane-system/install/smart_cane_interfaces/share/smart_cane_interfaces/environment/library_path.sh
-- Installing: /home/ubuntu/smart-cane-system/install/smart_cane_interfaces/share/smart_cane_interfaces/environment/library_path.dsv
-- Installing: /home/ubuntu/smart-cane-system/install/smart_cane_interfaces/lib/libsmart_cane_interfaces__rosidl_generator_c.so
-- Set non-toolchain portion of runtime path of "/home/ubuntu/smart-cane-system/install/smart_cane_interfaces/lib/libsmart_cane_interfaces__rosidl_generator_c.so" to ""
-- Up-to-date: /home/ubuntu/smart-cane-system/install/smart_cane_interfaces/include/smart_cane_interfaces/smart_cane_interfaces
-- Up-to-date: /home/ubuntu/smart-cane-system/install/smart_cane_interfaces/include/smart_cane_interfaces/smart_cane_interfaces/msg
-- Installing: /home/ubuntu/smart-cane-system/install/smart_cane_interfaces/include/smart_cane_interfaces/smart_cane_interfaces/msg/rosidl_typesupport_fastrtps_c__visibility_control.h
-- Up-to-date: /home/ubuntu/smart-cane-system/install/smart_cane_interfaces/include/smart_cane_interfaces/smart_cane_interfaces/msg/detail
-- Installing: /home/ubuntu/smart-cane-system/install/smart_cane_interfaces/include/smart_cane_interfaces/smart_cane_interfaces/msg/detail/feedback_command__rosidl_typesupport_fastrtps_c.h
-- Installing: /home/ubuntu/smart-cane-system/install/smart_cane_interfaces/include/smart_cane_interfaces/smart_cane_interfaces/msg/detail/detection_result__rosidl_typesupport_fastrtps_c.h
-- Installing: /home/ubuntu/smart-cane-system/install/smart_cane_interfaces/include/smart_cane_interfaces/smart_cane_interfaces/msg/detail/ultrasonic_data__rosidl_typesupport_fastrtps_c.h
-- Installing: /home/ubuntu/smart-cane-system/install/smart_cane_interfaces/lib/libsmart_cane_interfaces__rosidl_typesupport_fastrtps_c.so
-- Set non-toolchain portion of runtime path of "/home/ubuntu/smart-cane-system/install/smart_cane_interfaces/lib/libsmart_cane_interfaces__rosidl_typesupport_fastrtps_c.so" to ""
-- Up-to-date: /home/ubuntu/smart-cane-system/install/smart_cane_interfaces/include/smart_cane_interfaces/smart_cane_interfaces
-- Up-to-date: /home/ubuntu/smart-cane-system/install/smart_cane_interfaces/include/smart_cane_interfaces/smart_cane_interfaces/msg
-- Installing: /home/ubuntu/smart-cane-system/install/smart_cane_interfaces/include/smart_cane_interfaces/smart_cane_interfaces/msg/feedback_command.hpp
-- Installing: /home/ubuntu/smart-cane-system/install/smart_cane_interfaces/include/smart_cane_interfaces/smart_cane_interfaces/msg/detection_result.hpp
-- Up-to-date: /home/ubuntu/smart-cane-system/install/smart_cane_interfaces/include/smart_cane_interfaces/smart_cane_interfaces/msg/detail
-- Installing: /home/ubuntu/smart-cane-system/install/smart_cane_interfaces/include/smart_cane_interfaces/smart_cane_interfaces/msg/detail/ultrasonic_data__struct.hpp
-- Installing: /home/ubuntu/smart-cane-system/install/smart_cane_interfaces/include/smart_cane_interfaces/smart_cane_interfaces/msg/detail/ultrasonic_data__traits.hpp
-- Installing: /home/ubuntu/smart-cane-system/install/smart_cane_interfaces/include/smart_cane_interfaces/smart_cane_interfaces/msg/detail/ultrasonic_data__type_support.hpp
-- Installing: /home/ubuntu/smart-cane-system/install/smart_cane_interfaces/include/smart_cane_interfaces/smart_cane_interfaces/msg/detail/detection_result__type_support.hpp
-- Installing: /home/ubuntu/smart-cane-system/install/smart_cane_interfaces/include/smart_cane_interfaces/smart_cane_interfaces/msg/detail/feedback_command__builder.hpp
-- Installing: /home/ubuntu/smart-cane-system/install/smart_cane_interfaces/include/smart_cane_interfaces/smart_cane_interfaces/msg/detail/detection_result__struct.hpp
-- Installing: /home/ubuntu/smart-cane-system/install/smart_cane_interfaces/include/smart_cane_interfaces/smart_cane_interfaces/msg/detail/ultrasonic_data__builder.hpp
-- Installing: /home/ubuntu/smart-cane-system/install/smart_cane_interfaces/include/smart_cane_interfaces/smart_cane_interfaces/msg/detail/detection_result__builder.hpp
-- Installing: /home/ubuntu/smart-cane-system/install/smart_cane_interfaces/include/smart_cane_interfaces/smart_cane_interfaces/msg/detail/feedback_command__struct.hpp
-- Installing: /home/ubuntu/smart-cane-system/install/smart_cane_interfaces/include/smart_cane_interfaces/smart_cane_interfaces/msg/detail/detection_result__traits.hpp
-- Installing: /home/ubuntu/smart-cane-system/install/smart_cane_interfaces/include/smart_cane_interfaces/smart_cane_interfaces/msg/detail/feedback_command__traits.hpp
-- Installing: /home/ubuntu/smart-cane-system/install/smart_cane_interfaces/include/smart_cane_interfaces/smart_cane_interfaces/msg/detail/feedback_command__type_support.hpp
-- Installing: /home/ubuntu/smart-cane-system/install/smart_cane_interfaces/include/smart_cane_interfaces/smart_cane_interfaces/msg/rosidl_generator_cpp__visibility_control.hpp
-- Installing: /home/ubuntu/smart-cane-system/install/smart_cane_interfaces/include/smart_cane_interfaces/smart_cane_interfaces/msg/ultrasonic_data.hpp
-- Up-to-date: /home/ubuntu/smart-cane-system/install/smart_cane_interfaces/include/smart_cane_interfaces/smart_cane_interfaces
-- Up-to-date: /home/ubuntu/smart-cane-system/install/smart_cane_interfaces/include/smart_cane_interfaces/smart_cane_interfaces/msg
-- Up-to-date: /home/ubuntu/smart-cane-system/install/smart_cane_interfaces/include/smart_cane_interfaces/smart_cane_interfaces/msg/detail
-- Installing: /home/ubuntu/smart-cane-system/install/smart_cane_interfaces/include/smart_cane_interfaces/smart_cane_interfaces/msg/detail/ultrasonic_data__rosidl_typesupport_fastrtps_cpp.hpp
-- Installing: /home/ubuntu/smart-cane-system/install/smart_cane_interfaces/include/smart_cane_interfaces/smart_cane_interfaces/msg/detail/dds_fastrtps
-- Installing: /home/ubuntu/smart-cane-system/install/smart_cane_interfaces/include/smart_cane_interfaces/smart_cane_interfaces/msg/detail/feedback_command__rosidl_typesupport_fastrtps_cpp.hpp
-- Installing: /home/ubuntu/smart-cane-system/install/smart_cane_interfaces/include/smart_cane_interfaces/smart_cane_interfaces/msg/detail/detection_result__rosidl_typesupport_fastrtps_cpp.hpp
-- Installing: /home/ubuntu/smart-cane-system/install/smart_cane_interfaces/include/smart_cane_interfaces/smart_cane_interfaces/msg/rosidl_typesupport_fastrtps_cpp__visibility_control.h
-- Installing: /home/ubuntu/smart-cane-system/install/smart_cane_interfaces/lib/libsmart_cane_interfaces__rosidl_typesupport_fastrtps_cpp.so
-- Set non-toolchain portion of runtime path of "/home/ubuntu/smart-cane-system/install/smart_cane_interfaces/lib/libsmart_cane_interfaces__rosidl_typesupport_fastrtps_cpp.so" to ""
-- Up-to-date: /home/ubuntu/smart-cane-system/install/smart_cane_interfaces/include/smart_cane_interfaces/smart_cane_interfaces
-- Up-to-date: /home/ubuntu/smart-cane-system/install/smart_cane_interfaces/include/smart_cane_interfaces/smart_cane_interfaces/msg
-- Up-to-date: /home/ubuntu/smart-cane-system/install/smart_cane_interfaces/include/smart_cane_interfaces/smart_cane_interfaces/msg/detail
-- Installing: /home/ubuntu/smart-cane-system/install/smart_cane_interfaces/include/smart_cane_interfaces/smart_cane_interfaces/msg/detail/feedback_command__type_support.c
-- Installing: /home/ubuntu/smart-cane-system/install/smart_cane_interfaces/include/smart_cane_interfaces/smart_cane_interfaces/msg/detail/feedback_command__rosidl_typesupport_introspection_c.h
-- Installing: /home/ubuntu/smart-cane-system/install/smart_cane_interfaces/include/smart_cane_interfaces/smart_cane_interfaces/msg/detail/detection_result__type_support.c
-- Installing: /home/ubuntu/smart-cane-system/install/smart_cane_interfaces/include/smart_cane_interfaces/smart_cane_interfaces/msg/detail/ultrasonic_data__type_support.c
-- Installing: /home/ubuntu/smart-cane-system/install/smart_cane_interfaces/include/smart_cane_interfaces/smart_cane_interfaces/msg/detail/detection_result__rosidl_typesupport_introspection_c.h
-- Installing: /home/ubuntu/smart-cane-system/install/smart_cane_interfaces/include/smart_cane_interfaces/smart_cane_interfaces/msg/detail/ultrasonic_data__rosidl_typesupport_introspection_c.h
-- Installing: /home/ubuntu/smart-cane-system/install/smart_cane_interfaces/include/smart_cane_interfaces/smart_cane_interfaces/msg/rosidl_typesupport_introspection_c__visibility_control.h
-- Installing: /home/ubuntu/smart-cane-system/install/smart_cane_interfaces/lib/libsmart_cane_interfaces__rosidl_typesupport_introspection_c.so
-- Set non-toolchain portion of runtime path of "/home/ubuntu/smart-cane-system/install/smart_cane_interfaces/lib/libsmart_cane_interfaces__rosidl_typesupport_introspection_c.so" to ""
-- Installing: /home/ubuntu/smart-cane-system/install/smart_cane_interfaces/lib/libsmart_cane_interfaces__rosidl_typesupport_c.so
-- Set non-toolchain portion of runtime path of "/home/ubuntu/smart-cane-system/install/smart_cane_interfaces/lib/libsmart_cane_interfaces__rosidl_typesupport_c.so" to ""
-- Up-to-date: /home/ubuntu/smart-cane-system/install/smart_cane_interfaces/include/smart_cane_interfaces/smart_cane_interfaces
-- Up-to-date: /home/ubuntu/smart-cane-system/install/smart_cane_interfaces/include/smart_cane_interfaces/smart_cane_interfaces/msg
-- Up-to-date: /home/ubuntu/smart-cane-system/install/smart_cane_interfaces/include/smart_cane_interfaces/smart_cane_interfaces/msg/detail
-- Installing: /home/ubuntu/smart-cane-system/install/smart_cane_interfaces/include/smart_cane_interfaces/smart_cane_interfaces/msg/detail/detection_result__rosidl_typesupport_introspection_cpp.hpp
-- Installing: /home/ubuntu/smart-cane-system/install/smart_cane_interfaces/include/smart_cane_interfaces/smart_cane_interfaces/msg/detail/detection_result__type_support.cpp
-- Installing: /home/ubuntu/smart-cane-system/install/smart_cane_interfaces/include/smart_cane_interfaces/smart_cane_interfaces/msg/detail/ultrasonic_data__rosidl_typesupport_introspection_cpp.hpp
-- Installing: /home/ubuntu/smart-cane-system/install/smart_cane_interfaces/include/smart_cane_interfaces/smart_cane_interfaces/msg/detail/feedback_command__type_support.cpp
-- Installing: /home/ubuntu/smart-cane-system/install/smart_cane_interfaces/include/smart_cane_interfaces/smart_cane_interfaces/msg/detail/ultrasonic_data__type_support.cpp
-- Installing: /home/ubuntu/smart-cane-system/install/smart_cane_interfaces/include/smart_cane_interfaces/smart_cane_interfaces/msg/detail/feedback_command__rosidl_typesupport_introspection_cpp.hpp
-- Installing: /home/ubuntu/smart-cane-system/install/smart_cane_interfaces/lib/libsmart_cane_interfaces__rosidl_typesupport_introspection_cpp.so
-- Set non-toolchain portion of runtime path of "/home/ubuntu/smart-cane-system/install/smart_cane_interfaces/lib/libsmart_cane_interfaces__rosidl_typesupport_introspection_cpp.so" to ""
-- Installing: /home/ubuntu/smart-cane-system/install/smart_cane_interfaces/lib/libsmart_cane_interfaces__rosidl_typesupport_cpp.so
-- Set non-toolchain portion of runtime path of "/home/ubuntu/smart-cane-system/install/smart_cane_interfaces/lib/libsmart_cane_interfaces__rosidl_typesupport_cpp.so" to ""
-- Installing: /home/ubuntu/smart-cane-system/install/smart_cane_interfaces/share/smart_cane_interfaces/environment/pythonpath.sh
-- Installing: /home/ubuntu/smart-cane-system/install/smart_cane_interfaces/share/smart_cane_interfaces/environment/pythonpath.dsv
-- Installing: /home/ubuntu/smart-cane-system/install/smart_cane_interfaces/lib/python3.12/site-packages/smart_cane_interfaces-0.0.0-py3.12.egg-info
-- Installing: /home/ubuntu/smart-cane-system/install/smart_cane_interfaces/lib/python3.12/site-packages/smart_cane_interfaces-0.0.0-py3.12.egg-info/dependency_links.txt
-- Installing: /home/ubuntu/smart-cane-system/install/smart_cane_interfaces/lib/python3.12/site-packages/smart_cane_interfaces-0.0.0-py3.12.egg-info/PKG-INFO
-- Installing: /home/ubuntu/smart-cane-system/install/smart_cane_interfaces/lib/python3.12/site-packages/smart_cane_interfaces-0.0.0-py3.12.egg-info/top_level.txt
-- Installing: /home/ubuntu/smart-cane-system/install/smart_cane_interfaces/lib/python3.12/site-packages/smart_cane_interfaces-0.0.0-py3.12.egg-info/SOURCES.txt
-- Installing: /home/ubuntu/smart-cane-system/install/smart_cane_interfaces/lib/python3.12/site-packages/smart_cane_interfaces
-- Installing: /home/ubuntu/smart-cane-system/install/smart_cane_interfaces/lib/python3.12/site-packages/smart_cane_interfaces/smart_cane_interfaces_s__rosidl_typesupport_c.so
-- Installing: /home/ubuntu/smart-cane-system/install/smart_cane_interfaces/lib/python3.12/site-packages/smart_cane_interfaces/smart_cane_interfaces_s__rosidl_typesupport_fastrtps_c.so
-- Installing: /home/ubuntu/smart-cane-system/install/smart_cane_interfaces/lib/python3.12/site-packages/smart_cane_interfaces/smart_cane_interfaces_s__rosidl_typesupport_introspection_c.so
-- Installing: /home/ubuntu/smart-cane-system/install/smart_cane_interfaces/lib/python3.12/site-packages/smart_cane_interfaces/_smart_cane_interfaces_s.ep.rosidl_typesupport_introspection_c.c
-- Installing: /home/ubuntu/smart-cane-system/install/smart_cane_interfaces/lib/python3.12/site-packages/smart_cane_interfaces/_smart_cane_interfaces_s.ep.rosidl_typesupport_c.c
-- Installing: /home/ubuntu/smart-cane-system/install/smart_cane_interfaces/lib/python3.12/site-packages/smart_cane_interfaces/__init__.py
-- Installing: /home/ubuntu/smart-cane-system/install/smart_cane_interfaces/lib/python3.12/site-packages/smart_cane_interfaces/msg
-- Installing: /home/ubuntu/smart-cane-system/install/smart_cane_interfaces/lib/python3.12/site-packages/smart_cane_interfaces/msg/_feedback_command.py
-- Installing: /home/ubuntu/smart-cane-system/install/smart_cane_interfaces/lib/python3.12/site-packages/smart_cane_interfaces/msg/_feedback_command_s.c
-- Installing: /home/ubuntu/smart-cane-system/install/smart_cane_interfaces/lib/python3.12/site-packages/smart_cane_interfaces/msg/_detection_result_s.c
-- Installing: /home/ubuntu/smart-cane-system/install/smart_cane_interfaces/lib/python3.12/site-packages/smart_cane_interfaces/msg/_ultrasonic_data.py
-- Installing: /home/ubuntu/smart-cane-system/install/smart_cane_interfaces/lib/python3.12/site-packages/smart_cane_interfaces/msg/__init__.py
-- Installing: /home/ubuntu/smart-cane-system/install/smart_cane_interfaces/lib/python3.12/site-packages/smart_cane_interfaces/msg/_detection_result.py
-- Installing: /home/ubuntu/smart-cane-system/install/smart_cane_interfaces/lib/python3.12/site-packages/smart_cane_interfaces/msg/_ultrasonic_data_s.c
-- Installing: /home/ubuntu/smart-cane-system/install/smart_cane_interfaces/lib/python3.12/site-packages/smart_cane_interfaces/_smart_cane_interfaces_s.ep.rosidl_typesupport_fastrtps_c.c
Listing '/home/ubuntu/smart-cane-system/install/smart_cane_interfaces/lib/python3.12/site-packages/smart_cane_interfaces'...
Compiling '/home/ubuntu/smart-cane-system/install/smart_cane_interfaces/lib/python3.12/site-packages/smart_cane_interfaces/__init__.py'...
Listing '/home/ubuntu/smart-cane-system/install/smart_cane_interfaces/lib/python3.12/site-packages/smart_cane_interfaces/msg'...
Compiling '/home/ubuntu/smart-cane-system/install/smart_cane_interfaces/lib/python3.12/site-packages/smart_cane_interfaces/msg/__init__.py'...
Compiling '/home/ubuntu/smart-cane-system/install/smart_cane_interfaces/lib/python3.12/site-packages/smart_cane_interfaces/msg/_detection_result.py'...
Compiling '/home/ubuntu/smart-cane-system/install/smart_cane_interfaces/lib/python3.12/site-packages/smart_cane_interfaces/msg/_feedback_command.py'...
Compiling '/home/ubuntu/smart-cane-system/install/smart_cane_interfaces/lib/python3.12/site-packages/smart_cane_interfaces/msg/_ultrasonic_data.py'...
-- Installing: /home/ubuntu/smart-cane-system/install/smart_cane_interfaces/lib/python3.12/site-packages/smart_cane_interfaces/smart_cane_interfaces_s__rosidl_typesupport_fastrtps_c.so
-- Set non-toolchain portion of runtime path of "/home/ubuntu/smart-cane-system/install/smart_cane_interfaces/lib/python3.12/site-packages/smart_cane_interfaces/smart_cane_interfaces_s__rosidl_typesupport_fastrtps_c.so" to ""
-- Installing: /home/ubuntu/smart-cane-system/install/smart_cane_interfaces/lib/python3.12/site-packages/smart_cane_interfaces/smart_cane_interfaces_s__rosidl_typesupport_introspection_c.so
-- Set non-toolchain portion of runtime path of "/home/ubuntu/smart-cane-system/install/smart_cane_interfaces/lib/python3.12/site-packages/smart_cane_interfaces/smart_cane_interfaces_s__rosidl_typesupport_introspection_c.so" to ""
-- Installing: /home/ubuntu/smart-cane-system/install/smart_cane_interfaces/lib/python3.12/site-packages/smart_cane_interfaces/smart_cane_interfaces_s__rosidl_typesupport_c.so
-- Set non-toolchain portion of runtime path of "/home/ubuntu/smart-cane-system/install/smart_cane_interfaces/lib/python3.12/site-packages/smart_cane_interfaces/smart_cane_interfaces_s__rosidl_typesupport_c.so" to ""
-- Installing: /home/ubuntu/smart-cane-system/install/smart_cane_interfaces/lib/libsmart_cane_interfaces__rosidl_generator_py.so
-- Set non-toolchain portion of runtime path of "/home/ubuntu/smart-cane-system/install/smart_cane_interfaces/lib/libsmart_cane_interfaces__rosidl_generator_py.so" to ""
-- Installing: /home/ubuntu/smart-cane-system/install/smart_cane_interfaces/share/smart_cane_interfaces/msg/UltrasonicData.idl
-- Installing: /home/ubuntu/smart-cane-system/install/smart_cane_interfaces/share/smart_cane_interfaces/msg/DetectionResult.idl
-- Installing: /home/ubuntu/smart-cane-system/install/smart_cane_interfaces/share/smart_cane_interfaces/msg/FeedbackCommand.idl
-- Installing: /home/ubuntu/smart-cane-system/install/smart_cane_interfaces/share/smart_cane_interfaces/msg/UltrasonicData.msg
-- Installing: /home/ubuntu/smart-cane-system/install/smart_cane_interfaces/share/smart_cane_interfaces/msg/DetectionResult.msg
-- Installing: /home/ubuntu/smart-cane-system/install/smart_cane_interfaces/share/smart_cane_interfaces/msg/FeedbackCommand.msg
-- Installing: /home/ubuntu/smart-cane-system/install/smart_cane_interfaces/share/ament_index/resource_index/package_run_dependencies/smart_cane_interfaces
-- Installing: /home/ubuntu/smart-cane-system/install/smart_cane_interfaces/share/ament_index/resource_index/parent_prefix_path/smart_cane_interfaces
-- Installing: /home/ubuntu/smart-cane-system/install/smart_cane_interfaces/share/smart_cane_interfaces/environment/ament_prefix_path.sh
-- Installing: /home/ubuntu/smart-cane-system/install/smart_cane_interfaces/share/smart_cane_interfaces/environment/ament_prefix_path.dsv
-- Installing: /home/ubuntu/smart-cane-system/install/smart_cane_interfaces/share/smart_cane_interfaces/environment/path.sh
-- Installing: /home/ubuntu/smart-cane-system/install/smart_cane_interfaces/share/smart_cane_interfaces/environment/path.dsv
-- Installing: /home/ubuntu/smart-cane-system/install/smart_cane_interfaces/share/smart_cane_interfaces/local_setup.bash
-- Installing: /home/ubuntu/smart-cane-system/install/smart_cane_interfaces/share/smart_cane_interfaces/local_setup.sh
-- Installing: /home/ubuntu/smart-cane-system/install/smart_cane_interfaces/share/smart_cane_interfaces/local_setup.zsh
-- Installing: /home/ubuntu/smart-cane-system/install/smart_cane_interfaces/share/smart_cane_interfaces/local_setup.dsv
-- Installing: /home/ubuntu/smart-cane-system/install/smart_cane_interfaces/share/smart_cane_interfaces/package.dsv
-- Installing: /home/ubuntu/smart-cane-system/install/smart_cane_interfaces/share/ament_index/resource_index/packages/smart_cane_interfaces
-- Installing: /home/ubuntu/smart-cane-system/install/smart_cane_interfaces/share/smart_cane_interfaces/cmake/export_smart_cane_interfaces__rosidl_generator_cExport.cmake
-- Installing: /home/ubuntu/smart-cane-system/install/smart_cane_interfaces/share/smart_cane_interfaces/cmake/export_smart_cane_interfaces__rosidl_generator_cExport-noconfig.cmake
-- Installing: /home/ubuntu/smart-cane-system/install/smart_cane_interfaces/share/smart_cane_interfaces/cmake/export_smart_cane_interfaces__rosidl_typesupport_fastrtps_cExport.cmake
-- Installing: /home/ubuntu/smart-cane-system/install/smart_cane_interfaces/share/smart_cane_interfaces/cmake/export_smart_cane_interfaces__rosidl_typesupport_fastrtps_cExport-noconfig.cmake
-- Installing: /home/ubuntu/smart-cane-system/install/smart_cane_interfaces/share/smart_cane_interfaces/cmake/export_smart_cane_interfaces__rosidl_generator_cppExport.cmake
-- Installing: /home/ubuntu/smart-cane-system/install/smart_cane_interfaces/share/smart_cane_interfaces/cmake/export_smart_cane_interfaces__rosidl_typesupport_fastrtps_cppExport.cmake
-- Installing: /home/ubuntu/smart-cane-system/install/smart_cane_interfaces/share/smart_cane_interfaces/cmake/export_smart_cane_interfaces__rosidl_typesupport_fastrtps_cppExport-noconfig.cmake
-- Installing: /home/ubuntu/smart-cane-system/install/smart_cane_interfaces/share/smart_cane_interfaces/cmake/smart_cane_interfaces__rosidl_typesupport_introspection_cExport.cmake
-- Installing: /home/ubuntu/smart-cane-system/install/smart_cane_interfaces/share/smart_cane_interfaces/cmake/smart_cane_interfaces__rosidl_typesupport_introspection_cExport-noconfig.cmake
-- Installing: /home/ubuntu/smart-cane-system/install/smart_cane_interfaces/share/smart_cane_interfaces/cmake/smart_cane_interfaces__rosidl_typesupport_cExport.cmake
-- Installing: /home/ubuntu/smart-cane-system/install/smart_cane_interfaces/share/smart_cane_interfaces/cmake/smart_cane_interfaces__rosidl_typesupport_cExport-noconfig.cmake
-- Installing: /home/ubuntu/smart-cane-system/install/smart_cane_interfaces/share/smart_cane_interfaces/cmake/smart_cane_interfaces__rosidl_typesupport_introspection_cppExport.cmake
-- Installing: /home/ubuntu/smart-cane-system/install/smart_cane_interfaces/share/smart_cane_interfaces/cmake/smart_cane_interfaces__rosidl_typesupport_introspection_cppExport-noconfig.cmake
-- Installing: /home/ubuntu/smart-cane-system/install/smart_cane_interfaces/share/smart_cane_interfaces/cmake/smart_cane_interfaces__rosidl_typesupport_cppExport.cmake
-- Installing: /home/ubuntu/smart-cane-system/install/smart_cane_interfaces/share/smart_cane_interfaces/cmake/smart_cane_interfaces__rosidl_typesupport_cppExport-noconfig.cmake
-- Installing: /home/ubuntu/smart-cane-system/install/smart_cane_interfaces/share/smart_cane_interfaces/cmake/export_smart_cane_interfaces__rosidl_generator_pyExport.cmake
-- Installing: /home/ubuntu/smart-cane-system/install/smart_cane_interfaces/share/smart_cane_interfaces/cmake/export_smart_cane_interfaces__rosidl_generator_pyExport-noconfig.cmake
-- Installing: /home/ubuntu/smart-cane-system/install/smart_cane_interfaces/share/smart_cane_interfaces/cmake/rosidl_cmake-extras.cmake
-- Installing: /home/ubuntu/smart-cane-system/install/smart_cane_interfaces/share/smart_cane_interfaces/cmake/ament_cmake_export_dependencies-extras.cmake
-- Installing: /home/ubuntu/smart-cane-system/install/smart_cane_interfaces/share/smart_cane_interfaces/cmake/ament_cmake_export_include_directories-extras.cmake
-- Installing: /home/ubuntu/smart-cane-system/install/smart_cane_interfaces/share/smart_cane_interfaces/cmake/ament_cmake_export_libraries-extras.cmake
-- Installing: /home/ubuntu/smart-cane-system/install/smart_cane_interfaces/share/smart_cane_interfaces/cmake/ament_cmake_export_targets-extras.cmake
-- Installing: /home/ubuntu/smart-cane-system/install/smart_cane_interfaces/share/smart_cane_interfaces/cmake/rosidl_cmake_export_typesupport_targets-extras.cmake
-- Installing: /home/ubuntu/smart-cane-system/install/smart_cane_interfaces/share/smart_cane_interfaces/cmake/rosidl_cmake_export_typesupport_libraries-extras.cmake
-- Installing: /home/ubuntu/smart-cane-system/install/smart_cane_interfaces/share/smart_cane_interfaces/cmake/smart_cane_interfacesConfig.cmake
-- Installing: /home/ubuntu/smart-cane-system/install/smart_cane_interfaces/share/smart_cane_interfaces/cmake/smart_cane_interfacesConfig-version.cmake
-- Installing: /home/ubuntu/smart-cane-system/install/smart_cane_interfaces/share/smart_cane_interfaces/package.xml
