[0.027s] Invoking command in '/home/ubuntu/smart-cane-system/build/smart_cane_interfaces': CMAKE_PREFIX_PATH=${CMAKE_PREFIX_PATH}:/opt/ros/jazzy DEBUGINFOD_URLS=https://debuginfod.ubuntu.com /usr/bin/cmake /home/ubuntu/smart-cane-system/src/smart_cane_interfaces -DCMAKE_INSTALL_PREFIX=/home/ubuntu/smart-cane-system/install/smart_cane_interfaces
[0.460s] -- The C compiler identification is GNU 13.3.0
[0.774s] -- The CXX compiler identification is GNU 13.3.0
[0.847s] -- Detecting C compiler ABI info
[1.207s] -- Detecting C compiler ABI info - done
[1.232s] -- Check for working C compiler: /usr/bin/cc - skipped
[1.234s] -- Detecting C compile features
[1.235s] -- Detecting C compile features - done
[1.269s] -- Detecting CXX compiler ABI info
[1.645s] -- Detecting CXX compiler ABI info - done
[1.698s] -- Check for working CXX compiler: /usr/bin/c++ - skipped
[1.702s] -- Detecting CXX compile features
[1.703s] -- Detecting CXX compile features - done
[1.715s] -- Found ament_cmake: 2.5.4 (/opt/ros/jazzy/share/ament_cmake/cmake)
[2.269s] -- Found Python3: /usr/bin/python3 (found version "3.12.3") found components: Interpreter 
[2.633s] -- Found std_msgs: 5.3.6 (/opt/ros/jazzy/share/std_msgs/cmake)
[2.719s] -- Found rosidl_generator_c: 4.6.5 (/opt/ros/jazzy/share/rosidl_generator_c/cmake)
[2.746s] -- Found rosidl_generator_cpp: 4.6.5 (/opt/ros/jazzy/share/rosidl_generator_cpp/cmake)
[2.783s] -- Using all available rosidl_typesupport_c: rosidl_typesupport_fastrtps_c;rosidl_typesupport_introspection_c
[2.823s] -- Using all available rosidl_typesupport_cpp: rosidl_typesupport_fastrtps_cpp;rosidl_typesupport_introspection_cpp
[2.889s] -- Found sensor_msgs: 5.3.6 (/opt/ros/jazzy/share/sensor_msgs/cmake)
[3.004s] -- Found rosidl_default_generators: 1.6.0 (/opt/ros/jazzy/share/rosidl_default_generators/cmake)
[3.033s] -- Found rosidl_adapter: 4.6.5 (/opt/ros/jazzy/share/rosidl_adapter/cmake)
[4.750s] -- Found ament_cmake_ros: 0.12.0 (/opt/ros/jazzy/share/ament_cmake_ros/cmake)
[6.350s] -- Using all available rosidl_typesupport_c: rosidl_typesupport_fastrtps_c;rosidl_typesupport_introspection_c
[6.954s] -- Using all available rosidl_typesupport_cpp: rosidl_typesupport_fastrtps_cpp;rosidl_typesupport_introspection_cpp
[6.958s] -- Found python_cmake_module: 0.11.1 (/opt/ros/jazzy/share/python_cmake_module/cmake)
[7.210s] -- Found PythonExtra: /usr/bin/python3  
[8.116s] -- Found Python3: /usr/bin/python3 (found version "3.12.3") found components: Interpreter Development NumPy Development.Module Development.Embed 
[8.292s] -- Found ament_lint_auto: 0.17.2 (/opt/ros/jazzy/share/ament_lint_auto/cmake)
[8.337s] -- Added test 'lint_cmake' to check CMake code style
[8.339s] -- Added test 'xmllint' to check XML markup files
[8.347s] -- Configuring done (8.3s)
[8.473s] -- Generating done (0.1s)
[8.505s] -- Build files have been written to: /home/ubuntu/smart-cane-system/build/smart_cane_interfaces
[8.548s] Invoked command in '/home/ubuntu/smart-cane-system/build/smart_cane_interfaces' returned '0': CMAKE_PREFIX_PATH=${CMAKE_PREFIX_PATH}:/opt/ros/jazzy DEBUGINFOD_URLS=https://debuginfod.ubuntu.com /usr/bin/cmake /home/ubuntu/smart-cane-system/src/smart_cane_interfaces -DCMAKE_INSTALL_PREFIX=/home/ubuntu/smart-cane-system/install/smart_cane_interfaces
[8.559s] Invoking command in '/home/ubuntu/smart-cane-system/build/smart_cane_interfaces': CMAKE_PREFIX_PATH=${CMAKE_PREFIX_PATH}:/opt/ros/jazzy DEBUGINFOD_URLS=https://debuginfod.ubuntu.com /usr/bin/cmake --build /home/ubuntu/smart-cane-system/build/smart_cane_interfaces -- -j4 -l4
[8.771s] [  1%] [34m[1mGenerating type hashes for ROS interfaces[0m
[8.842s] [  1%] Built target ament_cmake_python_copy_smart_cane_interfaces
[9.481s] running egg_info
[9.483s] creating smart_cane_interfaces.egg-info
[9.493s] [  1%] Built target smart_cane_interfaces__rosidl_generator_type_description
[9.515s] [  3%] [34m[1mGenerating C code for ROS interfaces[0m
[9.523s] writing smart_cane_interfaces.egg-info/PKG-INFO
[9.523s] writing dependency_links to smart_cane_interfaces.egg-info/dependency_links.txt
[9.523s] writing top-level names to smart_cane_interfaces.egg-info/top_level.txt
[9.525s] writing manifest file 'smart_cane_interfaces.egg-info/SOURCES.txt'
[9.545s] [  5%] [34m[1mGenerating C++ code for ROS interfaces[0m
[9.652s] reading manifest file 'smart_cane_interfaces.egg-info/SOURCES.txt'
[9.654s] writing manifest file 'smart_cane_interfaces.egg-info/SOURCES.txt'
[9.812s] [  5%] Built target ament_cmake_python_build_smart_cane_interfaces_egg
[10.399s] [  5%] Built target smart_cane_interfaces__cpp
[10.502s] [  9%] [32mBuilding C object CMakeFiles/smart_cane_interfaces__rosidl_generator_c.dir/rosidl_generator_c/smart_cane_interfaces/msg/detail/ultrasonic_data__description.c.o[0m
[10.502s] [  9%] [32mBuilding C object CMakeFiles/smart_cane_interfaces__rosidl_generator_c.dir/rosidl_generator_c/smart_cane_interfaces/msg/detail/detection_result__description.c.o[0m
[10.505s] [ 11%] [32mBuilding C object CMakeFiles/smart_cane_interfaces__rosidl_generator_c.dir/rosidl_generator_c/smart_cane_interfaces/msg/detail/ultrasonic_data__functions.c.o[0m
[10.506s] [ 12%] [32mBuilding C object CMakeFiles/smart_cane_interfaces__rosidl_generator_c.dir/rosidl_generator_c/smart_cane_interfaces/msg/detail/ultrasonic_data__type_support.c.o[0m
[10.606s] [ 14%] [32mBuilding C object CMakeFiles/smart_cane_interfaces__rosidl_generator_c.dir/rosidl_generator_c/smart_cane_interfaces/msg/detail/detection_result__functions.c.o[0m
[10.636s] [ 16%] [32mBuilding C object CMakeFiles/smart_cane_interfaces__rosidl_generator_c.dir/rosidl_generator_c/smart_cane_interfaces/msg/detail/feedback_command__description.c.o[0m
[10.645s] [ 18%] [32mBuilding C object CMakeFiles/smart_cane_interfaces__rosidl_generator_c.dir/rosidl_generator_c/smart_cane_interfaces/msg/detail/detection_result__type_support.c.o[0m
[10.700s] [ 20%] [32mBuilding C object CMakeFiles/smart_cane_interfaces__rosidl_generator_c.dir/rosidl_generator_c/smart_cane_interfaces/msg/detail/feedback_command__functions.c.o[0m
[10.758s] [ 22%] [32mBuilding C object CMakeFiles/smart_cane_interfaces__rosidl_generator_c.dir/rosidl_generator_c/smart_cane_interfaces/msg/detail/feedback_command__type_support.c.o[0m
[10.832s] [ 24%] [32m[1mLinking C shared library libsmart_cane_interfaces__rosidl_generator_c.so[0m
[10.931s] [ 24%] Built target smart_cane_interfaces__rosidl_generator_c
[10.958s] [ 29%] [34m[1mGenerating C introspection for ROS interfaces[0m
[10.961s] [ 29%] [34m[1mGenerating C++ type support dispatch for ROS interfaces[0m
[10.962s] [ 29%] [34m[1mGenerating C++ type support for eProsima Fast-RTPS[0m
[10.962s] [ 31%] [34m[1mGenerating C type support for eProsima Fast-RTPS[0m
[11.770s] [ 33%] [32mBuilding CXX object CMakeFiles/smart_cane_interfaces__rosidl_typesupport_cpp.dir/rosidl_typesupport_cpp/smart_cane_interfaces/msg/ultrasonic_data__type_support.cpp.o[0m
[11.998s] [ 35%] [32mBuilding C object CMakeFiles/smart_cane_interfaces__rosidl_typesupport_introspection_c.dir/rosidl_typesupport_introspection_c/smart_cane_interfaces/msg/detail/ultrasonic_data__type_support.c.o[0m
[12.146s] [ 37%] [32mBuilding C object CMakeFiles/smart_cane_interfaces__rosidl_typesupport_introspection_c.dir/rosidl_typesupport_introspection_c/smart_cane_interfaces/msg/detail/detection_result__type_support.c.o[0m
[12.154s] [ 38%] [32mBuilding CXX object CMakeFiles/smart_cane_interfaces__rosidl_typesupport_fastrtps_cpp.dir/rosidl_typesupport_fastrtps_cpp/smart_cane_interfaces/msg/detail/dds_fastrtps/ultrasonic_data__type_support.cpp.o[0m
[12.215s] [ 40%] [32mBuilding CXX object CMakeFiles/smart_cane_interfaces__rosidl_typesupport_fastrtps_c.dir/rosidl_typesupport_fastrtps_c/smart_cane_interfaces/msg/detail/ultrasonic_data__type_support_c.cpp.o[0m
[12.352s] [ 42%] [32mBuilding C object CMakeFiles/smart_cane_interfaces__rosidl_typesupport_introspection_c.dir/rosidl_typesupport_introspection_c/smart_cane_interfaces/msg/detail/feedback_command__type_support.c.o[0m
[12.492s] [ 44%] [32m[1mLinking C shared library libsmart_cane_interfaces__rosidl_typesupport_introspection_c.so[0m
[12.627s] [ 44%] Built target smart_cane_interfaces__rosidl_typesupport_introspection_c
[12.658s] [ 46%] [32mBuilding CXX object CMakeFiles/smart_cane_interfaces__rosidl_typesupport_fastrtps_c.dir/rosidl_typesupport_fastrtps_c/smart_cane_interfaces/msg/detail/detection_result__type_support_c.cpp.o[0m
[12.847s] [ 48%] [32mBuilding CXX object CMakeFiles/smart_cane_interfaces__rosidl_typesupport_cpp.dir/rosidl_typesupport_cpp/smart_cane_interfaces/msg/detection_result__type_support.cpp.o[0m
[13.861s] [ 50%] [32mBuilding CXX object CMakeFiles/smart_cane_interfaces__rosidl_typesupport_fastrtps_cpp.dir/rosidl_typesupport_fastrtps_cpp/smart_cane_interfaces/msg/detail/dds_fastrtps/detection_result__type_support.cpp.o[0m
[13.934s] [ 51%] [32mBuilding CXX object CMakeFiles/smart_cane_interfaces__rosidl_typesupport_cpp.dir/rosidl_typesupport_cpp/smart_cane_interfaces/msg/feedback_command__type_support.cpp.o[0m
[13.963s] [ 53%] [32mBuilding CXX object CMakeFiles/smart_cane_interfaces__rosidl_typesupport_fastrtps_cpp.dir/rosidl_typesupport_fastrtps_cpp/smart_cane_interfaces/msg/detail/dds_fastrtps/feedback_command__type_support.cpp.o[0m
[14.443s] [ 55%] [32mBuilding CXX object CMakeFiles/smart_cane_interfaces__rosidl_typesupport_fastrtps_c.dir/rosidl_typesupport_fastrtps_c/smart_cane_interfaces/msg/detail/feedback_command__type_support_c.cpp.o[0m
[15.080s] [ 57%] [32m[1mLinking CXX shared library libsmart_cane_interfaces__rosidl_typesupport_cpp.so[0m
[15.232s] [ 57%] Built target smart_cane_interfaces__rosidl_typesupport_cpp
[15.273s] [ 59%] [34m[1mGenerating C type support dispatch for ROS interfaces[0m
[15.864s] [ 61%] [34m[1mGenerating C++ introspection for ROS interfaces[0m
[16.084s] [ 62%] [32m[1mLinking CXX shared library libsmart_cane_interfaces__rosidl_typesupport_fastrtps_cpp.so[0m
[16.499s] [ 64%] [32mBuilding CXX object CMakeFiles/smart_cane_interfaces__rosidl_typesupport_c.dir/rosidl_typesupport_c/smart_cane_interfaces/msg/ultrasonic_data__type_support.cpp.o[0m
[16.502s] [ 66%] [32m[1mLinking CXX shared library libsmart_cane_interfaces__rosidl_typesupport_fastrtps_c.so[0m
[16.553s] [ 66%] Built target smart_cane_interfaces__rosidl_typesupport_fastrtps_cpp
[16.587s] [ 68%] [32mBuilding CXX object CMakeFiles/smart_cane_interfaces__rosidl_typesupport_c.dir/rosidl_typesupport_c/smart_cane_interfaces/msg/detection_result__type_support.cpp.o[0m
[16.643s] [ 70%] [32mBuilding CXX object CMakeFiles/smart_cane_interfaces__rosidl_typesupport_c.dir/rosidl_typesupport_c/smart_cane_interfaces/msg/feedback_command__type_support.cpp.o[0m
[16.800s] [ 72%] [32m[1mLinking CXX shared library libsmart_cane_interfaces__rosidl_typesupport_c.so[0m
[16.861s] [ 72%] Built target smart_cane_interfaces__rosidl_typesupport_fastrtps_c
[16.920s] [ 72%] Built target smart_cane_interfaces__rosidl_typesupport_c
[16.934s] [ 77%] [32mBuilding CXX object CMakeFiles/smart_cane_interfaces__rosidl_typesupport_introspection_cpp.dir/rosidl_typesupport_introspection_cpp/smart_cane_interfaces/msg/detail/detection_result__type_support.cpp.o[0m
[16.934s] [ 77%] [32mBuilding CXX object CMakeFiles/smart_cane_interfaces__rosidl_typesupport_introspection_cpp.dir/rosidl_typesupport_introspection_cpp/smart_cane_interfaces/msg/detail/feedback_command__type_support.cpp.o[0m
[16.934s] [ 77%] [32mBuilding CXX object CMakeFiles/smart_cane_interfaces__rosidl_typesupport_introspection_cpp.dir/rosidl_typesupport_introspection_cpp/smart_cane_interfaces/msg/detail/ultrasonic_data__type_support.cpp.o[0m
[17.893s] [ 79%] [32m[1mLinking CXX shared library libsmart_cane_interfaces__rosidl_typesupport_introspection_cpp.so[0m
[18.113s] [ 79%] Built target smart_cane_interfaces__rosidl_typesupport_introspection_cpp
[18.162s] [ 79%] Built target smart_cane_interfaces
[18.202s] [ 81%] [34m[1mGenerating Python code for ROS interfaces[0m
[19.000s] [ 81%] Built target smart_cane_interfaces__py
[19.046s] [ 87%] [32mBuilding C object CMakeFiles/smart_cane_interfaces__rosidl_generator_py.dir/rosidl_generator_py/smart_cane_interfaces/msg/_ultrasonic_data_s.c.o[0m
[19.047s] [ 87%] [32mBuilding C object CMakeFiles/smart_cane_interfaces__rosidl_generator_py.dir/rosidl_generator_py/smart_cane_interfaces/msg/_feedback_command_s.c.o[0m
[19.047s] [ 87%] [32mBuilding C object CMakeFiles/smart_cane_interfaces__rosidl_generator_py.dir/rosidl_generator_py/smart_cane_interfaces/msg/_detection_result_s.c.o[0m
[19.424s] [ 88%] [32m[1mLinking C shared library libsmart_cane_interfaces__rosidl_generator_py.so[0m
[19.535s] [ 88%] Built target smart_cane_interfaces__rosidl_generator_py
[19.589s] [ 90%] [32mBuilding C object CMakeFiles/smart_cane_interfaces_s__rosidl_typesupport_fastrtps_c.dir/rosidl_generator_py/smart_cane_interfaces/_smart_cane_interfaces_s.ep.rosidl_typesupport_fastrtps_c.c.o[0m
[19.591s] [ 94%] [32mBuilding C object CMakeFiles/smart_cane_interfaces_s__rosidl_typesupport_c.dir/rosidl_generator_py/smart_cane_interfaces/_smart_cane_interfaces_s.ep.rosidl_typesupport_c.c.o[0m
[19.591s] [ 94%] [32mBuilding C object CMakeFiles/smart_cane_interfaces_s__rosidl_typesupport_introspection_c.dir/rosidl_generator_py/smart_cane_interfaces/_smart_cane_interfaces_s.ep.rosidl_typesupport_introspection_c.c.o[0m
[19.841s] [ 98%] [32m[1mLinking C shared module rosidl_generator_py/smart_cane_interfaces/smart_cane_interfaces_s__rosidl_typesupport_introspection_c.so[0m
[19.843s] [ 98%] [32m[1mLinking C shared module rosidl_generator_py/smart_cane_interfaces/smart_cane_interfaces_s__rosidl_typesupport_fastrtps_c.so[0m
[19.843s] [100%] [32m[1mLinking C shared module rosidl_generator_py/smart_cane_interfaces/smart_cane_interfaces_s__rosidl_typesupport_c.so[0m
[19.918s] [100%] Built target smart_cane_interfaces_s__rosidl_typesupport_fastrtps_c
[19.919s] [100%] Built target smart_cane_interfaces_s__rosidl_typesupport_introspection_c
[19.926s] [100%] Built target smart_cane_interfaces_s__rosidl_typesupport_c
[19.956s] Invoked command in '/home/ubuntu/smart-cane-system/build/smart_cane_interfaces' returned '0': CMAKE_PREFIX_PATH=${CMAKE_PREFIX_PATH}:/opt/ros/jazzy DEBUGINFOD_URLS=https://debuginfod.ubuntu.com /usr/bin/cmake --build /home/ubuntu/smart-cane-system/build/smart_cane_interfaces -- -j4 -l4
[19.981s] Invoking command in '/home/ubuntu/smart-cane-system/build/smart_cane_interfaces': CMAKE_PREFIX_PATH=${CMAKE_PREFIX_PATH}:/opt/ros/jazzy DEBUGINFOD_URLS=https://debuginfod.ubuntu.com /usr/bin/cmake --install /home/ubuntu/smart-cane-system/build/smart_cane_interfaces
[19.998s] -- Install configuration: ""
[19.998s] -- Installing: /home/ubuntu/smart-cane-system/install/smart_cane_interfaces/share/ament_index/resource_index/rosidl_interfaces/smart_cane_interfaces
[19.999s] -- Installing: /home/ubuntu/smart-cane-system/install/smart_cane_interfaces/share/smart_cane_interfaces/msg/UltrasonicData.json
[19.999s] -- Installing: /home/ubuntu/smart-cane-system/install/smart_cane_interfaces/share/smart_cane_interfaces/msg/DetectionResult.json
[19.999s] -- Installing: /home/ubuntu/smart-cane-system/install/smart_cane_interfaces/share/smart_cane_interfaces/msg/FeedbackCommand.json
[19.999s] -- Installing: /home/ubuntu/smart-cane-system/install/smart_cane_interfaces/include/smart_cane_interfaces/smart_cane_interfaces
[19.999s] -- Installing: /home/ubuntu/smart-cane-system/install/smart_cane_interfaces/include/smart_cane_interfaces/smart_cane_interfaces/msg
[20.000s] -- Installing: /home/ubuntu/smart-cane-system/install/smart_cane_interfaces/include/smart_cane_interfaces/smart_cane_interfaces/msg/feedback_command.h
[20.000s] -- Installing: /home/ubuntu/smart-cane-system/install/smart_cane_interfaces/include/smart_cane_interfaces/smart_cane_interfaces/msg/rosidl_generator_c__visibility_control.h
[20.000s] -- Installing: /home/ubuntu/smart-cane-system/install/smart_cane_interfaces/include/smart_cane_interfaces/smart_cane_interfaces/msg/detail
[20.000s] -- Installing: /home/ubuntu/smart-cane-system/install/smart_cane_interfaces/include/smart_cane_interfaces/smart_cane_interfaces/msg/detail/detection_result__functions.h
[20.000s] -- Installing: /home/ubuntu/smart-cane-system/install/smart_cane_interfaces/include/smart_cane_interfaces/smart_cane_interfaces/msg/detail/feedback_command__struct.h
[20.000s] -- Installing: /home/ubuntu/smart-cane-system/install/smart_cane_interfaces/include/smart_cane_interfaces/smart_cane_interfaces/msg/detail/ultrasonic_data__struct.h
[20.000s] -- Installing: /home/ubuntu/smart-cane-system/install/smart_cane_interfaces/include/smart_cane_interfaces/smart_cane_interfaces/msg/detail/detection_result__description.c
[20.000s] -- Installing: /home/ubuntu/smart-cane-system/install/smart_cane_interfaces/include/smart_cane_interfaces/smart_cane_interfaces/msg/detail/detection_result__functions.c
[20.001s] -- Installing: /home/ubuntu/smart-cane-system/install/smart_cane_interfaces/include/smart_cane_interfaces/smart_cane_interfaces/msg/detail/feedback_command__type_support.c
[20.001s] -- Installing: /home/ubuntu/smart-cane-system/install/smart_cane_interfaces/include/smart_cane_interfaces/smart_cane_interfaces/msg/detail/feedback_command__functions.h
[20.001s] -- Installing: /home/ubuntu/smart-cane-system/install/smart_cane_interfaces/include/smart_cane_interfaces/smart_cane_interfaces/msg/detail/ultrasonic_data__functions.c
[20.001s] -- Installing: /home/ubuntu/smart-cane-system/install/smart_cane_interfaces/include/smart_cane_interfaces/smart_cane_interfaces/msg/detail/detection_result__type_support.h
[20.001s] -- Installing: /home/ubuntu/smart-cane-system/install/smart_cane_interfaces/include/smart_cane_interfaces/smart_cane_interfaces/msg/detail/detection_result__type_support.c
[20.001s] -- Installing: /home/ubuntu/smart-cane-system/install/smart_cane_interfaces/include/smart_cane_interfaces/smart_cane_interfaces/msg/detail/ultrasonic_data__type_support.c
[20.001s] -- Installing: /home/ubuntu/smart-cane-system/install/smart_cane_interfaces/include/smart_cane_interfaces/smart_cane_interfaces/msg/detail/feedback_command__functions.c
[20.002s] -- Installing: /home/ubuntu/smart-cane-system/install/smart_cane_interfaces/include/smart_cane_interfaces/smart_cane_interfaces/msg/detail/ultrasonic_data__description.c
[20.002s] -- Installing: /home/ubuntu/smart-cane-system/install/smart_cane_interfaces/include/smart_cane_interfaces/smart_cane_interfaces/msg/detail/feedback_command__description.c
[20.002s] -- Installing: /home/ubuntu/smart-cane-system/install/smart_cane_interfaces/include/smart_cane_interfaces/smart_cane_interfaces/msg/detail/ultrasonic_data__type_support.h
[20.002s] -- Installing: /home/ubuntu/smart-cane-system/install/smart_cane_interfaces/include/smart_cane_interfaces/smart_cane_interfaces/msg/detail/feedback_command__type_support.h
[20.002s] -- Installing: /home/ubuntu/smart-cane-system/install/smart_cane_interfaces/include/smart_cane_interfaces/smart_cane_interfaces/msg/detail/ultrasonic_data__functions.h
[20.002s] -- Installing: /home/ubuntu/smart-cane-system/install/smart_cane_interfaces/include/smart_cane_interfaces/smart_cane_interfaces/msg/detail/detection_result__struct.h
[20.002s] -- Installing: /home/ubuntu/smart-cane-system/install/smart_cane_interfaces/include/smart_cane_interfaces/smart_cane_interfaces/msg/ultrasonic_data.h
[20.003s] -- Installing: /home/ubuntu/smart-cane-system/install/smart_cane_interfaces/include/smart_cane_interfaces/smart_cane_interfaces/msg/detection_result.h
[20.003s] -- Installing: /home/ubuntu/smart-cane-system/install/smart_cane_interfaces/share/smart_cane_interfaces/environment/library_path.sh
[20.003s] -- Installing: /home/ubuntu/smart-cane-system/install/smart_cane_interfaces/share/smart_cane_interfaces/environment/library_path.dsv
[20.003s] -- Installing: /home/ubuntu/smart-cane-system/install/smart_cane_interfaces/lib/libsmart_cane_interfaces__rosidl_generator_c.so
[20.004s] -- Set non-toolchain portion of runtime path of "/home/ubuntu/smart-cane-system/install/smart_cane_interfaces/lib/libsmart_cane_interfaces__rosidl_generator_c.so" to ""
[20.004s] -- Up-to-date: /home/ubuntu/smart-cane-system/install/smart_cane_interfaces/include/smart_cane_interfaces/smart_cane_interfaces
[20.004s] -- Up-to-date: /home/ubuntu/smart-cane-system/install/smart_cane_interfaces/include/smart_cane_interfaces/smart_cane_interfaces/msg
[20.004s] -- Installing: /home/ubuntu/smart-cane-system/install/smart_cane_interfaces/include/smart_cane_interfaces/smart_cane_interfaces/msg/rosidl_typesupport_fastrtps_c__visibility_control.h
[20.004s] -- Up-to-date: /home/ubuntu/smart-cane-system/install/smart_cane_interfaces/include/smart_cane_interfaces/smart_cane_interfaces/msg/detail
[20.005s] -- Installing: /home/ubuntu/smart-cane-system/install/smart_cane_interfaces/include/smart_cane_interfaces/smart_cane_interfaces/msg/detail/feedback_command__rosidl_typesupport_fastrtps_c.h
[20.005s] -- Installing: /home/ubuntu/smart-cane-system/install/smart_cane_interfaces/include/smart_cane_interfaces/smart_cane_interfaces/msg/detail/detection_result__rosidl_typesupport_fastrtps_c.h
[20.005s] -- Installing: /home/ubuntu/smart-cane-system/install/smart_cane_interfaces/include/smart_cane_interfaces/smart_cane_interfaces/msg/detail/ultrasonic_data__rosidl_typesupport_fastrtps_c.h
[20.005s] -- Installing: /home/ubuntu/smart-cane-system/install/smart_cane_interfaces/lib/libsmart_cane_interfaces__rosidl_typesupport_fastrtps_c.so
[20.006s] -- Set non-toolchain portion of runtime path of "/home/ubuntu/smart-cane-system/install/smart_cane_interfaces/lib/libsmart_cane_interfaces__rosidl_typesupport_fastrtps_c.so" to ""
[20.006s] -- Up-to-date: /home/ubuntu/smart-cane-system/install/smart_cane_interfaces/include/smart_cane_interfaces/smart_cane_interfaces
[20.006s] -- Up-to-date: /home/ubuntu/smart-cane-system/install/smart_cane_interfaces/include/smart_cane_interfaces/smart_cane_interfaces/msg
[20.006s] -- Installing: /home/ubuntu/smart-cane-system/install/smart_cane_interfaces/include/smart_cane_interfaces/smart_cane_interfaces/msg/feedback_command.hpp
[20.006s] -- Installing: /home/ubuntu/smart-cane-system/install/smart_cane_interfaces/include/smart_cane_interfaces/smart_cane_interfaces/msg/detection_result.hpp
[20.006s] -- Up-to-date: /home/ubuntu/smart-cane-system/install/smart_cane_interfaces/include/smart_cane_interfaces/smart_cane_interfaces/msg/detail
[20.006s] -- Installing: /home/ubuntu/smart-cane-system/install/smart_cane_interfaces/include/smart_cane_interfaces/smart_cane_interfaces/msg/detail/ultrasonic_data__struct.hpp
[20.006s] -- Installing: /home/ubuntu/smart-cane-system/install/smart_cane_interfaces/include/smart_cane_interfaces/smart_cane_interfaces/msg/detail/ultrasonic_data__traits.hpp
[20.006s] -- Installing: /home/ubuntu/smart-cane-system/install/smart_cane_interfaces/include/smart_cane_interfaces/smart_cane_interfaces/msg/detail/ultrasonic_data__type_support.hpp
[20.007s] -- Installing: /home/ubuntu/smart-cane-system/install/smart_cane_interfaces/include/smart_cane_interfaces/smart_cane_interfaces/msg/detail/detection_result__type_support.hpp
[20.007s] -- Installing: /home/ubuntu/smart-cane-system/install/smart_cane_interfaces/include/smart_cane_interfaces/smart_cane_interfaces/msg/detail/feedback_command__builder.hpp
[20.007s] -- Installing: /home/ubuntu/smart-cane-system/install/smart_cane_interfaces/include/smart_cane_interfaces/smart_cane_interfaces/msg/detail/detection_result__struct.hpp
[20.007s] -- Installing: /home/ubuntu/smart-cane-system/install/smart_cane_interfaces/include/smart_cane_interfaces/smart_cane_interfaces/msg/detail/ultrasonic_data__builder.hpp
[20.007s] -- Installing: /home/ubuntu/smart-cane-system/install/smart_cane_interfaces/include/smart_cane_interfaces/smart_cane_interfaces/msg/detail/detection_result__builder.hpp
[20.007s] -- Installing: /home/ubuntu/smart-cane-system/install/smart_cane_interfaces/include/smart_cane_interfaces/smart_cane_interfaces/msg/detail/feedback_command__struct.hpp
[20.007s] -- Installing: /home/ubuntu/smart-cane-system/install/smart_cane_interfaces/include/smart_cane_interfaces/smart_cane_interfaces/msg/detail/detection_result__traits.hpp
[20.007s] -- Installing: /home/ubuntu/smart-cane-system/install/smart_cane_interfaces/include/smart_cane_interfaces/smart_cane_interfaces/msg/detail/feedback_command__traits.hpp
[20.008s] -- Installing: /home/ubuntu/smart-cane-system/install/smart_cane_interfaces/include/smart_cane_interfaces/smart_cane_interfaces/msg/detail/feedback_command__type_support.hpp
[20.008s] -- Installing: /home/ubuntu/smart-cane-system/install/smart_cane_interfaces/include/smart_cane_interfaces/smart_cane_interfaces/msg/rosidl_generator_cpp__visibility_control.hpp
[20.008s] -- Installing: /home/ubuntu/smart-cane-system/install/smart_cane_interfaces/include/smart_cane_interfaces/smart_cane_interfaces/msg/ultrasonic_data.hpp
[20.008s] -- Up-to-date: /home/ubuntu/smart-cane-system/install/smart_cane_interfaces/include/smart_cane_interfaces/smart_cane_interfaces
[20.008s] -- Up-to-date: /home/ubuntu/smart-cane-system/install/smart_cane_interfaces/include/smart_cane_interfaces/smart_cane_interfaces/msg
[20.008s] -- Up-to-date: /home/ubuntu/smart-cane-system/install/smart_cane_interfaces/include/smart_cane_interfaces/smart_cane_interfaces/msg/detail
[20.008s] -- Installing: /home/ubuntu/smart-cane-system/install/smart_cane_interfaces/include/smart_cane_interfaces/smart_cane_interfaces/msg/detail/ultrasonic_data__rosidl_typesupport_fastrtps_cpp.hpp
[20.008s] -- Installing: /home/ubuntu/smart-cane-system/install/smart_cane_interfaces/include/smart_cane_interfaces/smart_cane_interfaces/msg/detail/dds_fastrtps
[20.008s] -- Installing: /home/ubuntu/smart-cane-system/install/smart_cane_interfaces/include/smart_cane_interfaces/smart_cane_interfaces/msg/detail/feedback_command__rosidl_typesupport_fastrtps_cpp.hpp
[20.009s] -- Installing: /home/ubuntu/smart-cane-system/install/smart_cane_interfaces/include/smart_cane_interfaces/smart_cane_interfaces/msg/detail/detection_result__rosidl_typesupport_fastrtps_cpp.hpp
[20.009s] -- Installing: /home/ubuntu/smart-cane-system/install/smart_cane_interfaces/include/smart_cane_interfaces/smart_cane_interfaces/msg/rosidl_typesupport_fastrtps_cpp__visibility_control.h
[20.009s] -- Installing: /home/ubuntu/smart-cane-system/install/smart_cane_interfaces/lib/libsmart_cane_interfaces__rosidl_typesupport_fastrtps_cpp.so
[20.010s] -- Set non-toolchain portion of runtime path of "/home/ubuntu/smart-cane-system/install/smart_cane_interfaces/lib/libsmart_cane_interfaces__rosidl_typesupport_fastrtps_cpp.so" to ""
[20.010s] -- Up-to-date: /home/ubuntu/smart-cane-system/install/smart_cane_interfaces/include/smart_cane_interfaces/smart_cane_interfaces
[20.010s] -- Up-to-date: /home/ubuntu/smart-cane-system/install/smart_cane_interfaces/include/smart_cane_interfaces/smart_cane_interfaces/msg
[20.010s] -- Up-to-date: /home/ubuntu/smart-cane-system/install/smart_cane_interfaces/include/smart_cane_interfaces/smart_cane_interfaces/msg/detail
[20.010s] -- Installing: /home/ubuntu/smart-cane-system/install/smart_cane_interfaces/include/smart_cane_interfaces/smart_cane_interfaces/msg/detail/feedback_command__type_support.c
[20.010s] -- Installing: /home/ubuntu/smart-cane-system/install/smart_cane_interfaces/include/smart_cane_interfaces/smart_cane_interfaces/msg/detail/feedback_command__rosidl_typesupport_introspection_c.h
[20.010s] -- Installing: /home/ubuntu/smart-cane-system/install/smart_cane_interfaces/include/smart_cane_interfaces/smart_cane_interfaces/msg/detail/detection_result__type_support.c
[20.011s] -- Installing: /home/ubuntu/smart-cane-system/install/smart_cane_interfaces/include/smart_cane_interfaces/smart_cane_interfaces/msg/detail/ultrasonic_data__type_support.c
[20.011s] -- Installing: /home/ubuntu/smart-cane-system/install/smart_cane_interfaces/include/smart_cane_interfaces/smart_cane_interfaces/msg/detail/detection_result__rosidl_typesupport_introspection_c.h
[20.011s] -- Installing: /home/ubuntu/smart-cane-system/install/smart_cane_interfaces/include/smart_cane_interfaces/smart_cane_interfaces/msg/detail/ultrasonic_data__rosidl_typesupport_introspection_c.h
[20.011s] -- Installing: /home/ubuntu/smart-cane-system/install/smart_cane_interfaces/include/smart_cane_interfaces/smart_cane_interfaces/msg/rosidl_typesupport_introspection_c__visibility_control.h
[20.011s] -- Installing: /home/ubuntu/smart-cane-system/install/smart_cane_interfaces/lib/libsmart_cane_interfaces__rosidl_typesupport_introspection_c.so
[20.012s] -- Set non-toolchain portion of runtime path of "/home/ubuntu/smart-cane-system/install/smart_cane_interfaces/lib/libsmart_cane_interfaces__rosidl_typesupport_introspection_c.so" to ""
[20.012s] -- Installing: /home/ubuntu/smart-cane-system/install/smart_cane_interfaces/lib/libsmart_cane_interfaces__rosidl_typesupport_c.so
[20.013s] -- Set non-toolchain portion of runtime path of "/home/ubuntu/smart-cane-system/install/smart_cane_interfaces/lib/libsmart_cane_interfaces__rosidl_typesupport_c.so" to ""
[20.013s] -- Up-to-date: /home/ubuntu/smart-cane-system/install/smart_cane_interfaces/include/smart_cane_interfaces/smart_cane_interfaces
[20.013s] -- Up-to-date: /home/ubuntu/smart-cane-system/install/smart_cane_interfaces/include/smart_cane_interfaces/smart_cane_interfaces/msg
[20.013s] -- Up-to-date: /home/ubuntu/smart-cane-system/install/smart_cane_interfaces/include/smart_cane_interfaces/smart_cane_interfaces/msg/detail
[20.013s] -- Installing: /home/ubuntu/smart-cane-system/install/smart_cane_interfaces/include/smart_cane_interfaces/smart_cane_interfaces/msg/detail/detection_result__rosidl_typesupport_introspection_cpp.hpp
[20.013s] -- Installing: /home/ubuntu/smart-cane-system/install/smart_cane_interfaces/include/smart_cane_interfaces/smart_cane_interfaces/msg/detail/detection_result__type_support.cpp
[20.013s] -- Installing: /home/ubuntu/smart-cane-system/install/smart_cane_interfaces/include/smart_cane_interfaces/smart_cane_interfaces/msg/detail/ultrasonic_data__rosidl_typesupport_introspection_cpp.hpp
[20.013s] -- Installing: /home/ubuntu/smart-cane-system/install/smart_cane_interfaces/include/smart_cane_interfaces/smart_cane_interfaces/msg/detail/feedback_command__type_support.cpp
[20.013s] -- Installing: /home/ubuntu/smart-cane-system/install/smart_cane_interfaces/include/smart_cane_interfaces/smart_cane_interfaces/msg/detail/ultrasonic_data__type_support.cpp
[20.013s] -- Installing: /home/ubuntu/smart-cane-system/install/smart_cane_interfaces/include/smart_cane_interfaces/smart_cane_interfaces/msg/detail/feedback_command__rosidl_typesupport_introspection_cpp.hpp
[20.014s] -- Installing: /home/ubuntu/smart-cane-system/install/smart_cane_interfaces/lib/libsmart_cane_interfaces__rosidl_typesupport_introspection_cpp.so
[20.014s] -- Set non-toolchain portion of runtime path of "/home/ubuntu/smart-cane-system/install/smart_cane_interfaces/lib/libsmart_cane_interfaces__rosidl_typesupport_introspection_cpp.so" to ""
[20.015s] -- Installing: /home/ubuntu/smart-cane-system/install/smart_cane_interfaces/lib/libsmart_cane_interfaces__rosidl_typesupport_cpp.so
[20.015s] -- Set non-toolchain portion of runtime path of "/home/ubuntu/smart-cane-system/install/smart_cane_interfaces/lib/libsmart_cane_interfaces__rosidl_typesupport_cpp.so" to ""
[20.015s] -- Installing: /home/ubuntu/smart-cane-system/install/smart_cane_interfaces/share/smart_cane_interfaces/environment/pythonpath.sh
[20.015s] -- Installing: /home/ubuntu/smart-cane-system/install/smart_cane_interfaces/share/smart_cane_interfaces/environment/pythonpath.dsv
[20.016s] -- Installing: /home/ubuntu/smart-cane-system/install/smart_cane_interfaces/lib/python3.12/site-packages/smart_cane_interfaces-0.0.0-py3.12.egg-info
[20.016s] -- Installing: /home/ubuntu/smart-cane-system/install/smart_cane_interfaces/lib/python3.12/site-packages/smart_cane_interfaces-0.0.0-py3.12.egg-info/dependency_links.txt
[20.016s] -- Installing: /home/ubuntu/smart-cane-system/install/smart_cane_interfaces/lib/python3.12/site-packages/smart_cane_interfaces-0.0.0-py3.12.egg-info/PKG-INFO
[20.016s] -- Installing: /home/ubuntu/smart-cane-system/install/smart_cane_interfaces/lib/python3.12/site-packages/smart_cane_interfaces-0.0.0-py3.12.egg-info/top_level.txt
[20.016s] -- Installing: /home/ubuntu/smart-cane-system/install/smart_cane_interfaces/lib/python3.12/site-packages/smart_cane_interfaces-0.0.0-py3.12.egg-info/SOURCES.txt
[20.016s] -- Installing: /home/ubuntu/smart-cane-system/install/smart_cane_interfaces/lib/python3.12/site-packages/smart_cane_interfaces
[20.016s] -- Installing: /home/ubuntu/smart-cane-system/install/smart_cane_interfaces/lib/python3.12/site-packages/smart_cane_interfaces/smart_cane_interfaces_s__rosidl_typesupport_c.so
[20.017s] -- Installing: /home/ubuntu/smart-cane-system/install/smart_cane_interfaces/lib/python3.12/site-packages/smart_cane_interfaces/smart_cane_interfaces_s__rosidl_typesupport_fastrtps_c.so
[20.017s] -- Installing: /home/ubuntu/smart-cane-system/install/smart_cane_interfaces/lib/python3.12/site-packages/smart_cane_interfaces/smart_cane_interfaces_s__rosidl_typesupport_introspection_c.so
[20.017s] -- Installing: /home/ubuntu/smart-cane-system/install/smart_cane_interfaces/lib/python3.12/site-packages/smart_cane_interfaces/_smart_cane_interfaces_s.ep.rosidl_typesupport_introspection_c.c
[20.018s] -- Installing: /home/ubuntu/smart-cane-system/install/smart_cane_interfaces/lib/python3.12/site-packages/smart_cane_interfaces/_smart_cane_interfaces_s.ep.rosidl_typesupport_c.c
[20.018s] -- Installing: /home/ubuntu/smart-cane-system/install/smart_cane_interfaces/lib/python3.12/site-packages/smart_cane_interfaces/__init__.py
[20.018s] -- Installing: /home/ubuntu/smart-cane-system/install/smart_cane_interfaces/lib/python3.12/site-packages/smart_cane_interfaces/msg
[20.018s] -- Installing: /home/ubuntu/smart-cane-system/install/smart_cane_interfaces/lib/python3.12/site-packages/smart_cane_interfaces/msg/_feedback_command.py
[20.018s] -- Installing: /home/ubuntu/smart-cane-system/install/smart_cane_interfaces/lib/python3.12/site-packages/smart_cane_interfaces/msg/_feedback_command_s.c
[20.018s] -- Installing: /home/ubuntu/smart-cane-system/install/smart_cane_interfaces/lib/python3.12/site-packages/smart_cane_interfaces/msg/_detection_result_s.c
[20.019s] -- Installing: /home/ubuntu/smart-cane-system/install/smart_cane_interfaces/lib/python3.12/site-packages/smart_cane_interfaces/msg/_ultrasonic_data.py
[20.019s] -- Installing: /home/ubuntu/smart-cane-system/install/smart_cane_interfaces/lib/python3.12/site-packages/smart_cane_interfaces/msg/__init__.py
[20.019s] -- Installing: /home/ubuntu/smart-cane-system/install/smart_cane_interfaces/lib/python3.12/site-packages/smart_cane_interfaces/msg/_detection_result.py
[20.019s] -- Installing: /home/ubuntu/smart-cane-system/install/smart_cane_interfaces/lib/python3.12/site-packages/smart_cane_interfaces/msg/_ultrasonic_data_s.c
[20.019s] -- Installing: /home/ubuntu/smart-cane-system/install/smart_cane_interfaces/lib/python3.12/site-packages/smart_cane_interfaces/_smart_cane_interfaces_s.ep.rosidl_typesupport_fastrtps_c.c
[20.096s] Listing '/home/ubuntu/smart-cane-system/install/smart_cane_interfaces/lib/python3.12/site-packages/smart_cane_interfaces'...
[20.097s] Compiling '/home/ubuntu/smart-cane-system/install/smart_cane_interfaces/lib/python3.12/site-packages/smart_cane_interfaces/__init__.py'...
[20.097s] Listing '/home/ubuntu/smart-cane-system/install/smart_cane_interfaces/lib/python3.12/site-packages/smart_cane_interfaces/msg'...
[20.097s] Compiling '/home/ubuntu/smart-cane-system/install/smart_cane_interfaces/lib/python3.12/site-packages/smart_cane_interfaces/msg/__init__.py'...
[20.097s] Compiling '/home/ubuntu/smart-cane-system/install/smart_cane_interfaces/lib/python3.12/site-packages/smart_cane_interfaces/msg/_detection_result.py'...
[20.097s] Compiling '/home/ubuntu/smart-cane-system/install/smart_cane_interfaces/lib/python3.12/site-packages/smart_cane_interfaces/msg/_feedback_command.py'...
[20.097s] Compiling '/home/ubuntu/smart-cane-system/install/smart_cane_interfaces/lib/python3.12/site-packages/smart_cane_interfaces/msg/_ultrasonic_data.py'...
[20.110s] -- Installing: /home/ubuntu/smart-cane-system/install/smart_cane_interfaces/lib/python3.12/site-packages/smart_cane_interfaces/smart_cane_interfaces_s__rosidl_typesupport_fastrtps_c.so
[20.111s] -- Set non-toolchain portion of runtime path of "/home/ubuntu/smart-cane-system/install/smart_cane_interfaces/lib/python3.12/site-packages/smart_cane_interfaces/smart_cane_interfaces_s__rosidl_typesupport_fastrtps_c.so" to ""
[20.111s] -- Installing: /home/ubuntu/smart-cane-system/install/smart_cane_interfaces/lib/python3.12/site-packages/smart_cane_interfaces/smart_cane_interfaces_s__rosidl_typesupport_introspection_c.so
[20.111s] -- Set non-toolchain portion of runtime path of "/home/ubuntu/smart-cane-system/install/smart_cane_interfaces/lib/python3.12/site-packages/smart_cane_interfaces/smart_cane_interfaces_s__rosidl_typesupport_introspection_c.so" to ""
[20.112s] -- Installing: /home/ubuntu/smart-cane-system/install/smart_cane_interfaces/lib/python3.12/site-packages/smart_cane_interfaces/smart_cane_interfaces_s__rosidl_typesupport_c.so
[20.112s] -- Set non-toolchain portion of runtime path of "/home/ubuntu/smart-cane-system/install/smart_cane_interfaces/lib/python3.12/site-packages/smart_cane_interfaces/smart_cane_interfaces_s__rosidl_typesupport_c.so" to ""
[20.112s] -- Installing: /home/ubuntu/smart-cane-system/install/smart_cane_interfaces/lib/libsmart_cane_interfaces__rosidl_generator_py.so
[20.113s] -- Set non-toolchain portion of runtime path of "/home/ubuntu/smart-cane-system/install/smart_cane_interfaces/lib/libsmart_cane_interfaces__rosidl_generator_py.so" to ""
[20.113s] -- Installing: /home/ubuntu/smart-cane-system/install/smart_cane_interfaces/share/smart_cane_interfaces/msg/UltrasonicData.idl
[20.113s] -- Installing: /home/ubuntu/smart-cane-system/install/smart_cane_interfaces/share/smart_cane_interfaces/msg/DetectionResult.idl
[20.114s] -- Installing: /home/ubuntu/smart-cane-system/install/smart_cane_interfaces/share/smart_cane_interfaces/msg/FeedbackCommand.idl
[20.114s] -- Installing: /home/ubuntu/smart-cane-system/install/smart_cane_interfaces/share/smart_cane_interfaces/msg/UltrasonicData.msg
[20.114s] -- Installing: /home/ubuntu/smart-cane-system/install/smart_cane_interfaces/share/smart_cane_interfaces/msg/DetectionResult.msg
[20.114s] -- Installing: /home/ubuntu/smart-cane-system/install/smart_cane_interfaces/share/smart_cane_interfaces/msg/FeedbackCommand.msg
[20.114s] -- Installing: /home/ubuntu/smart-cane-system/install/smart_cane_interfaces/share/ament_index/resource_index/package_run_dependencies/smart_cane_interfaces
[20.115s] -- Installing: /home/ubuntu/smart-cane-system/install/smart_cane_interfaces/share/ament_index/resource_index/parent_prefix_path/smart_cane_interfaces
[20.115s] -- Installing: /home/ubuntu/smart-cane-system/install/smart_cane_interfaces/share/smart_cane_interfaces/environment/ament_prefix_path.sh
[20.115s] -- Installing: /home/ubuntu/smart-cane-system/install/smart_cane_interfaces/share/smart_cane_interfaces/environment/ament_prefix_path.dsv
[20.115s] -- Installing: /home/ubuntu/smart-cane-system/install/smart_cane_interfaces/share/smart_cane_interfaces/environment/path.sh
[20.115s] -- Installing: /home/ubuntu/smart-cane-system/install/smart_cane_interfaces/share/smart_cane_interfaces/environment/path.dsv
[20.115s] -- Installing: /home/ubuntu/smart-cane-system/install/smart_cane_interfaces/share/smart_cane_interfaces/local_setup.bash
[20.116s] -- Installing: /home/ubuntu/smart-cane-system/install/smart_cane_interfaces/share/smart_cane_interfaces/local_setup.sh
[20.116s] -- Installing: /home/ubuntu/smart-cane-system/install/smart_cane_interfaces/share/smart_cane_interfaces/local_setup.zsh
[20.116s] -- Installing: /home/ubuntu/smart-cane-system/install/smart_cane_interfaces/share/smart_cane_interfaces/local_setup.dsv
[20.116s] -- Installing: /home/ubuntu/smart-cane-system/install/smart_cane_interfaces/share/smart_cane_interfaces/package.dsv
[20.116s] -- Installing: /home/ubuntu/smart-cane-system/install/smart_cane_interfaces/share/ament_index/resource_index/packages/smart_cane_interfaces
[20.117s] -- Installing: /home/ubuntu/smart-cane-system/install/smart_cane_interfaces/share/smart_cane_interfaces/cmake/export_smart_cane_interfaces__rosidl_generator_cExport.cmake
[20.117s] -- Installing: /home/ubuntu/smart-cane-system/install/smart_cane_interfaces/share/smart_cane_interfaces/cmake/export_smart_cane_interfaces__rosidl_generator_cExport-noconfig.cmake
[20.117s] -- Installing: /home/ubuntu/smart-cane-system/install/smart_cane_interfaces/share/smart_cane_interfaces/cmake/export_smart_cane_interfaces__rosidl_typesupport_fastrtps_cExport.cmake
[20.117s] -- Installing: /home/ubuntu/smart-cane-system/install/smart_cane_interfaces/share/smart_cane_interfaces/cmake/export_smart_cane_interfaces__rosidl_typesupport_fastrtps_cExport-noconfig.cmake
[20.117s] -- Installing: /home/ubuntu/smart-cane-system/install/smart_cane_interfaces/share/smart_cane_interfaces/cmake/export_smart_cane_interfaces__rosidl_generator_cppExport.cmake
[20.118s] -- Installing: /home/ubuntu/smart-cane-system/install/smart_cane_interfaces/share/smart_cane_interfaces/cmake/export_smart_cane_interfaces__rosidl_typesupport_fastrtps_cppExport.cmake
[20.118s] -- Installing: /home/ubuntu/smart-cane-system/install/smart_cane_interfaces/share/smart_cane_interfaces/cmake/export_smart_cane_interfaces__rosidl_typesupport_fastrtps_cppExport-noconfig.cmake
[20.118s] -- Installing: /home/ubuntu/smart-cane-system/install/smart_cane_interfaces/share/smart_cane_interfaces/cmake/smart_cane_interfaces__rosidl_typesupport_introspection_cExport.cmake
[20.118s] -- Installing: /home/ubuntu/smart-cane-system/install/smart_cane_interfaces/share/smart_cane_interfaces/cmake/smart_cane_interfaces__rosidl_typesupport_introspection_cExport-noconfig.cmake
[20.118s] -- Installing: /home/ubuntu/smart-cane-system/install/smart_cane_interfaces/share/smart_cane_interfaces/cmake/smart_cane_interfaces__rosidl_typesupport_cExport.cmake
[20.119s] -- Installing: /home/ubuntu/smart-cane-system/install/smart_cane_interfaces/share/smart_cane_interfaces/cmake/smart_cane_interfaces__rosidl_typesupport_cExport-noconfig.cmake
[20.119s] -- Installing: /home/ubuntu/smart-cane-system/install/smart_cane_interfaces/share/smart_cane_interfaces/cmake/smart_cane_interfaces__rosidl_typesupport_introspection_cppExport.cmake
[20.119s] -- Installing: /home/ubuntu/smart-cane-system/install/smart_cane_interfaces/share/smart_cane_interfaces/cmake/smart_cane_interfaces__rosidl_typesupport_introspection_cppExport-noconfig.cmake
[20.119s] -- Installing: /home/ubuntu/smart-cane-system/install/smart_cane_interfaces/share/smart_cane_interfaces/cmake/smart_cane_interfaces__rosidl_typesupport_cppExport.cmake
[20.119s] -- Installing: /home/ubuntu/smart-cane-system/install/smart_cane_interfaces/share/smart_cane_interfaces/cmake/smart_cane_interfaces__rosidl_typesupport_cppExport-noconfig.cmake
[20.120s] -- Installing: /home/ubuntu/smart-cane-system/install/smart_cane_interfaces/share/smart_cane_interfaces/cmake/export_smart_cane_interfaces__rosidl_generator_pyExport.cmake
[20.120s] -- Installing: /home/ubuntu/smart-cane-system/install/smart_cane_interfaces/share/smart_cane_interfaces/cmake/export_smart_cane_interfaces__rosidl_generator_pyExport-noconfig.cmake
[20.120s] -- Installing: /home/ubuntu/smart-cane-system/install/smart_cane_interfaces/share/smart_cane_interfaces/cmake/rosidl_cmake-extras.cmake
[20.120s] -- Installing: /home/ubuntu/smart-cane-system/install/smart_cane_interfaces/share/smart_cane_interfaces/cmake/ament_cmake_export_dependencies-extras.cmake
[20.120s] -- Installing: /home/ubuntu/smart-cane-system/install/smart_cane_interfaces/share/smart_cane_interfaces/cmake/ament_cmake_export_include_directories-extras.cmake
[20.121s] -- Installing: /home/ubuntu/smart-cane-system/install/smart_cane_interfaces/share/smart_cane_interfaces/cmake/ament_cmake_export_libraries-extras.cmake
[20.121s] -- Installing: /home/ubuntu/smart-cane-system/install/smart_cane_interfaces/share/smart_cane_interfaces/cmake/ament_cmake_export_targets-extras.cmake
[20.121s] -- Installing: /home/ubuntu/smart-cane-system/install/smart_cane_interfaces/share/smart_cane_interfaces/cmake/rosidl_cmake_export_typesupport_targets-extras.cmake
[20.121s] -- Installing: /home/ubuntu/smart-cane-system/install/smart_cane_interfaces/share/smart_cane_interfaces/cmake/rosidl_cmake_export_typesupport_libraries-extras.cmake
[20.121s] -- Installing: /home/ubuntu/smart-cane-system/install/smart_cane_interfaces/share/smart_cane_interfaces/cmake/smart_cane_interfacesConfig.cmake
[20.121s] -- Installing: /home/ubuntu/smart-cane-system/install/smart_cane_interfaces/share/smart_cane_interfaces/cmake/smart_cane_interfacesConfig-version.cmake
[20.122s] -- Installing: /home/ubuntu/smart-cane-system/install/smart_cane_interfaces/share/smart_cane_interfaces/package.xml
[20.126s] Invoked command in '/home/ubuntu/smart-cane-system/build/smart_cane_interfaces' returned '0': CMAKE_PREFIX_PATH=${CMAKE_PREFIX_PATH}:/opt/ros/jazzy DEBUGINFOD_URLS=https://debuginfod.ubuntu.com /usr/bin/cmake --install /home/ubuntu/smart-cane-system/build/smart_cane_interfaces
