[  1%] Built target smart_cane_interfaces__rosidl_generator_type_description
[  1%] Built target ament_cmake_python_copy_smart_cane_interfaces
[  3%] Built target smart_cane_interfaces__cpp
[ 24%] Built target smart_cane_interfaces__rosidl_generator_c
[ 33%] Built target smart_cane_interfaces__rosidl_typesupport_cpp
[ 42%] Built target smart_cane_interfaces__rosidl_typesupport_fastrtps_c
[ 51%] Built target smart_cane_interfaces__rosidl_typesupport_fastrtps_cpp
[ 61%] Built target smart_cane_interfaces__rosidl_typesupport_c
[ 70%] Built target smart_cane_interfaces__rosidl_typesupport_introspection_c
[ 79%] Built target smart_cane_interfaces__rosidl_typesupport_introspection_cpp
[ 79%] Built target smart_cane_interfaces
running egg_info
[ 81%] Built target smart_cane_interfaces__py
writing smart_cane_interfaces.egg-info/PKG-INFO
writing dependency_links to smart_cane_interfaces.egg-info/dependency_links.txt
writing top-level names to smart_cane_interfaces.egg-info/top_level.txt
[ 88%] Built target smart_cane_interfaces__rosidl_generator_py
reading manifest file 'smart_cane_interfaces.egg-info/SOURCES.txt'
writing manifest file 'smart_cane_interfaces.egg-info/SOURCES.txt'
[ 92%] Built target smart_cane_interfaces_s__rosidl_typesupport_c
[ 96%] Built target smart_cane_interfaces_s__rosidl_typesupport_introspection_c
[100%] Built target smart_cane_interfaces_s__rosidl_typesupport_fastrtps_c
[100%] Built target ament_cmake_python_build_smart_cane_interfaces_egg
-- Install configuration: ""
-- Up-to-date: /home/ubuntu/smart-cane-system/install/smart_cane_interfaces/share/ament_index/resource_index/rosidl_interfaces/smart_cane_interfaces
-- Up-to-date: /home/ubuntu/smart-cane-system/install/smart_cane_interfaces/share/smart_cane_interfaces/msg/UltrasonicData.json
-- Up-to-date: /home/ubuntu/smart-cane-system/install/smart_cane_interfaces/share/smart_cane_interfaces/msg/DetectionResult.json
-- Up-to-date: /home/ubuntu/smart-cane-system/install/smart_cane_interfaces/share/smart_cane_interfaces/msg/FeedbackCommand.json
-- Up-to-date: /home/ubuntu/smart-cane-system/install/smart_cane_interfaces/include/smart_cane_interfaces/smart_cane_interfaces
-- Up-to-date: /home/ubuntu/smart-cane-system/install/smart_cane_interfaces/include/smart_cane_interfaces/smart_cane_interfaces/msg
-- Up-to-date: /home/ubuntu/smart-cane-system/install/smart_cane_interfaces/include/smart_cane_interfaces/smart_cane_interfaces/msg/feedback_command.h
-- Up-to-date: /home/ubuntu/smart-cane-system/install/smart_cane_interfaces/include/smart_cane_interfaces/smart_cane_interfaces/msg/rosidl_generator_c__visibility_control.h
-- Up-to-date: /home/ubuntu/smart-cane-system/install/smart_cane_interfaces/include/smart_cane_interfaces/smart_cane_interfaces/msg/detail
-- Up-to-date: /home/ubuntu/smart-cane-system/install/smart_cane_interfaces/include/smart_cane_interfaces/smart_cane_interfaces/msg/detail/detection_result__functions.h
-- Up-to-date: /home/ubuntu/smart-cane-system/install/smart_cane_interfaces/include/smart_cane_interfaces/smart_cane_interfaces/msg/detail/feedback_command__struct.h
-- Up-to-date: /home/ubuntu/smart-cane-system/install/smart_cane_interfaces/include/smart_cane_interfaces/smart_cane_interfaces/msg/detail/ultrasonic_data__struct.h
-- Up-to-date: /home/ubuntu/smart-cane-system/install/smart_cane_interfaces/include/smart_cane_interfaces/smart_cane_interfaces/msg/detail/detection_result__description.c
-- Up-to-date: /home/ubuntu/smart-cane-system/install/smart_cane_interfaces/include/smart_cane_interfaces/smart_cane_interfaces/msg/detail/detection_result__functions.c
-- Up-to-date: /home/ubuntu/smart-cane-system/install/smart_cane_interfaces/include/smart_cane_interfaces/smart_cane_interfaces/msg/detail/feedback_command__type_support.c
-- Up-to-date: /home/ubuntu/smart-cane-system/install/smart_cane_interfaces/include/smart_cane_interfaces/smart_cane_interfaces/msg/detail/feedback_command__functions.h
-- Up-to-date: /home/ubuntu/smart-cane-system/install/smart_cane_interfaces/include/smart_cane_interfaces/smart_cane_interfaces/msg/detail/ultrasonic_data__functions.c
-- Up-to-date: /home/ubuntu/smart-cane-system/install/smart_cane_interfaces/include/smart_cane_interfaces/smart_cane_interfaces/msg/detail/detection_result__type_support.h
-- Up-to-date: /home/ubuntu/smart-cane-system/install/smart_cane_interfaces/include/smart_cane_interfaces/smart_cane_interfaces/msg/detail/detection_result__type_support.c
-- Up-to-date: /home/ubuntu/smart-cane-system/install/smart_cane_interfaces/include/smart_cane_interfaces/smart_cane_interfaces/msg/detail/ultrasonic_data__type_support.c
-- Up-to-date: /home/ubuntu/smart-cane-system/install/smart_cane_interfaces/include/smart_cane_interfaces/smart_cane_interfaces/msg/detail/feedback_command__functions.c
-- Up-to-date: /home/ubuntu/smart-cane-system/install/smart_cane_interfaces/include/smart_cane_interfaces/smart_cane_interfaces/msg/detail/ultrasonic_data__description.c
-- Up-to-date: /home/ubuntu/smart-cane-system/install/smart_cane_interfaces/include/smart_cane_interfaces/smart_cane_interfaces/msg/detail/feedback_command__description.c
-- Up-to-date: /home/ubuntu/smart-cane-system/install/smart_cane_interfaces/include/smart_cane_interfaces/smart_cane_interfaces/msg/detail/ultrasonic_data__type_support.h
-- Up-to-date: /home/ubuntu/smart-cane-system/install/smart_cane_interfaces/include/smart_cane_interfaces/smart_cane_interfaces/msg/detail/feedback_command__type_support.h
-- Up-to-date: /home/ubuntu/smart-cane-system/install/smart_cane_interfaces/include/smart_cane_interfaces/smart_cane_interfaces/msg/detail/ultrasonic_data__functions.h
-- Up-to-date: /home/ubuntu/smart-cane-system/install/smart_cane_interfaces/include/smart_cane_interfaces/smart_cane_interfaces/msg/detail/detection_result__struct.h
-- Up-to-date: /home/ubuntu/smart-cane-system/install/smart_cane_interfaces/include/smart_cane_interfaces/smart_cane_interfaces/msg/ultrasonic_data.h
-- Up-to-date: /home/ubuntu/smart-cane-system/install/smart_cane_interfaces/include/smart_cane_interfaces/smart_cane_interfaces/msg/detection_result.h
-- Up-to-date: /home/ubuntu/smart-cane-system/install/smart_cane_interfaces/share/smart_cane_interfaces/environment/library_path.sh
-- Up-to-date: /home/ubuntu/smart-cane-system/install/smart_cane_interfaces/share/smart_cane_interfaces/environment/library_path.dsv
-- Up-to-date: /home/ubuntu/smart-cane-system/install/smart_cane_interfaces/lib/libsmart_cane_interfaces__rosidl_generator_c.so
-- Up-to-date: /home/ubuntu/smart-cane-system/install/smart_cane_interfaces/include/smart_cane_interfaces/smart_cane_interfaces
-- Up-to-date: /home/ubuntu/smart-cane-system/install/smart_cane_interfaces/include/smart_cane_interfaces/smart_cane_interfaces/msg
-- Up-to-date: /home/ubuntu/smart-cane-system/install/smart_cane_interfaces/include/smart_cane_interfaces/smart_cane_interfaces/msg/rosidl_typesupport_fastrtps_c__visibility_control.h
-- Up-to-date: /home/ubuntu/smart-cane-system/install/smart_cane_interfaces/include/smart_cane_interfaces/smart_cane_interfaces/msg/detail
-- Up-to-date: /home/ubuntu/smart-cane-system/install/smart_cane_interfaces/include/smart_cane_interfaces/smart_cane_interfaces/msg/detail/feedback_command__rosidl_typesupport_fastrtps_c.h
-- Up-to-date: /home/ubuntu/smart-cane-system/install/smart_cane_interfaces/include/smart_cane_interfaces/smart_cane_interfaces/msg/detail/detection_result__rosidl_typesupport_fastrtps_c.h
-- Up-to-date: /home/ubuntu/smart-cane-system/install/smart_cane_interfaces/include/smart_cane_interfaces/smart_cane_interfaces/msg/detail/ultrasonic_data__rosidl_typesupport_fastrtps_c.h
-- Up-to-date: /home/ubuntu/smart-cane-system/install/smart_cane_interfaces/lib/libsmart_cane_interfaces__rosidl_typesupport_fastrtps_c.so
-- Up-to-date: /home/ubuntu/smart-cane-system/install/smart_cane_interfaces/include/smart_cane_interfaces/smart_cane_interfaces
-- Up-to-date: /home/ubuntu/smart-cane-system/install/smart_cane_interfaces/include/smart_cane_interfaces/smart_cane_interfaces/msg
-- Up-to-date: /home/ubuntu/smart-cane-system/install/smart_cane_interfaces/include/smart_cane_interfaces/smart_cane_interfaces/msg/feedback_command.hpp
-- Up-to-date: /home/ubuntu/smart-cane-system/install/smart_cane_interfaces/include/smart_cane_interfaces/smart_cane_interfaces/msg/detection_result.hpp
-- Up-to-date: /home/ubuntu/smart-cane-system/install/smart_cane_interfaces/include/smart_cane_interfaces/smart_cane_interfaces/msg/detail
-- Up-to-date: /home/ubuntu/smart-cane-system/install/smart_cane_interfaces/include/smart_cane_interfaces/smart_cane_interfaces/msg/detail/ultrasonic_data__struct.hpp
-- Up-to-date: /home/ubuntu/smart-cane-system/install/smart_cane_interfaces/include/smart_cane_interfaces/smart_cane_interfaces/msg/detail/ultrasonic_data__traits.hpp
-- Up-to-date: /home/ubuntu/smart-cane-system/install/smart_cane_interfaces/include/smart_cane_interfaces/smart_cane_interfaces/msg/detail/ultrasonic_data__type_support.hpp
-- Up-to-date: /home/ubuntu/smart-cane-system/install/smart_cane_interfaces/include/smart_cane_interfaces/smart_cane_interfaces/msg/detail/detection_result__type_support.hpp
-- Up-to-date: /home/ubuntu/smart-cane-system/install/smart_cane_interfaces/include/smart_cane_interfaces/smart_cane_interfaces/msg/detail/feedback_command__builder.hpp
-- Up-to-date: /home/ubuntu/smart-cane-system/install/smart_cane_interfaces/include/smart_cane_interfaces/smart_cane_interfaces/msg/detail/detection_result__struct.hpp
-- Up-to-date: /home/ubuntu/smart-cane-system/install/smart_cane_interfaces/include/smart_cane_interfaces/smart_cane_interfaces/msg/detail/ultrasonic_data__builder.hpp
-- Up-to-date: /home/ubuntu/smart-cane-system/install/smart_cane_interfaces/include/smart_cane_interfaces/smart_cane_interfaces/msg/detail/detection_result__builder.hpp
-- Up-to-date: /home/ubuntu/smart-cane-system/install/smart_cane_interfaces/include/smart_cane_interfaces/smart_cane_interfaces/msg/detail/feedback_command__struct.hpp
-- Up-to-date: /home/ubuntu/smart-cane-system/install/smart_cane_interfaces/include/smart_cane_interfaces/smart_cane_interfaces/msg/detail/detection_result__traits.hpp
-- Up-to-date: /home/ubuntu/smart-cane-system/install/smart_cane_interfaces/include/smart_cane_interfaces/smart_cane_interfaces/msg/detail/feedback_command__traits.hpp
-- Up-to-date: /home/ubuntu/smart-cane-system/install/smart_cane_interfaces/include/smart_cane_interfaces/smart_cane_interfaces/msg/detail/feedback_command__type_support.hpp
-- Up-to-date: /home/ubuntu/smart-cane-system/install/smart_cane_interfaces/include/smart_cane_interfaces/smart_cane_interfaces/msg/rosidl_generator_cpp__visibility_control.hpp
-- Up-to-date: /home/ubuntu/smart-cane-system/install/smart_cane_interfaces/include/smart_cane_interfaces/smart_cane_interfaces/msg/ultrasonic_data.hpp
-- Up-to-date: /home/ubuntu/smart-cane-system/install/smart_cane_interfaces/include/smart_cane_interfaces/smart_cane_interfaces
-- Up-to-date: /home/ubuntu/smart-cane-system/install/smart_cane_interfaces/include/smart_cane_interfaces/smart_cane_interfaces/msg
-- Up-to-date: /home/ubuntu/smart-cane-system/install/smart_cane_interfaces/include/smart_cane_interfaces/smart_cane_interfaces/msg/detail
-- Up-to-date: /home/ubuntu/smart-cane-system/install/smart_cane_interfaces/include/smart_cane_interfaces/smart_cane_interfaces/msg/detail/ultrasonic_data__rosidl_typesupport_fastrtps_cpp.hpp
-- Up-to-date: /home/ubuntu/smart-cane-system/install/smart_cane_interfaces/include/smart_cane_interfaces/smart_cane_interfaces/msg/detail/dds_fastrtps
-- Up-to-date: /home/ubuntu/smart-cane-system/install/smart_cane_interfaces/include/smart_cane_interfaces/smart_cane_interfaces/msg/detail/feedback_command__rosidl_typesupport_fastrtps_cpp.hpp
-- Up-to-date: /home/ubuntu/smart-cane-system/install/smart_cane_interfaces/include/smart_cane_interfaces/smart_cane_interfaces/msg/detail/detection_result__rosidl_typesupport_fastrtps_cpp.hpp
-- Up-to-date: /home/ubuntu/smart-cane-system/install/smart_cane_interfaces/include/smart_cane_interfaces/smart_cane_interfaces/msg/rosidl_typesupport_fastrtps_cpp__visibility_control.h
-- Up-to-date: /home/ubuntu/smart-cane-system/install/smart_cane_interfaces/lib/libsmart_cane_interfaces__rosidl_typesupport_fastrtps_cpp.so
-- Up-to-date: /home/ubuntu/smart-cane-system/install/smart_cane_interfaces/include/smart_cane_interfaces/smart_cane_interfaces
-- Up-to-date: /home/ubuntu/smart-cane-system/install/smart_cane_interfaces/include/smart_cane_interfaces/smart_cane_interfaces/msg
-- Up-to-date: /home/ubuntu/smart-cane-system/install/smart_cane_interfaces/include/smart_cane_interfaces/smart_cane_interfaces/msg/detail
-- Up-to-date: /home/ubuntu/smart-cane-system/install/smart_cane_interfaces/include/smart_cane_interfaces/smart_cane_interfaces/msg/detail/feedback_command__type_support.c
-- Up-to-date: /home/ubuntu/smart-cane-system/install/smart_cane_interfaces/include/smart_cane_interfaces/smart_cane_interfaces/msg/detail/feedback_command__rosidl_typesupport_introspection_c.h
-- Up-to-date: /home/ubuntu/smart-cane-system/install/smart_cane_interfaces/include/smart_cane_interfaces/smart_cane_interfaces/msg/detail/detection_result__type_support.c
-- Up-to-date: /home/ubuntu/smart-cane-system/install/smart_cane_interfaces/include/smart_cane_interfaces/smart_cane_interfaces/msg/detail/ultrasonic_data__type_support.c
-- Up-to-date: /home/ubuntu/smart-cane-system/install/smart_cane_interfaces/include/smart_cane_interfaces/smart_cane_interfaces/msg/detail/detection_result__rosidl_typesupport_introspection_c.h
-- Up-to-date: /home/ubuntu/smart-cane-system/install/smart_cane_interfaces/include/smart_cane_interfaces/smart_cane_interfaces/msg/detail/ultrasonic_data__rosidl_typesupport_introspection_c.h
-- Up-to-date: /home/ubuntu/smart-cane-system/install/smart_cane_interfaces/include/smart_cane_interfaces/smart_cane_interfaces/msg/rosidl_typesupport_introspection_c__visibility_control.h
-- Up-to-date: /home/ubuntu/smart-cane-system/install/smart_cane_interfaces/lib/libsmart_cane_interfaces__rosidl_typesupport_introspection_c.so
-- Up-to-date: /home/ubuntu/smart-cane-system/install/smart_cane_interfaces/lib/libsmart_cane_interfaces__rosidl_typesupport_c.so
-- Up-to-date: /home/ubuntu/smart-cane-system/install/smart_cane_interfaces/include/smart_cane_interfaces/smart_cane_interfaces
-- Up-to-date: /home/ubuntu/smart-cane-system/install/smart_cane_interfaces/include/smart_cane_interfaces/smart_cane_interfaces/msg
-- Up-to-date: /home/ubuntu/smart-cane-system/install/smart_cane_interfaces/include/smart_cane_interfaces/smart_cane_interfaces/msg/detail
-- Up-to-date: /home/ubuntu/smart-cane-system/install/smart_cane_interfaces/include/smart_cane_interfaces/smart_cane_interfaces/msg/detail/detection_result__rosidl_typesupport_introspection_cpp.hpp
-- Up-to-date: /home/ubuntu/smart-cane-system/install/smart_cane_interfaces/include/smart_cane_interfaces/smart_cane_interfaces/msg/detail/detection_result__type_support.cpp
-- Up-to-date: /home/ubuntu/smart-cane-system/install/smart_cane_interfaces/include/smart_cane_interfaces/smart_cane_interfaces/msg/detail/ultrasonic_data__rosidl_typesupport_introspection_cpp.hpp
-- Up-to-date: /home/ubuntu/smart-cane-system/install/smart_cane_interfaces/include/smart_cane_interfaces/smart_cane_interfaces/msg/detail/feedback_command__type_support.cpp
-- Up-to-date: /home/ubuntu/smart-cane-system/install/smart_cane_interfaces/include/smart_cane_interfaces/smart_cane_interfaces/msg/detail/ultrasonic_data__type_support.cpp
-- Up-to-date: /home/ubuntu/smart-cane-system/install/smart_cane_interfaces/include/smart_cane_interfaces/smart_cane_interfaces/msg/detail/feedback_command__rosidl_typesupport_introspection_cpp.hpp
-- Up-to-date: /home/ubuntu/smart-cane-system/install/smart_cane_interfaces/lib/libsmart_cane_interfaces__rosidl_typesupport_introspection_cpp.so
-- Up-to-date: /home/ubuntu/smart-cane-system/install/smart_cane_interfaces/lib/libsmart_cane_interfaces__rosidl_typesupport_cpp.so
-- Up-to-date: /home/ubuntu/smart-cane-system/install/smart_cane_interfaces/share/smart_cane_interfaces/environment/pythonpath.sh
-- Up-to-date: /home/ubuntu/smart-cane-system/install/smart_cane_interfaces/share/smart_cane_interfaces/environment/pythonpath.dsv
-- Up-to-date: /home/ubuntu/smart-cane-system/install/smart_cane_interfaces/lib/python3.12/site-packages/smart_cane_interfaces-0.0.0-py3.12.egg-info
-- Installing: /home/ubuntu/smart-cane-system/install/smart_cane_interfaces/lib/python3.12/site-packages/smart_cane_interfaces-0.0.0-py3.12.egg-info/dependency_links.txt
-- Installing: /home/ubuntu/smart-cane-system/install/smart_cane_interfaces/lib/python3.12/site-packages/smart_cane_interfaces-0.0.0-py3.12.egg-info/PKG-INFO
-- Installing: /home/ubuntu/smart-cane-system/install/smart_cane_interfaces/lib/python3.12/site-packages/smart_cane_interfaces-0.0.0-py3.12.egg-info/top_level.txt
-- Installing: /home/ubuntu/smart-cane-system/install/smart_cane_interfaces/lib/python3.12/site-packages/smart_cane_interfaces-0.0.0-py3.12.egg-info/SOURCES.txt
-- Up-to-date: /home/ubuntu/smart-cane-system/install/smart_cane_interfaces/lib/python3.12/site-packages/smart_cane_interfaces
-- Up-to-date: /home/ubuntu/smart-cane-system/install/smart_cane_interfaces/lib/python3.12/site-packages/smart_cane_interfaces/smart_cane_interfaces_s__rosidl_typesupport_c.so
-- Up-to-date: /home/ubuntu/smart-cane-system/install/smart_cane_interfaces/lib/python3.12/site-packages/smart_cane_interfaces/smart_cane_interfaces_s__rosidl_typesupport_fastrtps_c.so
-- Up-to-date: /home/ubuntu/smart-cane-system/install/smart_cane_interfaces/lib/python3.12/site-packages/smart_cane_interfaces/smart_cane_interfaces_s__rosidl_typesupport_introspection_c.so
-- Up-to-date: /home/ubuntu/smart-cane-system/install/smart_cane_interfaces/lib/python3.12/site-packages/smart_cane_interfaces/_smart_cane_interfaces_s.ep.rosidl_typesupport_introspection_c.c
-- Up-to-date: /home/ubuntu/smart-cane-system/install/smart_cane_interfaces/lib/python3.12/site-packages/smart_cane_interfaces/_smart_cane_interfaces_s.ep.rosidl_typesupport_c.c
-- Up-to-date: /home/ubuntu/smart-cane-system/install/smart_cane_interfaces/lib/python3.12/site-packages/smart_cane_interfaces/__init__.py
-- Up-to-date: /home/ubuntu/smart-cane-system/install/smart_cane_interfaces/lib/python3.12/site-packages/smart_cane_interfaces/msg
-- Up-to-date: /home/ubuntu/smart-cane-system/install/smart_cane_interfaces/lib/python3.12/site-packages/smart_cane_interfaces/msg/_feedback_command.py
-- Up-to-date: /home/ubuntu/smart-cane-system/install/smart_cane_interfaces/lib/python3.12/site-packages/smart_cane_interfaces/msg/_feedback_command_s.c
-- Up-to-date: /home/ubuntu/smart-cane-system/install/smart_cane_interfaces/lib/python3.12/site-packages/smart_cane_interfaces/msg/_detection_result_s.c
-- Up-to-date: /home/ubuntu/smart-cane-system/install/smart_cane_interfaces/lib/python3.12/site-packages/smart_cane_interfaces/msg/_ultrasonic_data.py
-- Up-to-date: /home/ubuntu/smart-cane-system/install/smart_cane_interfaces/lib/python3.12/site-packages/smart_cane_interfaces/msg/__init__.py
-- Up-to-date: /home/ubuntu/smart-cane-system/install/smart_cane_interfaces/lib/python3.12/site-packages/smart_cane_interfaces/msg/_detection_result.py
-- Up-to-date: /home/ubuntu/smart-cane-system/install/smart_cane_interfaces/lib/python3.12/site-packages/smart_cane_interfaces/msg/_ultrasonic_data_s.c
-- Up-to-date: /home/ubuntu/smart-cane-system/install/smart_cane_interfaces/lib/python3.12/site-packages/smart_cane_interfaces/_smart_cane_interfaces_s.ep.rosidl_typesupport_fastrtps_c.c
Listing '/home/ubuntu/smart-cane-system/install/smart_cane_interfaces/lib/python3.12/site-packages/smart_cane_interfaces'...
Listing '/home/ubuntu/smart-cane-system/install/smart_cane_interfaces/lib/python3.12/site-packages/smart_cane_interfaces/msg'...
-- Up-to-date: /home/ubuntu/smart-cane-system/install/smart_cane_interfaces/lib/python3.12/site-packages/smart_cane_interfaces/smart_cane_interfaces_s__rosidl_typesupport_fastrtps_c.so
-- Up-to-date: /home/ubuntu/smart-cane-system/install/smart_cane_interfaces/lib/python3.12/site-packages/smart_cane_interfaces/smart_cane_interfaces_s__rosidl_typesupport_introspection_c.so
-- Up-to-date: /home/ubuntu/smart-cane-system/install/smart_cane_interfaces/lib/python3.12/site-packages/smart_cane_interfaces/smart_cane_interfaces_s__rosidl_typesupport_c.so
-- Up-to-date: /home/ubuntu/smart-cane-system/install/smart_cane_interfaces/lib/libsmart_cane_interfaces__rosidl_generator_py.so
-- Up-to-date: /home/ubuntu/smart-cane-system/install/smart_cane_interfaces/share/smart_cane_interfaces/msg/UltrasonicData.idl
-- Up-to-date: /home/ubuntu/smart-cane-system/install/smart_cane_interfaces/share/smart_cane_interfaces/msg/DetectionResult.idl
-- Up-to-date: /home/ubuntu/smart-cane-system/install/smart_cane_interfaces/share/smart_cane_interfaces/msg/FeedbackCommand.idl
-- Up-to-date: /home/ubuntu/smart-cane-system/install/smart_cane_interfaces/share/smart_cane_interfaces/msg/UltrasonicData.msg
-- Up-to-date: /home/ubuntu/smart-cane-system/install/smart_cane_interfaces/share/smart_cane_interfaces/msg/DetectionResult.msg
-- Up-to-date: /home/ubuntu/smart-cane-system/install/smart_cane_interfaces/share/smart_cane_interfaces/msg/FeedbackCommand.msg
-- Up-to-date: /home/ubuntu/smart-cane-system/install/smart_cane_interfaces/share/ament_index/resource_index/package_run_dependencies/smart_cane_interfaces
-- Up-to-date: /home/ubuntu/smart-cane-system/install/smart_cane_interfaces/share/ament_index/resource_index/parent_prefix_path/smart_cane_interfaces
-- Up-to-date: /home/ubuntu/smart-cane-system/install/smart_cane_interfaces/share/smart_cane_interfaces/environment/ament_prefix_path.sh
-- Up-to-date: /home/ubuntu/smart-cane-system/install/smart_cane_interfaces/share/smart_cane_interfaces/environment/ament_prefix_path.dsv
-- Up-to-date: /home/ubuntu/smart-cane-system/install/smart_cane_interfaces/share/smart_cane_interfaces/environment/path.sh
-- Up-to-date: /home/ubuntu/smart-cane-system/install/smart_cane_interfaces/share/smart_cane_interfaces/environment/path.dsv
-- Up-to-date: /home/ubuntu/smart-cane-system/install/smart_cane_interfaces/share/smart_cane_interfaces/local_setup.bash
-- Up-to-date: /home/ubuntu/smart-cane-system/install/smart_cane_interfaces/share/smart_cane_interfaces/local_setup.sh
-- Up-to-date: /home/ubuntu/smart-cane-system/install/smart_cane_interfaces/share/smart_cane_interfaces/local_setup.zsh
-- Up-to-date: /home/ubuntu/smart-cane-system/install/smart_cane_interfaces/share/smart_cane_interfaces/local_setup.dsv
-- Installing: /home/ubuntu/smart-cane-system/install/smart_cane_interfaces/share/smart_cane_interfaces/package.dsv
-- Up-to-date: /home/ubuntu/smart-cane-system/install/smart_cane_interfaces/share/ament_index/resource_index/packages/smart_cane_interfaces
-- Up-to-date: /home/ubuntu/smart-cane-system/install/smart_cane_interfaces/share/smart_cane_interfaces/cmake/export_smart_cane_interfaces__rosidl_generator_cExport.cmake
-- Up-to-date: /home/ubuntu/smart-cane-system/install/smart_cane_interfaces/share/smart_cane_interfaces/cmake/export_smart_cane_interfaces__rosidl_generator_cExport-noconfig.cmake
-- Up-to-date: /home/ubuntu/smart-cane-system/install/smart_cane_interfaces/share/smart_cane_interfaces/cmake/export_smart_cane_interfaces__rosidl_typesupport_fastrtps_cExport.cmake
-- Up-to-date: /home/ubuntu/smart-cane-system/install/smart_cane_interfaces/share/smart_cane_interfaces/cmake/export_smart_cane_interfaces__rosidl_typesupport_fastrtps_cExport-noconfig.cmake
-- Up-to-date: /home/ubuntu/smart-cane-system/install/smart_cane_interfaces/share/smart_cane_interfaces/cmake/export_smart_cane_interfaces__rosidl_generator_cppExport.cmake
-- Up-to-date: /home/ubuntu/smart-cane-system/install/smart_cane_interfaces/share/smart_cane_interfaces/cmake/export_smart_cane_interfaces__rosidl_typesupport_fastrtps_cppExport.cmake
-- Up-to-date: /home/ubuntu/smart-cane-system/install/smart_cane_interfaces/share/smart_cane_interfaces/cmake/export_smart_cane_interfaces__rosidl_typesupport_fastrtps_cppExport-noconfig.cmake
-- Up-to-date: /home/ubuntu/smart-cane-system/install/smart_cane_interfaces/share/smart_cane_interfaces/cmake/smart_cane_interfaces__rosidl_typesupport_introspection_cExport.cmake
-- Up-to-date: /home/ubuntu/smart-cane-system/install/smart_cane_interfaces/share/smart_cane_interfaces/cmake/smart_cane_interfaces__rosidl_typesupport_introspection_cExport-noconfig.cmake
-- Up-to-date: /home/ubuntu/smart-cane-system/install/smart_cane_interfaces/share/smart_cane_interfaces/cmake/smart_cane_interfaces__rosidl_typesupport_cExport.cmake
-- Up-to-date: /home/ubuntu/smart-cane-system/install/smart_cane_interfaces/share/smart_cane_interfaces/cmake/smart_cane_interfaces__rosidl_typesupport_cExport-noconfig.cmake
-- Up-to-date: /home/ubuntu/smart-cane-system/install/smart_cane_interfaces/share/smart_cane_interfaces/cmake/smart_cane_interfaces__rosidl_typesupport_introspection_cppExport.cmake
-- Up-to-date: /home/ubuntu/smart-cane-system/install/smart_cane_interfaces/share/smart_cane_interfaces/cmake/smart_cane_interfaces__rosidl_typesupport_introspection_cppExport-noconfig.cmake
-- Up-to-date: /home/ubuntu/smart-cane-system/install/smart_cane_interfaces/share/smart_cane_interfaces/cmake/smart_cane_interfaces__rosidl_typesupport_cppExport.cmake
-- Up-to-date: /home/ubuntu/smart-cane-system/install/smart_cane_interfaces/share/smart_cane_interfaces/cmake/smart_cane_interfaces__rosidl_typesupport_cppExport-noconfig.cmake
-- Up-to-date: /home/ubuntu/smart-cane-system/install/smart_cane_interfaces/share/smart_cane_interfaces/cmake/export_smart_cane_interfaces__rosidl_generator_pyExport.cmake
-- Up-to-date: /home/ubuntu/smart-cane-system/install/smart_cane_interfaces/share/smart_cane_interfaces/cmake/export_smart_cane_interfaces__rosidl_generator_pyExport-noconfig.cmake
-- Up-to-date: /home/ubuntu/smart-cane-system/install/smart_cane_interfaces/share/smart_cane_interfaces/cmake/rosidl_cmake-extras.cmake
-- Up-to-date: /home/ubuntu/smart-cane-system/install/smart_cane_interfaces/share/smart_cane_interfaces/cmake/ament_cmake_export_dependencies-extras.cmake
-- Up-to-date: /home/ubuntu/smart-cane-system/install/smart_cane_interfaces/share/smart_cane_interfaces/cmake/ament_cmake_export_include_directories-extras.cmake
-- Up-to-date: /home/ubuntu/smart-cane-system/install/smart_cane_interfaces/share/smart_cane_interfaces/cmake/ament_cmake_export_libraries-extras.cmake
-- Up-to-date: /home/ubuntu/smart-cane-system/install/smart_cane_interfaces/share/smart_cane_interfaces/cmake/ament_cmake_export_targets-extras.cmake
-- Up-to-date: /home/ubuntu/smart-cane-system/install/smart_cane_interfaces/share/smart_cane_interfaces/cmake/rosidl_cmake_export_typesupport_targets-extras.cmake
-- Up-to-date: /home/ubuntu/smart-cane-system/install/smart_cane_interfaces/share/smart_cane_interfaces/cmake/rosidl_cmake_export_typesupport_libraries-extras.cmake
-- Up-to-date: /home/ubuntu/smart-cane-system/install/smart_cane_interfaces/share/smart_cane_interfaces/cmake/smart_cane_interfacesConfig.cmake
-- Up-to-date: /home/ubuntu/smart-cane-system/install/smart_cane_interfaces/share/smart_cane_interfaces/cmake/smart_cane_interfacesConfig-version.cmake
-- Up-to-date: /home/ubuntu/smart-cane-system/install/smart_cane_interfaces/share/smart_cane_interfaces/package.xml
