[0.024s] Invoking command in '/home/ubuntu/smart-cane-system/build/smart_cane_interfaces': DEBUGINFOD_URLS=https://debuginfod.ubuntu.com /usr/bin/cmake --build /home/ubuntu/smart-cane-system/build/smart_cane_interfaces -- -j4 -l4
[0.506s] [  1%] Built target smart_cane_interfaces__rosidl_generator_type_description
[0.531s] [  1%] Built target ament_cmake_python_copy_smart_cane_interfaces
[0.584s] [  3%] Built target smart_cane_interfaces__cpp
[0.634s] [ 24%] Built target smart_cane_interfaces__rosidl_generator_c
[0.762s] [ 33%] Built target smart_cane_interfaces__rosidl_typesupport_cpp
[0.772s] [ 42%] Built target smart_cane_interfaces__rosidl_typesupport_fastrtps_c
[0.779s] [ 51%] Built target smart_cane_interfaces__rosidl_typesupport_fastrtps_cpp
[0.890s] [ 61%] Built target smart_cane_interfaces__rosidl_typesupport_c
[0.911s] [ 70%] Built target smart_cane_interfaces__rosidl_typesupport_introspection_c
[0.925s] [ 79%] Built target smart_cane_interfaces__rosidl_typesupport_introspection_cpp
[0.987s] [ 79%] Built target smart_cane_interfaces
[1.080s] running egg_info
[1.104s] [ 81%] Built target smart_cane_interfaces__py
[1.117s] writing smart_cane_interfaces.egg-info/PKG-INFO
[1.118s] writing dependency_links to smart_cane_interfaces.egg-info/dependency_links.txt
[1.121s] writing top-level names to smart_cane_interfaces.egg-info/top_level.txt
[1.209s] [ 88%] Built target smart_cane_interfaces__rosidl_generator_py
[1.222s] reading manifest file 'smart_cane_interfaces.egg-info/SOURCES.txt'
[1.225s] writing manifest file 'smart_cane_interfaces.egg-info/SOURCES.txt'
[1.355s] [ 92%] Built target smart_cane_interfaces_s__rosidl_typesupport_c
[1.372s] [ 96%] Built target smart_cane_interfaces_s__rosidl_typesupport_introspection_c
[1.374s] [100%] Built target smart_cane_interfaces_s__rosidl_typesupport_fastrtps_c
[1.415s] [100%] Built target ament_cmake_python_build_smart_cane_interfaces_egg
[1.460s] Invoked command in '/home/ubuntu/smart-cane-system/build/smart_cane_interfaces' returned '0': DEBUGINFOD_URLS=https://debuginfod.ubuntu.com /usr/bin/cmake --build /home/ubuntu/smart-cane-system/build/smart_cane_interfaces -- -j4 -l4
[1.507s] Invoking command in '/home/ubuntu/smart-cane-system/build/smart_cane_interfaces': DEBUGINFOD_URLS=https://debuginfod.ubuntu.com /usr/bin/cmake --install /home/ubuntu/smart-cane-system/build/smart_cane_interfaces
[1.541s] -- Install configuration: ""
[1.541s] -- Up-to-date: /home/ubuntu/smart-cane-system/install/smart_cane_interfaces/share/ament_index/resource_index/rosidl_interfaces/smart_cane_interfaces
[1.541s] -- Up-to-date: /home/ubuntu/smart-cane-system/install/smart_cane_interfaces/share/smart_cane_interfaces/msg/UltrasonicData.json
[1.542s] -- Up-to-date: /home/ubuntu/smart-cane-system/install/smart_cane_interfaces/share/smart_cane_interfaces/msg/DetectionResult.json
[1.542s] -- Up-to-date: /home/ubuntu/smart-cane-system/install/smart_cane_interfaces/share/smart_cane_interfaces/msg/FeedbackCommand.json
[1.542s] -- Up-to-date: /home/ubuntu/smart-cane-system/install/smart_cane_interfaces/include/smart_cane_interfaces/smart_cane_interfaces
[1.542s] -- Up-to-date: /home/ubuntu/smart-cane-system/install/smart_cane_interfaces/include/smart_cane_interfaces/smart_cane_interfaces/msg
[1.542s] -- Up-to-date: /home/ubuntu/smart-cane-system/install/smart_cane_interfaces/include/smart_cane_interfaces/smart_cane_interfaces/msg/feedback_command.h
[1.542s] -- Up-to-date: /home/ubuntu/smart-cane-system/install/smart_cane_interfaces/include/smart_cane_interfaces/smart_cane_interfaces/msg/rosidl_generator_c__visibility_control.h
[1.542s] -- Up-to-date: /home/ubuntu/smart-cane-system/install/smart_cane_interfaces/include/smart_cane_interfaces/smart_cane_interfaces/msg/detail
[1.542s] -- Up-to-date: /home/ubuntu/smart-cane-system/install/smart_cane_interfaces/include/smart_cane_interfaces/smart_cane_interfaces/msg/detail/detection_result__functions.h
[1.542s] -- Up-to-date: /home/ubuntu/smart-cane-system/install/smart_cane_interfaces/include/smart_cane_interfaces/smart_cane_interfaces/msg/detail/feedback_command__struct.h
[1.543s] -- Up-to-date: /home/ubuntu/smart-cane-system/install/smart_cane_interfaces/include/smart_cane_interfaces/smart_cane_interfaces/msg/detail/ultrasonic_data__struct.h
[1.543s] -- Up-to-date: /home/ubuntu/smart-cane-system/install/smart_cane_interfaces/include/smart_cane_interfaces/smart_cane_interfaces/msg/detail/detection_result__description.c
[1.543s] -- Up-to-date: /home/ubuntu/smart-cane-system/install/smart_cane_interfaces/include/smart_cane_interfaces/smart_cane_interfaces/msg/detail/detection_result__functions.c
[1.543s] -- Up-to-date: /home/ubuntu/smart-cane-system/install/smart_cane_interfaces/include/smart_cane_interfaces/smart_cane_interfaces/msg/detail/feedback_command__type_support.c
[1.543s] -- Up-to-date: /home/ubuntu/smart-cane-system/install/smart_cane_interfaces/include/smart_cane_interfaces/smart_cane_interfaces/msg/detail/feedback_command__functions.h
[1.543s] -- Up-to-date: /home/ubuntu/smart-cane-system/install/smart_cane_interfaces/include/smart_cane_interfaces/smart_cane_interfaces/msg/detail/ultrasonic_data__functions.c
[1.549s] -- Up-to-date: /home/ubuntu/smart-cane-system/install/smart_cane_interfaces/include/smart_cane_interfaces/smart_cane_interfaces/msg/detail/detection_result__type_support.h
[1.550s] -- Up-to-date: /home/ubuntu/smart-cane-system/install/smart_cane_interfaces/include/smart_cane_interfaces/smart_cane_interfaces/msg/detail/detection_result__type_support.c
[1.552s] -- Up-to-date: /home/ubuntu/smart-cane-system/install/smart_cane_interfaces/include/smart_cane_interfaces/smart_cane_interfaces/msg/detail/ultrasonic_data__type_support.c
[1.552s] -- Up-to-date: /home/ubuntu/smart-cane-system/install/smart_cane_interfaces/include/smart_cane_interfaces/smart_cane_interfaces/msg/detail/feedback_command__functions.c
[1.552s] -- Up-to-date: /home/ubuntu/smart-cane-system/install/smart_cane_interfaces/include/smart_cane_interfaces/smart_cane_interfaces/msg/detail/ultrasonic_data__description.c
[1.552s] -- Up-to-date: /home/ubuntu/smart-cane-system/install/smart_cane_interfaces/include/smart_cane_interfaces/smart_cane_interfaces/msg/detail/feedback_command__description.c
[1.552s] -- Up-to-date: /home/ubuntu/smart-cane-system/install/smart_cane_interfaces/include/smart_cane_interfaces/smart_cane_interfaces/msg/detail/ultrasonic_data__type_support.h
[1.552s] -- Up-to-date: /home/ubuntu/smart-cane-system/install/smart_cane_interfaces/include/smart_cane_interfaces/smart_cane_interfaces/msg/detail/feedback_command__type_support.h
[1.553s] -- Up-to-date: /home/ubuntu/smart-cane-system/install/smart_cane_interfaces/include/smart_cane_interfaces/smart_cane_interfaces/msg/detail/ultrasonic_data__functions.h
[1.553s] -- Up-to-date: /home/ubuntu/smart-cane-system/install/smart_cane_interfaces/include/smart_cane_interfaces/smart_cane_interfaces/msg/detail/detection_result__struct.h
[1.553s] -- Up-to-date: /home/ubuntu/smart-cane-system/install/smart_cane_interfaces/include/smart_cane_interfaces/smart_cane_interfaces/msg/ultrasonic_data.h
[1.553s] -- Up-to-date: /home/ubuntu/smart-cane-system/install/smart_cane_interfaces/include/smart_cane_interfaces/smart_cane_interfaces/msg/detection_result.h
[1.553s] -- Up-to-date: /home/ubuntu/smart-cane-system/install/smart_cane_interfaces/share/smart_cane_interfaces/environment/library_path.sh
[1.553s] -- Up-to-date: /home/ubuntu/smart-cane-system/install/smart_cane_interfaces/share/smart_cane_interfaces/environment/library_path.dsv
[1.560s] -- Up-to-date: /home/ubuntu/smart-cane-system/install/smart_cane_interfaces/lib/libsmart_cane_interfaces__rosidl_generator_c.so
[1.561s] -- Up-to-date: /home/ubuntu/smart-cane-system/install/smart_cane_interfaces/include/smart_cane_interfaces/smart_cane_interfaces
[1.561s] -- Up-to-date: /home/ubuntu/smart-cane-system/install/smart_cane_interfaces/include/smart_cane_interfaces/smart_cane_interfaces/msg
[1.561s] -- Up-to-date: /home/ubuntu/smart-cane-system/install/smart_cane_interfaces/include/smart_cane_interfaces/smart_cane_interfaces/msg/rosidl_typesupport_fastrtps_c__visibility_control.h
[1.561s] -- Up-to-date: /home/ubuntu/smart-cane-system/install/smart_cane_interfaces/include/smart_cane_interfaces/smart_cane_interfaces/msg/detail
[1.562s] -- Up-to-date: /home/ubuntu/smart-cane-system/install/smart_cane_interfaces/include/smart_cane_interfaces/smart_cane_interfaces/msg/detail/feedback_command__rosidl_typesupport_fastrtps_c.h
[1.562s] -- Up-to-date: /home/ubuntu/smart-cane-system/install/smart_cane_interfaces/include/smart_cane_interfaces/smart_cane_interfaces/msg/detail/detection_result__rosidl_typesupport_fastrtps_c.h
[1.562s] -- Up-to-date: /home/ubuntu/smart-cane-system/install/smart_cane_interfaces/include/smart_cane_interfaces/smart_cane_interfaces/msg/detail/ultrasonic_data__rosidl_typesupport_fastrtps_c.h
[1.562s] -- Up-to-date: /home/ubuntu/smart-cane-system/install/smart_cane_interfaces/lib/libsmart_cane_interfaces__rosidl_typesupport_fastrtps_c.so
[1.562s] -- Up-to-date: /home/ubuntu/smart-cane-system/install/smart_cane_interfaces/include/smart_cane_interfaces/smart_cane_interfaces
[1.562s] -- Up-to-date: /home/ubuntu/smart-cane-system/install/smart_cane_interfaces/include/smart_cane_interfaces/smart_cane_interfaces/msg
[1.563s] -- Up-to-date: /home/ubuntu/smart-cane-system/install/smart_cane_interfaces/include/smart_cane_interfaces/smart_cane_interfaces/msg/feedback_command.hpp
[1.563s] -- Up-to-date: /home/ubuntu/smart-cane-system/install/smart_cane_interfaces/include/smart_cane_interfaces/smart_cane_interfaces/msg/detection_result.hpp
[1.563s] -- Up-to-date: /home/ubuntu/smart-cane-system/install/smart_cane_interfaces/include/smart_cane_interfaces/smart_cane_interfaces/msg/detail
[1.563s] -- Up-to-date: /home/ubuntu/smart-cane-system/install/smart_cane_interfaces/include/smart_cane_interfaces/smart_cane_interfaces/msg/detail/ultrasonic_data__struct.hpp
[1.563s] -- Up-to-date: /home/ubuntu/smart-cane-system/install/smart_cane_interfaces/include/smart_cane_interfaces/smart_cane_interfaces/msg/detail/ultrasonic_data__traits.hpp
[1.563s] -- Up-to-date: /home/ubuntu/smart-cane-system/install/smart_cane_interfaces/include/smart_cane_interfaces/smart_cane_interfaces/msg/detail/ultrasonic_data__type_support.hpp
[1.563s] -- Up-to-date: /home/ubuntu/smart-cane-system/install/smart_cane_interfaces/include/smart_cane_interfaces/smart_cane_interfaces/msg/detail/detection_result__type_support.hpp
[1.563s] -- Up-to-date: /home/ubuntu/smart-cane-system/install/smart_cane_interfaces/include/smart_cane_interfaces/smart_cane_interfaces/msg/detail/feedback_command__builder.hpp
[1.563s] -- Up-to-date: /home/ubuntu/smart-cane-system/install/smart_cane_interfaces/include/smart_cane_interfaces/smart_cane_interfaces/msg/detail/detection_result__struct.hpp
[1.564s] -- Up-to-date: /home/ubuntu/smart-cane-system/install/smart_cane_interfaces/include/smart_cane_interfaces/smart_cane_interfaces/msg/detail/ultrasonic_data__builder.hpp
[1.564s] -- Up-to-date: /home/ubuntu/smart-cane-system/install/smart_cane_interfaces/include/smart_cane_interfaces/smart_cane_interfaces/msg/detail/detection_result__builder.hpp
[1.564s] -- Up-to-date: /home/ubuntu/smart-cane-system/install/smart_cane_interfaces/include/smart_cane_interfaces/smart_cane_interfaces/msg/detail/feedback_command__struct.hpp
[1.564s] -- Up-to-date: /home/ubuntu/smart-cane-system/install/smart_cane_interfaces/include/smart_cane_interfaces/smart_cane_interfaces/msg/detail/detection_result__traits.hpp
[1.564s] -- Up-to-date: /home/ubuntu/smart-cane-system/install/smart_cane_interfaces/include/smart_cane_interfaces/smart_cane_interfaces/msg/detail/feedback_command__traits.hpp
[1.564s] -- Up-to-date: /home/ubuntu/smart-cane-system/install/smart_cane_interfaces/include/smart_cane_interfaces/smart_cane_interfaces/msg/detail/feedback_command__type_support.hpp
[1.564s] -- Up-to-date: /home/ubuntu/smart-cane-system/install/smart_cane_interfaces/include/smart_cane_interfaces/smart_cane_interfaces/msg/rosidl_generator_cpp__visibility_control.hpp
[1.564s] -- Up-to-date: /home/ubuntu/smart-cane-system/install/smart_cane_interfaces/include/smart_cane_interfaces/smart_cane_interfaces/msg/ultrasonic_data.hpp
[1.564s] -- Up-to-date: /home/ubuntu/smart-cane-system/install/smart_cane_interfaces/include/smart_cane_interfaces/smart_cane_interfaces
[1.565s] -- Up-to-date: /home/ubuntu/smart-cane-system/install/smart_cane_interfaces/include/smart_cane_interfaces/smart_cane_interfaces/msg
[1.565s] -- Up-to-date: /home/ubuntu/smart-cane-system/install/smart_cane_interfaces/include/smart_cane_interfaces/smart_cane_interfaces/msg/detail
[1.565s] -- Up-to-date: /home/ubuntu/smart-cane-system/install/smart_cane_interfaces/include/smart_cane_interfaces/smart_cane_interfaces/msg/detail/ultrasonic_data__rosidl_typesupport_fastrtps_cpp.hpp
[1.565s] -- Up-to-date: /home/ubuntu/smart-cane-system/install/smart_cane_interfaces/include/smart_cane_interfaces/smart_cane_interfaces/msg/detail/dds_fastrtps
[1.565s] -- Up-to-date: /home/ubuntu/smart-cane-system/install/smart_cane_interfaces/include/smart_cane_interfaces/smart_cane_interfaces/msg/detail/feedback_command__rosidl_typesupport_fastrtps_cpp.hpp
[1.565s] -- Up-to-date: /home/ubuntu/smart-cane-system/install/smart_cane_interfaces/include/smart_cane_interfaces/smart_cane_interfaces/msg/detail/detection_result__rosidl_typesupport_fastrtps_cpp.hpp
[1.565s] -- Up-to-date: /home/ubuntu/smart-cane-system/install/smart_cane_interfaces/include/smart_cane_interfaces/smart_cane_interfaces/msg/rosidl_typesupport_fastrtps_cpp__visibility_control.h
[1.565s] -- Up-to-date: /home/ubuntu/smart-cane-system/install/smart_cane_interfaces/lib/libsmart_cane_interfaces__rosidl_typesupport_fastrtps_cpp.so
[1.566s] -- Up-to-date: /home/ubuntu/smart-cane-system/install/smart_cane_interfaces/include/smart_cane_interfaces/smart_cane_interfaces
[1.566s] -- Up-to-date: /home/ubuntu/smart-cane-system/install/smart_cane_interfaces/include/smart_cane_interfaces/smart_cane_interfaces/msg
[1.566s] -- Up-to-date: /home/ubuntu/smart-cane-system/install/smart_cane_interfaces/include/smart_cane_interfaces/smart_cane_interfaces/msg/detail
[1.566s] -- Up-to-date: /home/ubuntu/smart-cane-system/install/smart_cane_interfaces/include/smart_cane_interfaces/smart_cane_interfaces/msg/detail/feedback_command__type_support.c
[1.566s] -- Up-to-date: /home/ubuntu/smart-cane-system/install/smart_cane_interfaces/include/smart_cane_interfaces/smart_cane_interfaces/msg/detail/feedback_command__rosidl_typesupport_introspection_c.h
[1.566s] -- Up-to-date: /home/ubuntu/smart-cane-system/install/smart_cane_interfaces/include/smart_cane_interfaces/smart_cane_interfaces/msg/detail/detection_result__type_support.c
[1.567s] -- Up-to-date: /home/ubuntu/smart-cane-system/install/smart_cane_interfaces/include/smart_cane_interfaces/smart_cane_interfaces/msg/detail/ultrasonic_data__type_support.c
[1.567s] -- Up-to-date: /home/ubuntu/smart-cane-system/install/smart_cane_interfaces/include/smart_cane_interfaces/smart_cane_interfaces/msg/detail/detection_result__rosidl_typesupport_introspection_c.h
[1.567s] -- Up-to-date: /home/ubuntu/smart-cane-system/install/smart_cane_interfaces/include/smart_cane_interfaces/smart_cane_interfaces/msg/detail/ultrasonic_data__rosidl_typesupport_introspection_c.h
[1.567s] -- Up-to-date: /home/ubuntu/smart-cane-system/install/smart_cane_interfaces/include/smart_cane_interfaces/smart_cane_interfaces/msg/rosidl_typesupport_introspection_c__visibility_control.h
[1.567s] -- Up-to-date: /home/ubuntu/smart-cane-system/install/smart_cane_interfaces/lib/libsmart_cane_interfaces__rosidl_typesupport_introspection_c.so
[1.567s] -- Up-to-date: /home/ubuntu/smart-cane-system/install/smart_cane_interfaces/lib/libsmart_cane_interfaces__rosidl_typesupport_c.so
[1.567s] -- Up-to-date: /home/ubuntu/smart-cane-system/install/smart_cane_interfaces/include/smart_cane_interfaces/smart_cane_interfaces
[1.568s] -- Up-to-date: /home/ubuntu/smart-cane-system/install/smart_cane_interfaces/include/smart_cane_interfaces/smart_cane_interfaces/msg
[1.568s] -- Up-to-date: /home/ubuntu/smart-cane-system/install/smart_cane_interfaces/include/smart_cane_interfaces/smart_cane_interfaces/msg/detail
[1.568s] -- Up-to-date: /home/ubuntu/smart-cane-system/install/smart_cane_interfaces/include/smart_cane_interfaces/smart_cane_interfaces/msg/detail/detection_result__rosidl_typesupport_introspection_cpp.hpp
[1.568s] -- Up-to-date: /home/ubuntu/smart-cane-system/install/smart_cane_interfaces/include/smart_cane_interfaces/smart_cane_interfaces/msg/detail/detection_result__type_support.cpp
[1.568s] -- Up-to-date: /home/ubuntu/smart-cane-system/install/smart_cane_interfaces/include/smart_cane_interfaces/smart_cane_interfaces/msg/detail/ultrasonic_data__rosidl_typesupport_introspection_cpp.hpp
[1.568s] -- Up-to-date: /home/ubuntu/smart-cane-system/install/smart_cane_interfaces/include/smart_cane_interfaces/smart_cane_interfaces/msg/detail/feedback_command__type_support.cpp
[1.569s] -- Up-to-date: /home/ubuntu/smart-cane-system/install/smart_cane_interfaces/include/smart_cane_interfaces/smart_cane_interfaces/msg/detail/ultrasonic_data__type_support.cpp
[1.569s] -- Up-to-date: /home/ubuntu/smart-cane-system/install/smart_cane_interfaces/include/smart_cane_interfaces/smart_cane_interfaces/msg/detail/feedback_command__rosidl_typesupport_introspection_cpp.hpp
[1.569s] -- Up-to-date: /home/ubuntu/smart-cane-system/install/smart_cane_interfaces/lib/libsmart_cane_interfaces__rosidl_typesupport_introspection_cpp.so
[1.569s] -- Up-to-date: /home/ubuntu/smart-cane-system/install/smart_cane_interfaces/lib/libsmart_cane_interfaces__rosidl_typesupport_cpp.so
[1.569s] -- Up-to-date: /home/ubuntu/smart-cane-system/install/smart_cane_interfaces/share/smart_cane_interfaces/environment/pythonpath.sh
[1.569s] -- Up-to-date: /home/ubuntu/smart-cane-system/install/smart_cane_interfaces/share/smart_cane_interfaces/environment/pythonpath.dsv
[1.569s] -- Up-to-date: /home/ubuntu/smart-cane-system/install/smart_cane_interfaces/lib/python3.12/site-packages/smart_cane_interfaces-0.0.0-py3.12.egg-info
[1.569s] -- Installing: /home/ubuntu/smart-cane-system/install/smart_cane_interfaces/lib/python3.12/site-packages/smart_cane_interfaces-0.0.0-py3.12.egg-info/dependency_links.txt
[1.569s] -- Installing: /home/ubuntu/smart-cane-system/install/smart_cane_interfaces/lib/python3.12/site-packages/smart_cane_interfaces-0.0.0-py3.12.egg-info/PKG-INFO
[1.570s] -- Installing: /home/ubuntu/smart-cane-system/install/smart_cane_interfaces/lib/python3.12/site-packages/smart_cane_interfaces-0.0.0-py3.12.egg-info/top_level.txt
[1.570s] -- Installing: /home/ubuntu/smart-cane-system/install/smart_cane_interfaces/lib/python3.12/site-packages/smart_cane_interfaces-0.0.0-py3.12.egg-info/SOURCES.txt
[1.570s] -- Up-to-date: /home/ubuntu/smart-cane-system/install/smart_cane_interfaces/lib/python3.12/site-packages/smart_cane_interfaces
[1.570s] -- Up-to-date: /home/ubuntu/smart-cane-system/install/smart_cane_interfaces/lib/python3.12/site-packages/smart_cane_interfaces/smart_cane_interfaces_s__rosidl_typesupport_c.so
[1.570s] -- Up-to-date: /home/ubuntu/smart-cane-system/install/smart_cane_interfaces/lib/python3.12/site-packages/smart_cane_interfaces/smart_cane_interfaces_s__rosidl_typesupport_fastrtps_c.so
[1.570s] -- Up-to-date: /home/ubuntu/smart-cane-system/install/smart_cane_interfaces/lib/python3.12/site-packages/smart_cane_interfaces/smart_cane_interfaces_s__rosidl_typesupport_introspection_c.so
[1.570s] -- Up-to-date: /home/ubuntu/smart-cane-system/install/smart_cane_interfaces/lib/python3.12/site-packages/smart_cane_interfaces/_smart_cane_interfaces_s.ep.rosidl_typesupport_introspection_c.c
[1.570s] -- Up-to-date: /home/ubuntu/smart-cane-system/install/smart_cane_interfaces/lib/python3.12/site-packages/smart_cane_interfaces/_smart_cane_interfaces_s.ep.rosidl_typesupport_c.c
[1.570s] -- Up-to-date: /home/ubuntu/smart-cane-system/install/smart_cane_interfaces/lib/python3.12/site-packages/smart_cane_interfaces/__init__.py
[1.573s] -- Up-to-date: /home/ubuntu/smart-cane-system/install/smart_cane_interfaces/lib/python3.12/site-packages/smart_cane_interfaces/msg
[1.574s] -- Up-to-date: /home/ubuntu/smart-cane-system/install/smart_cane_interfaces/lib/python3.12/site-packages/smart_cane_interfaces/msg/_feedback_command.py
[1.575s] -- Up-to-date: /home/ubuntu/smart-cane-system/install/smart_cane_interfaces/lib/python3.12/site-packages/smart_cane_interfaces/msg/_feedback_command_s.c
[1.575s] -- Up-to-date: /home/ubuntu/smart-cane-system/install/smart_cane_interfaces/lib/python3.12/site-packages/smart_cane_interfaces/msg/_detection_result_s.c
[1.576s] -- Up-to-date: /home/ubuntu/smart-cane-system/install/smart_cane_interfaces/lib/python3.12/site-packages/smart_cane_interfaces/msg/_ultrasonic_data.py
[1.576s] -- Up-to-date: /home/ubuntu/smart-cane-system/install/smart_cane_interfaces/lib/python3.12/site-packages/smart_cane_interfaces/msg/__init__.py
[1.576s] -- Up-to-date: /home/ubuntu/smart-cane-system/install/smart_cane_interfaces/lib/python3.12/site-packages/smart_cane_interfaces/msg/_detection_result.py
[1.576s] -- Up-to-date: /home/ubuntu/smart-cane-system/install/smart_cane_interfaces/lib/python3.12/site-packages/smart_cane_interfaces/msg/_ultrasonic_data_s.c
[1.576s] -- Up-to-date: /home/ubuntu/smart-cane-system/install/smart_cane_interfaces/lib/python3.12/site-packages/smart_cane_interfaces/_smart_cane_interfaces_s.ep.rosidl_typesupport_fastrtps_c.c
[1.674s] Listing '/home/ubuntu/smart-cane-system/install/smart_cane_interfaces/lib/python3.12/site-packages/smart_cane_interfaces'...
[1.674s] Listing '/home/ubuntu/smart-cane-system/install/smart_cane_interfaces/lib/python3.12/site-packages/smart_cane_interfaces/msg'...
[1.716s] -- Up-to-date: /home/ubuntu/smart-cane-system/install/smart_cane_interfaces/lib/python3.12/site-packages/smart_cane_interfaces/smart_cane_interfaces_s__rosidl_typesupport_fastrtps_c.so
[1.716s] -- Up-to-date: /home/ubuntu/smart-cane-system/install/smart_cane_interfaces/lib/python3.12/site-packages/smart_cane_interfaces/smart_cane_interfaces_s__rosidl_typesupport_introspection_c.so
[1.721s] -- Up-to-date: /home/ubuntu/smart-cane-system/install/smart_cane_interfaces/lib/python3.12/site-packages/smart_cane_interfaces/smart_cane_interfaces_s__rosidl_typesupport_c.so
[1.721s] -- Up-to-date: /home/ubuntu/smart-cane-system/install/smart_cane_interfaces/lib/libsmart_cane_interfaces__rosidl_generator_py.so
[1.721s] -- Up-to-date: /home/ubuntu/smart-cane-system/install/smart_cane_interfaces/share/smart_cane_interfaces/msg/UltrasonicData.idl
[1.721s] -- Up-to-date: /home/ubuntu/smart-cane-system/install/smart_cane_interfaces/share/smart_cane_interfaces/msg/DetectionResult.idl
[1.721s] -- Up-to-date: /home/ubuntu/smart-cane-system/install/smart_cane_interfaces/share/smart_cane_interfaces/msg/FeedbackCommand.idl
[1.721s] -- Up-to-date: /home/ubuntu/smart-cane-system/install/smart_cane_interfaces/share/smart_cane_interfaces/msg/UltrasonicData.msg
[1.722s] -- Up-to-date: /home/ubuntu/smart-cane-system/install/smart_cane_interfaces/share/smart_cane_interfaces/msg/DetectionResult.msg
[1.722s] -- Up-to-date: /home/ubuntu/smart-cane-system/install/smart_cane_interfaces/share/smart_cane_interfaces/msg/FeedbackCommand.msg
[1.722s] -- Up-to-date: /home/ubuntu/smart-cane-system/install/smart_cane_interfaces/share/ament_index/resource_index/package_run_dependencies/smart_cane_interfaces
[1.722s] -- Up-to-date: /home/ubuntu/smart-cane-system/install/smart_cane_interfaces/share/ament_index/resource_index/parent_prefix_path/smart_cane_interfaces
[1.725s] -- Up-to-date: /home/ubuntu/smart-cane-system/install/smart_cane_interfaces/share/smart_cane_interfaces/environment/ament_prefix_path.sh
[1.725s] -- Up-to-date: /home/ubuntu/smart-cane-system/install/smart_cane_interfaces/share/smart_cane_interfaces/environment/ament_prefix_path.dsv
[1.725s] -- Up-to-date: /home/ubuntu/smart-cane-system/install/smart_cane_interfaces/share/smart_cane_interfaces/environment/path.sh
[1.726s] -- Up-to-date: /home/ubuntu/smart-cane-system/install/smart_cane_interfaces/share/smart_cane_interfaces/environment/path.dsv
[1.726s] -- Up-to-date: /home/ubuntu/smart-cane-system/install/smart_cane_interfaces/share/smart_cane_interfaces/local_setup.bash
[1.726s] -- Up-to-date: /home/ubuntu/smart-cane-system/install/smart_cane_interfaces/share/smart_cane_interfaces/local_setup.sh
[1.728s] -- Up-to-date: /home/ubuntu/smart-cane-system/install/smart_cane_interfaces/share/smart_cane_interfaces/local_setup.zsh
[1.728s] -- Up-to-date: /home/ubuntu/smart-cane-system/install/smart_cane_interfaces/share/smart_cane_interfaces/local_setup.dsv
[1.728s] -- Installing: /home/ubuntu/smart-cane-system/install/smart_cane_interfaces/share/smart_cane_interfaces/package.dsv
[1.729s] -- Up-to-date: /home/ubuntu/smart-cane-system/install/smart_cane_interfaces/share/ament_index/resource_index/packages/smart_cane_interfaces
[1.730s] -- Up-to-date: /home/ubuntu/smart-cane-system/install/smart_cane_interfaces/share/smart_cane_interfaces/cmake/export_smart_cane_interfaces__rosidl_generator_cExport.cmake
[1.730s] -- Up-to-date: /home/ubuntu/smart-cane-system/install/smart_cane_interfaces/share/smart_cane_interfaces/cmake/export_smart_cane_interfaces__rosidl_generator_cExport-noconfig.cmake
[1.730s] -- Up-to-date: /home/ubuntu/smart-cane-system/install/smart_cane_interfaces/share/smart_cane_interfaces/cmake/export_smart_cane_interfaces__rosidl_typesupport_fastrtps_cExport.cmake
[1.730s] -- Up-to-date: /home/ubuntu/smart-cane-system/install/smart_cane_interfaces/share/smart_cane_interfaces/cmake/export_smart_cane_interfaces__rosidl_typesupport_fastrtps_cExport-noconfig.cmake
[1.730s] -- Up-to-date: /home/ubuntu/smart-cane-system/install/smart_cane_interfaces/share/smart_cane_interfaces/cmake/export_smart_cane_interfaces__rosidl_generator_cppExport.cmake
[1.730s] -- Up-to-date: /home/ubuntu/smart-cane-system/install/smart_cane_interfaces/share/smart_cane_interfaces/cmake/export_smart_cane_interfaces__rosidl_typesupport_fastrtps_cppExport.cmake
[1.731s] -- Up-to-date: /home/ubuntu/smart-cane-system/install/smart_cane_interfaces/share/smart_cane_interfaces/cmake/export_smart_cane_interfaces__rosidl_typesupport_fastrtps_cppExport-noconfig.cmake
[1.731s] -- Up-to-date: /home/ubuntu/smart-cane-system/install/smart_cane_interfaces/share/smart_cane_interfaces/cmake/smart_cane_interfaces__rosidl_typesupport_introspection_cExport.cmake
[1.731s] -- Up-to-date: /home/ubuntu/smart-cane-system/install/smart_cane_interfaces/share/smart_cane_interfaces/cmake/smart_cane_interfaces__rosidl_typesupport_introspection_cExport-noconfig.cmake
[1.731s] -- Up-to-date: /home/ubuntu/smart-cane-system/install/smart_cane_interfaces/share/smart_cane_interfaces/cmake/smart_cane_interfaces__rosidl_typesupport_cExport.cmake
[1.731s] -- Up-to-date: /home/ubuntu/smart-cane-system/install/smart_cane_interfaces/share/smart_cane_interfaces/cmake/smart_cane_interfaces__rosidl_typesupport_cExport-noconfig.cmake
[1.731s] -- Up-to-date: /home/ubuntu/smart-cane-system/install/smart_cane_interfaces/share/smart_cane_interfaces/cmake/smart_cane_interfaces__rosidl_typesupport_introspection_cppExport.cmake
[1.731s] -- Up-to-date: /home/ubuntu/smart-cane-system/install/smart_cane_interfaces/share/smart_cane_interfaces/cmake/smart_cane_interfaces__rosidl_typesupport_introspection_cppExport-noconfig.cmake
[1.731s] -- Up-to-date: /home/ubuntu/smart-cane-system/install/smart_cane_interfaces/share/smart_cane_interfaces/cmake/smart_cane_interfaces__rosidl_typesupport_cppExport.cmake
[1.732s] -- Up-to-date: /home/ubuntu/smart-cane-system/install/smart_cane_interfaces/share/smart_cane_interfaces/cmake/smart_cane_interfaces__rosidl_typesupport_cppExport-noconfig.cmake
[1.732s] -- Up-to-date: /home/ubuntu/smart-cane-system/install/smart_cane_interfaces/share/smart_cane_interfaces/cmake/export_smart_cane_interfaces__rosidl_generator_pyExport.cmake
[1.732s] -- Up-to-date: /home/ubuntu/smart-cane-system/install/smart_cane_interfaces/share/smart_cane_interfaces/cmake/export_smart_cane_interfaces__rosidl_generator_pyExport-noconfig.cmake
[1.732s] -- Up-to-date: /home/ubuntu/smart-cane-system/install/smart_cane_interfaces/share/smart_cane_interfaces/cmake/rosidl_cmake-extras.cmake
[1.732s] -- Up-to-date: /home/ubuntu/smart-cane-system/install/smart_cane_interfaces/share/smart_cane_interfaces/cmake/ament_cmake_export_dependencies-extras.cmake
[1.733s] -- Up-to-date: /home/ubuntu/smart-cane-system/install/smart_cane_interfaces/share/smart_cane_interfaces/cmake/ament_cmake_export_include_directories-extras.cmake
[1.733s] -- Up-to-date: /home/ubuntu/smart-cane-system/install/smart_cane_interfaces/share/smart_cane_interfaces/cmake/ament_cmake_export_libraries-extras.cmake
[1.733s] -- Up-to-date: /home/ubuntu/smart-cane-system/install/smart_cane_interfaces/share/smart_cane_interfaces/cmake/ament_cmake_export_targets-extras.cmake
[1.733s] -- Up-to-date: /home/ubuntu/smart-cane-system/install/smart_cane_interfaces/share/smart_cane_interfaces/cmake/rosidl_cmake_export_typesupport_targets-extras.cmake
[1.733s] -- Up-to-date: /home/ubuntu/smart-cane-system/install/smart_cane_interfaces/share/smart_cane_interfaces/cmake/rosidl_cmake_export_typesupport_libraries-extras.cmake
[1.733s] -- Up-to-date: /home/ubuntu/smart-cane-system/install/smart_cane_interfaces/share/smart_cane_interfaces/cmake/smart_cane_interfacesConfig.cmake
[1.738s] -- Up-to-date: /home/ubuntu/smart-cane-system/install/smart_cane_interfaces/share/smart_cane_interfaces/cmake/smart_cane_interfacesConfig-version.cmake
[1.738s] -- Up-to-date: /home/ubuntu/smart-cane-system/install/smart_cane_interfaces/share/smart_cane_interfaces/package.xml
[1.746s] Invoked command in '/home/ubuntu/smart-cane-system/build/smart_cane_interfaces' returned '0': DEBUGINFOD_URLS=https://debuginfod.ubuntu.com /usr/bin/cmake --install /home/ubuntu/smart-cane-system/build/smart_cane_interfaces
