[2.142s] Invoking command in '/home/sashwat/smart-cane-system/src/smart_cane_system': AMENT_PREFIX_PATH=/home/sashwat/smart-cane-system/install/smart_cane_interfaces:${AMENT_PREFIX_PATH} CMAKE_PREFIX_PATH=/home/sashwat/smart-cane-system/install/smart_cane_interfaces:${CMAKE_PREFIX_PATH} DEBUGINFOD_URLS=https://debuginfod.ubuntu.com LD_LIBRARY_PATH=/home/sashwat/smart-cane-system/install/smart_cane_interfaces/lib:${LD_LIBRARY_PATH} PYTHONPATH=/home/sashwat/smart-cane-system/build/smart_cane_system/prefix_override:/usr/lib/python3/dist-packages/colcon_core/task/python/colcon_distutils_commands:/home/sashwat/smart-cane-system/install/smart_cane_system/lib/python3.12/site-packages:/home/sashwat/smart-cane-system/install/smart_cane_interfaces/lib/python3.12/site-packages:${PYTHONPATH} /usr/bin/python3 -W ignore:setup.py install is deprecated -W ignore:easy_install command is deprecated setup.py egg_info --egg-base ../../build/smart_cane_system build --build-base /home/sashwat/smart-cane-system/build/smart_cane_system/build install --record /home/sashwat/smart-cane-system/build/smart_cane_system/install.log --single-version-externally-managed install_data
[2.578s] running egg_info
[2.603s] writing ../../build/smart_cane_system/smart_cane_system.egg-info/PKG-INFO
[2.650s] writing dependency_links to ../../build/smart_cane_system/smart_cane_system.egg-info/dependency_links.txt
[2.651s] writing entry points to ../../build/smart_cane_system/smart_cane_system.egg-info/entry_points.txt
[2.652s] writing requirements to ../../build/smart_cane_system/smart_cane_system.egg-info/requires.txt
[2.652s] writing top-level names to ../../build/smart_cane_system/smart_cane_system.egg-info/top_level.txt
[2.708s] reading manifest file '../../build/smart_cane_system/smart_cane_system.egg-info/SOURCES.txt'
[2.715s] writing manifest file '../../build/smart_cane_system/smart_cane_system.egg-info/SOURCES.txt'
[2.715s] running build
[2.715s] running build_py
[2.715s] copying smart_cane_system/ultrasonic_node.py -> /home/sashwat/smart-cane-system/build/smart_cane_system/build/lib/smart_cane_system
[2.716s] copying smart_cane_system/ubuntu_camera_test.py -> /home/sashwat/smart-cane-system/build/smart_cane_system/build/lib/smart_cane_system
[2.716s] copying smart_cane_system/camera_node.py -> /home/sashwat/smart-cane-system/build/smart_cane_system/build/lib/smart_cane_system
[2.716s] copying smart_cane_system/obstacle_fushion.py -> /home/sashwat/smart-cane-system/build/smart_cane_system/build/lib/smart_cane_system
[2.717s] running install
[2.730s] running install_lib
[2.761s] copying /home/sashwat/smart-cane-system/build/smart_cane_system/build/lib/smart_cane_system/ultrasonic_node.py -> /home/sashwat/smart-cane-system/install/smart_cane_system/lib/python3.12/site-packages/smart_cane_system
[2.761s] copying /home/sashwat/smart-cane-system/build/smart_cane_system/build/lib/smart_cane_system/ubuntu_camera_test.py -> /home/sashwat/smart-cane-system/install/smart_cane_system/lib/python3.12/site-packages/smart_cane_system
[2.761s] copying /home/sashwat/smart-cane-system/build/smart_cane_system/build/lib/smart_cane_system/camera_node.py -> /home/sashwat/smart-cane-system/install/smart_cane_system/lib/python3.12/site-packages/smart_cane_system
[2.761s] copying /home/sashwat/smart-cane-system/build/smart_cane_system/build/lib/smart_cane_system/obstacle_fushion.py -> /home/sashwat/smart-cane-system/install/smart_cane_system/lib/python3.12/site-packages/smart_cane_system
[2.763s] byte-compiling /home/sashwat/smart-cane-system/install/smart_cane_system/lib/python3.12/site-packages/smart_cane_system/ultrasonic_node.py to ultrasonic_node.cpython-312.pyc
[2.764s] byte-compiling /home/sashwat/smart-cane-system/install/smart_cane_system/lib/python3.12/site-packages/smart_cane_system/ubuntu_camera_test.py to ubuntu_camera_test.cpython-312.pyc
[2.768s] byte-compiling /home/sashwat/smart-cane-system/install/smart_cane_system/lib/python3.12/site-packages/smart_cane_system/camera_node.py to camera_node.cpython-312.pyc
[2.771s] byte-compiling /home/sashwat/smart-cane-system/install/smart_cane_system/lib/python3.12/site-packages/smart_cane_system/obstacle_fushion.py to obstacle_fushion.cpython-312.pyc
[2.774s] running install_data
[2.774s] running install_egg_info
[2.804s] removing '/home/sashwat/smart-cane-system/install/smart_cane_system/lib/python3.12/site-packages/smart_cane_system-0.0.0-py3.12.egg-info' (and everything under it)
[2.805s] Copying ../../build/smart_cane_system/smart_cane_system.egg-info to /home/sashwat/smart-cane-system/install/smart_cane_system/lib/python3.12/site-packages/smart_cane_system-0.0.0-py3.12.egg-info
[2.812s] running install_scripts
[3.032s] Installing camera_node script to /home/sashwat/smart-cane-system/install/smart_cane_system/lib/smart_cane_system
[3.032s] Installing obstacle_fusion_node script to /home/sashwat/smart-cane-system/install/smart_cane_system/lib/smart_cane_system
[3.045s] Installing speaker_node script to /home/sashwat/smart-cane-system/install/smart_cane_system/lib/smart_cane_system
[3.045s] Installing ultrasonic_node script to /home/sashwat/smart-cane-system/install/smart_cane_system/lib/smart_cane_system
[3.046s] Installing vibration_node script to /home/sashwat/smart-cane-system/install/smart_cane_system/lib/smart_cane_system
[3.047s] Installing yolo_detection_node script to /home/sashwat/smart-cane-system/install/smart_cane_system/lib/smart_cane_system
[3.051s] writing list of installed files to '/home/sashwat/smart-cane-system/build/smart_cane_system/install.log'
[3.186s] Invoked command in '/home/sashwat/smart-cane-system/src/smart_cane_system' returned '0': AMENT_PREFIX_PATH=/home/sashwat/smart-cane-system/install/smart_cane_interfaces:${AMENT_PREFIX_PATH} CMAKE_PREFIX_PATH=/home/sashwat/smart-cane-system/install/smart_cane_interfaces:${CMAKE_PREFIX_PATH} DEBUGINFOD_URLS=https://debuginfod.ubuntu.com LD_LIBRARY_PATH=/home/sashwat/smart-cane-system/install/smart_cane_interfaces/lib:${LD_LIBRARY_PATH} PYTHONPATH=/home/sashwat/smart-cane-system/build/smart_cane_system/prefix_override:/usr/lib/python3/dist-packages/colcon_core/task/python/colcon_distutils_commands:/home/sashwat/smart-cane-system/install/smart_cane_system/lib/python3.12/site-packages:/home/sashwat/smart-cane-system/install/smart_cane_interfaces/lib/python3.12/site-packages:${PYTHONPATH} /usr/bin/python3 -W ignore:setup.py install is deprecated -W ignore:easy_install command is deprecated setup.py egg_info --egg-base ../../build/smart_cane_system build --build-base /home/sashwat/smart-cane-system/build/smart_cane_system/build install --record /home/sashwat/smart-cane-system/build/smart_cane_system/install.log --single-version-externally-managed install_data
