[INFO] [1752679928.628620291] [camera_node]: The camera  works properly
[INFO] [1752679928.689062262] [camera_node]: Camera Node initialized
[INFO] [1752679928.895575393] [camera_node]: Published images
[INFO] [1752679929.093119073] [camera_node]: Published images
[INFO] [1752679929.293559061] [camera_node]: Published images
[INFO] [1752679929.493268430] [camera_node]: Published images
[INFO] [1752679929.693970791] [camera_node]: Published images
[INFO] [1752679929.897803648] [camera_node]: Published images
[INFO] [1752679930.093665548] [camera_node]: Published images
[INFO] [1752679930.293231171] [camera_node]: Published images
[INFO] [1752679930.493367448] [camera_node]: Published images
[INFO] [1752679930.693623393] [camera_node]: Published images
[INFO] [1752679930.893453927] [camera_node]: Published images
[INFO] [1752679931.093392534] [camera_node]: Published images
[INFO] [1752679931.293602864] [camera_node]: Published images
[INFO] [1752679931.493522265] [camera_node]: Published images
[INFO] [1752679931.693252331] [camera_node]: Published images
[INFO] [1752679931.893095602] [camera_node]: Published images
[INFO] [1752679932.093096762] [camera_node]: Published images
[INFO] [1752679932.294752253] [camera_node]: Published images
[INFO] [1752679932.497558608] [camera_node]: Published images
[INFO] [1752679932.694595271] [camera_node]: Published images
[INFO] [1752679932.906269148] [camera_node]: Published images
[INFO] [1752679933.095025239] [camera_node]: Published images
[INFO] [1752679933.294628686] [camera_node]: Published images
[INFO] [1752679933.501399729] [camera_node]: Published images
[INFO] [1752679933.695989177] [camera_node]: Published images
[INFO] [1752679933.893811475] [camera_node]: Published images
[INFO] [1752679934.092836525] [camera_node]: Published images
[INFO] [1752679934.298292588] [camera_node]: Published images
[INFO] [1752679934.499934035] [camera_node]: Published images
[INFO] [1752679934.697359177] [camera_node]: Published images
[INFO] [1752679934.898918105] [camera_node]: Published images
[INFO] [1752679935.095515811] [camera_node]: Published images
[INFO] [1752679935.304441833] [camera_node]: Published images
[INFO] [1752679935.497818225] [camera_node]: Published images
[INFO] [1752679935.694909953] [camera_node]: Published images
[INFO] [1752679935.895095159] [camera_node]: Published images
[INFO] [1752679936.099325111] [camera_node]: Published images
[INFO] [1752679936.308719690] [camera_node]: Published images
[INFO] [1752679936.497356843] [camera_node]: Published images
[INFO] [1752679936.694707737] [camera_node]: Published images
[INFO] [1752679936.898604628] [camera_node]: Published images
[INFO] [1752679937.098233379] [camera_node]: Published images
[INFO] [1752679937.303951063] [camera_node]: Published images
[INFO] [1752679937.496401069] [camera_node]: Published images
[INFO] [1752679937.697131663] [camera_node]: Published images
[INFO] [1752679937.897190009] [camera_node]: Published images
[INFO] [1752679938.097813230] [camera_node]: Published images
[INFO] [1752679938.301579891] [camera_node]: Published images
[INFO] [1752679938.503817720] [camera_node]: Published images
[INFO] [1752679938.698778564] [camera_node]: Published images
[INFO] [1752679938.895981543] [camera_node]: Published images
[INFO] [1752679939.100182873] [camera_node]: Published images
[INFO] [1752679939.298636196] [camera_node]: Published images
[INFO] [1752679939.500590000] [camera_node]: Published images
[INFO] [1752679939.698622374] [camera_node]: Published images
[INFO] [1752679939.894868710] [camera_node]: Published images
[INFO] [1752679940.095677667] [camera_node]: Published images
[INFO] [1752679940.297949453] [camera_node]: Published images
[INFO] [1752679940.495721469] [camera_node]: Published images
[INFO] [1752679940.702716602] [camera_node]: Published images
[INFO] [1752679940.894200977] [camera_node]: Published images
[INFO] [1752679941.104182084] [camera_node]: Published images
[INFO] [1752679941.298468948] [camera_node]: Published images
[INFO] [1752679941.507720046] [camera_node]: Published images
[INFO] [1752679941.697759736] [camera_node]: Published images
[INFO] [1752679941.896256738] [camera_node]: Published images
[INFO] [1752679942.095788342] [camera_node]: Published images
[INFO] [1752679942.296249232] [camera_node]: Published images
[INFO] [1752679942.495532331] [camera_node]: Published images
[INFO] [1752679942.697931168] [camera_node]: Published images
[INFO] [1752679942.902288136] [camera_node]: Published images
[INFO] [1752679943.094709328] [camera_node]: Published images
[INFO] [1752679943.296944456] [camera_node]: Published images
[INFO] [1752679943.495481100] [camera_node]: Published images
[INFO] [1752679943.701152338] [camera_node]: Published images
[INFO] [1752679943.893521806] [camera_node]: Published images
[INFO] [1752679944.094494011] [camera_node]: Published images
[INFO] [1752679944.294694392] [camera_node]: Published images
[INFO] [1752679944.494488250] [camera_node]: Published images
[INFO] [1752679944.694382997] [camera_node]: Published images
[INFO] [1752679944.897476557] [camera_node]: Published images
[INFO] [1752679945.100958971] [camera_node]: Published images
[INFO] [1752679945.295836792] [camera_node]: Published images
[INFO] [1752679945.502050289] [camera_node]: Published images
[INFO] [1752679945.699432414] [camera_node]: Published images
[INFO] [1752679945.901786555] [camera_node]: Published images
[INFO] [1752679946.093622306] [camera_node]: Published images
[INFO] [1752679946.293649216] [camera_node]: Published images
[INFO] [1752679946.495815814] [camera_node]: Published images
[INFO] [1752679946.696147468] [camera_node]: Published images
[INFO] [1752679946.898455346] [camera_node]: Published images
[INFO] [1752679947.093290514] [camera_node]: Published images
[INFO] [1752679947.296251507] [camera_node]: Published images
[INFO] [1752679947.495472331] [camera_node]: Published images
[INFO] [1752679947.696311172] [camera_node]: Published images
[INFO] [1752679947.893845052] [camera_node]: Published images
[INFO] [1752679948.098837305] [camera_node]: Published images
[INFO] [1752679948.296983633] [camera_node]: Published images
[INFO] [1752679948.500862336] [camera_node]: Published images
[INFO] [1752679948.699608911] [camera_node]: Published images
[INFO] [1752679948.898456524] [camera_node]: Published images
[INFO] [1752679949.093857525] [camera_node]: Published images
[INFO] [1752679949.294497246] [camera_node]: Published images
[INFO] [1752679949.493679230] [camera_node]: Published images
[INFO] [1752679949.694670918] [camera_node]: Published images
[INFO] [1752679949.896329761] [camera_node]: Published images
[INFO] [1752679950.096803146] [camera_node]: Published images
[INFO] [1752679950.301361035] [camera_node]: Published images
[INFO] [1752679950.494632120] [camera_node]: Published images
[INFO] [1752679950.698832635] [camera_node]: Published images
[INFO] [1752679950.899083941] [camera_node]: Published images
[INFO] [1752679951.098377310] [camera_node]: Published images
[INFO] [1752679951.298318407] [camera_node]: Published images
[INFO] [1752679951.499327089] [camera_node]: Published images
[INFO] [1752679951.694828583] [camera_node]: Published images
[INFO] [1752679951.894085598] [camera_node]: Published images
[INFO] [1752679952.093963304] [camera_node]: Published images
[INFO] [1752679952.296777723] [camera_node]: Published images
[INFO] [1752679952.494824353] [camera_node]: Published images
[INFO] [1752679952.696178294] [camera_node]: Published images
[INFO] [1752679952.897587384] [camera_node]: Published images
[INFO] [1752679953.094664076] [camera_node]: Published images
[INFO] [1752679953.299985037] [camera_node]: Published images
[INFO] [1752679953.496570981] [camera_node]: Published images
[INFO] [1752679953.694262196] [camera_node]: Published images
[INFO] [1752679953.899390711] [camera_node]: Published images
[INFO] [1752679954.097499317] [camera_node]: Published images
[INFO] [1752679954.295809961] [camera_node]: Published images
[INFO] [1752679954.495773808] [camera_node]: Published images
[INFO] [1752679954.695721469] [camera_node]: Published images
[INFO] [1752679954.896986403] [camera_node]: Published images
[INFO] [1752679955.099736611] [camera_node]: Published images
[INFO] [1752679955.295213445] [camera_node]: Published images
[INFO] [1752679955.502058267] [camera_node]: Published images
[INFO] [1752679955.698516500] [camera_node]: Published images
[INFO] [1752679955.899416501] [camera_node]: Published images
[INFO] [1752679956.093424281] [camera_node]: Published images
[INFO] [1752679956.295944204] [camera_node]: Published images
[INFO] [1752679956.494000154] [camera_node]: Published images
[INFO] [1752679956.702128264] [camera_node]: Published images
[INFO] [1752679956.899699191] [camera_node]: Published images
[INFO] [1752679957.108385102] [camera_node]: Published images
[INFO] [1752679957.295689585] [camera_node]: Published images
[INFO] [1752679957.493461603] [camera_node]: Published images
[INFO] [1752679957.694238523] [camera_node]: Published images
[INFO] [1752679957.894874312] [camera_node]: Published images
[INFO] [1752679958.095938862] [camera_node]: Published images
[INFO] [1752679958.293137223] [camera_node]: Published images
[INFO] [1752679958.497602012] [camera_node]: Published images
[INFO] [1752679958.697378103] [camera_node]: Published images
[INFO] [1752679958.895497622] [camera_node]: Published images
[INFO] [1752679959.097122971] [camera_node]: Published images
[INFO] [1752679959.303866817] [camera_node]: Published images
[INFO] [1752679959.496587758] [camera_node]: Published images
[INFO] [1752679959.702453372] [camera_node]: Published images
[INFO] [1752679959.895462409] [camera_node]: Published images
[INFO] [1752679960.095000919] [camera_node]: Published images
Traceback (most recent call last):
  File "/home/ubuntu/smart-cane-system/install/smart_cane_system/lib/smart_cane_system/camera_node", line 33, in <module>
    sys.exit(load_entry_point('smart-cane-system==0.0.0', 'console_scripts', 'camera_node')())
             ^^^^^^^^^^^^^^^^^^^^^^^^^^^^^^^^^^^^^^^^^^^^^^^^^^^^^^^^^^^^^^^^^^^^^^^^^^^^^^^^
  File "/home/ubuntu/smart-cane-system/install/smart_cane_system/lib/python3.12/site-packages/smart_cane_system/camera_node.py", line 93, in main
    rclpy.spin(node)
  File "/opt/ros/jazzy/lib/python3.12/site-packages/rclpy/__init__.py", line 244, in spin
    executor.spin_once()
  File "/opt/ros/jazzy/lib/python3.12/site-packages/rclpy/executors.py", line 839, in spin_once
    self._spin_once_impl(timeout_sec)
  File "/opt/ros/jazzy/lib/python3.12/site-packages/rclpy/executors.py", line 823, in _spin_once_impl
    handler, entity, node = self.wait_for_ready_callbacks(
                            ^^^^^^^^^^^^^^^^^^^^^^^^^^^^^^
  File "/opt/ros/jazzy/lib/python3.12/site-packages/rclpy/executors.py", line 793, in wait_for_ready_callbacks
    return next(self._cb_iter)
           ^^^^^^^^^^^^^^^^^^^
  File "/opt/ros/jazzy/lib/python3.12/site-packages/rclpy/executors.py", line 701, in _wait_for_ready_callbacks
    raise ExternalShutdownException()
rclpy.executors.ExternalShutdownException
