/usr/lib/python3/dist-packages/gpiozero/input_devices.py:852: PWMSoftwareFallback: For more accurate readings, use the pigpio pin factory.See https://gpiozero.readthedocs.io/en/stable/api_input.html#distancesensor-hc-sr04 for more info
  warnings.warn(PWMSoftwareFallback(
[INFO] [1750787255.247290046] [ultrasonic_node]: ✅ Ultrasonic sensor pins configured (max 4m range)
[INFO] [1750787255.251220094] [ultrasonic_node]: Ultrasonic Node initialized
[INFO] [1750787255.827040743] [ultrasonic_node]: Distance: 0.69m
[INFO] [1750787268.257662485] [ultrasonic_node]: Distance: 1.77m
[INFO] [1750787268.452173645] [ultrasonic_node]: Distance: 2.89m
[INFO] [1750787268.653593620] [ultrasonic_node]: Distance: 4.00m
[INFO] [1750787283.252118255] [ultrasonic_node]: Distance: 3.02m
[INFO] [1750787283.452266287] [ultrasonic_node]: Distance: 2.04m
[INFO] [1750787283.653706655] [ultrasonic_node]: Distance: 1.06m
[INFO] [1750787283.851896145] [ultrasonic_node]: Distance: 2.04m
[INFO] [1750787284.251942541] [ultrasonic_node]: Distance: 3.02m
[INFO] [1750787284.651882420] [ultrasonic_node]: Distance: 4.00m
[INFO] [1750787293.251860394] [ultrasonic_node]: Distance: 3.09m
[INFO] [1750787293.851816090] [ultrasonic_node]: Distance: 4.00m
[INFO] [1750787311.065583011] [ultrasonic_node]: Distance: 3.16m
[INFO] [1750787311.255066884] [ultrasonic_node]: Distance: 2.30m
[INFO] [1750787311.452533500] [ultrasonic_node]: Distance: 1.40m
[INFO] [1750787311.653932738] [ultrasonic_node]: Distance: 1.13m
[INFO] [1750787311.853243227] [ultrasonic_node]: Distance: 0.85m
[INFO] [1750787312.052134426] [ultrasonic_node]: Distance: 0.60m
[INFO] [1750787317.052025576] [ultrasonic_node]: Distance: 0.50m
[INFO] [1750787321.453182085] [ultrasonic_node]: Distance: 0.81m
[INFO] [1750787321.653565250] [ultrasonic_node]: Distance: 1.06m
[INFO] [1750787321.853122954] [ultrasonic_node]: Distance: 1.33m
[INFO] [1750787322.456164386] [ultrasonic_node]: Distance: 1.43m
[INFO] [1750787323.252531432] [ultrasonic_node]: Distance: 1.53m
[INFO] [1750787323.651741774] [ultrasonic_node]: Distance: 2.39m
[INFO] [1750787323.852991192] [ultrasonic_node]: Distance: 3.20m
[INFO] [1750787324.051780223] [ultrasonic_node]: Distance: 4.00m
[INFO] [1750787324.252459728] [ultrasonic_node]: Distance: 3.21m
[INFO] [1750787324.451837188] [ultrasonic_node]: Distance: 2.41m
[INFO] [1750787324.653674254] [ultrasonic_node]: Distance: 1.62m
[INFO] [1750787324.851968766] [ultrasonic_node]: Distance: 2.41m
[INFO] [1750787325.051980458] [ultrasonic_node]: Distance: 3.21m
[INFO] [1750787325.252200164] [ultrasonic_node]: Distance: 4.00m
[INFO] [1750787325.452205199] [ultrasonic_node]: Distance: 3.22m
[INFO] [1750787325.652674836] [ultrasonic_node]: Distance: 2.45m
[INFO] [1750787325.858963128] [ultrasonic_node]: Distance: 1.67m
[INFO] [1750787326.252392901] [ultrasonic_node]: Distance: 2.45m
[INFO] [1750787326.453145883] [ultrasonic_node]: Distance: 3.22m
[INFO] [1750787326.653549025] [ultrasonic_node]: Distance: 4.00m
[INFO] [1750787329.051928411] [ultrasonic_node]: Distance: 3.20m
[INFO] [1750787329.258115967] [ultrasonic_node]: Distance: 2.39m
[INFO] [1750787329.662151449] [ultrasonic_node]: Distance: 3.20m
[INFO] [1750787329.852445500] [ultrasonic_node]: Distance: 4.00m
[INFO] [1750787331.252630547] [ultrasonic_node]: Distance: 3.22m
[INFO] [1750787331.451881662] [ultrasonic_node]: Distance: 2.44m
[INFO] [1750787331.651844348] [ultrasonic_node]: Distance: 1.66m
[INFO] [1750787332.057182489] [ultrasonic_node]: Distance: 2.44m
[INFO] [1750787332.254318680] [ultrasonic_node]: Distance: 3.22m
[INFO] [1750787332.453324057] [ultrasonic_node]: Distance: 4.00m
[INFO] [1750787333.652196875] [ultrasonic_node]: Distance: 3.22m
[INFO] [1750787333.852153647] [ultrasonic_node]: Distance: 2.44m
[INFO] [1750787334.052306977] [ultrasonic_node]: Distance: 1.68m
[INFO] [1750787334.451707322] [ultrasonic_node]: Distance: 2.49m
[INFO] [1750787334.652370412] [ultrasonic_node]: Distance: 3.25m
[INFO] [1750787334.856550090] [ultrasonic_node]: Distance: 4.00m
[INFO] [1750787350.652303176] [ultrasonic_node]: Distance: 3.10m
[INFO] [1750787350.853123792] [ultrasonic_node]: Distance: 2.10m
[INFO] [1750787351.052433044] [ultrasonic_node]: Distance: 1.05m
[INFO] [1750787351.252077998] [ultrasonic_node]: Distance: 0.84m
[INFO] [1750787351.452519707] [ultrasonic_node]: Distance: 0.72m
[INFO] [1750787351.852137398] [ultrasonic_node]: Distance: 0.61m
[INFO] [1750787353.251906535] [ultrasonic_node]: Distance: 1.72m
[INFO] [1750787353.451933845] [ultrasonic_node]: Distance: 2.86m
[INFO] [1750787353.652521869] [ultrasonic_node]: Distance: 4.00m
[INFO] [1750787354.051876472] [ultrasonic_node]: Distance: 3.11m
[INFO] [1750787354.251982124] [ultrasonic_node]: Distance: 2.21m
[INFO] [1750787354.452863032] [ultrasonic_node]: Distance: 1.32m
[INFO] [1750787354.652749699] [ultrasonic_node]: Distance: 2.21m
[INFO] [1750787354.853449084] [ultrasonic_node]: Distance: 3.11m
[INFO] [1750787355.055562604] [ultrasonic_node]: Distance: 4.00m
[INFO] [1750787364.851943686] [ultrasonic_node]: Distance: 3.22m
[INFO] [1750787365.054288660] [ultrasonic_node]: Distance: 2.41m
[INFO] [1750787365.252133267] [ultrasonic_node]: Distance: 1.45m
[INFO] [1750787365.453335416] [ultrasonic_node]: Distance: 1.09m
[INFO] [1750787365.652019335] [ultrasonic_node]: Distance: 0.72m
[INFO] [1750787365.854818180] [ultrasonic_node]: Distance: 0.50m
[INFO] [1750787367.657832579] [ultrasonic_node]: Distance: 0.40m
[INFO] [1750787369.052184930] [ultrasonic_node]: Distance: 0.52m
[INFO] [1750787369.853081182] [ultrasonic_node]: Distance: 0.72m
[INFO] [1750787370.051820706] [ultrasonic_node]: Distance: 0.92m
[INFO] [1750787370.253173215] [ultrasonic_node]: Distance: 1.10m
[INFO] [1750787370.852349171] [ultrasonic_node]: Distance: 0.94m
[INFO] [1750787371.860135114] [ultrasonic_node]: Distance: 0.82m
[INFO] [1750787373.651867173] [ultrasonic_node]: Distance: 0.95m
[INFO] [1750787373.851747977] [ultrasonic_node]: Distance: 1.99m
[INFO] [1750787374.054462699] [ultrasonic_node]: Distance: 3.00m
[INFO] [1750787374.251832634] [ultrasonic_node]: Distance: 4.00m
[INFO] [1750787383.451896181] [ultrasonic_node]: Distance: 3.27m
[INFO] [1750787383.653182282] [ultrasonic_node]: Distance: 2.54m
[INFO] [1750787383.851845134] [ultrasonic_node]: Distance: 1.81m
[INFO] [1750787384.455007459] [ultrasonic_node]: Distance: 2.54m
[INFO] [1750787384.652479096] [ultrasonic_node]: Distance: 3.27m
[INFO] [1750787384.853387662] [ultrasonic_node]: Distance: 4.00m
[INFO] [1750787385.451875211] [ultrasonic_node]: Distance: 3.26m
[INFO] [1750787385.654557373] [ultrasonic_node]: Distance: 2.53m
[INFO] [1750787385.851995907] [ultrasonic_node]: Distance: 1.79m
[INFO] [1750787386.056358594] [ultrasonic_node]: Distance: 2.53m
[INFO] [1750787386.252301909] [ultrasonic_node]: Distance: 3.26m
[INFO] [1750787386.453339921] [ultrasonic_node]: Distance: 4.00m
[INFO] [1750787387.052620631] [ultrasonic_node]: Distance: 3.27m
[INFO] [1750787387.251854622] [ultrasonic_node]: Distance: 2.53m
[INFO] [1750787387.452744956] [ultrasonic_node]: Distance: 1.80m
[INFO] [1750787388.453579283] [ultrasonic_node]: Distance: 2.52m
[INFO] [1750787388.658589640] [ultrasonic_node]: Distance: 3.26m
[INFO] [1750787388.853603217] [ultrasonic_node]: Distance: 4.00m
[INFO] [1750787436.452473432] [ultrasonic_node]: Distance: 2.86m
[INFO] [1750787436.651885377] [ultrasonic_node]: Distance: 1.71m
[INFO] [1750787436.853980604] [ultrasonic_node]: Distance: 0.55m
[INFO] [1750787438.851870975] [ultrasonic_node]: Distance: 1.73m
[INFO] [1750787439.052391327] [ultrasonic_node]: Distance: 2.87m
[INFO] [1750787439.451945091] [ultrasonic_node]: Distance: 1.74m
[INFO] [1750787439.652974704] [ultrasonic_node]: Distance: 0.60m
[INFO] [1750787442.451793539] [ultrasonic_node]: Distance: 0.78m
[INFO] [1750787442.654583489] [ultrasonic_node]: Distance: 0.97m
[INFO] [1750787442.851852227] [ultrasonic_node]: Distance: 1.15m
[INFO] [1750787443.852906660] [ultrasonic_node]: Distance: 0.78m
[INFO] [1750787444.051891859] [ultrasonic_node]: Distance: 0.44m
[INFO] [1750787444.253860799] [ultrasonic_node]: Distance: 0.17m
[INFO] [1750787444.651953317] [ultrasonic_node]: Distance: 0.52m
[INFO] [1750787444.851868116] [ultrasonic_node]: Distance: 0.86m
[INFO] [1750787445.052046381] [ultrasonic_node]: Distance: 1.21m
[INFO] [1750787446.252980773] [ultrasonic_node]: Distance: 1.10m
[INFO] [1750787447.852072625] [ultrasonic_node]: Distance: 1.21m
[INFO] [1750787449.052681095] [ultrasonic_node]: Distance: 2.21m
[INFO] [1750787449.252163110] [ultrasonic_node]: Distance: 3.11m
[INFO] [1750787449.451895833] [ultrasonic_node]: Distance: 4.00m
[INFO] [1750787450.651892982] [ultrasonic_node]: Distance: 3.10m
[INFO] [1750787450.852118815] [ultrasonic_node]: Distance: 2.16m
[INFO] [1750787451.051837583] [ultrasonic_node]: Distance: 1.21m
[INFO] [1750787452.851833975] [ultrasonic_node]: Distance: 1.11m
[INFO] [1750787454.451862782] [ultrasonic_node]: Distance: 0.89m
[INFO] [1750787454.654949701] [ultrasonic_node]: Distance: 0.66m
[INFO] [1750787454.851868161] [ultrasonic_node]: Distance: 0.42m
[INFO] [1750787455.457475646] [ultrasonic_node]: Distance: 0.71m
[INFO] [1750787456.052181746] [ultrasonic_node]: Distance: 0.58m
[INFO] [1750787456.652154883] [ultrasonic_node]: Distance: 0.46m
[INFO] [1750787457.653247881] [ultrasonic_node]: Distance: 1.63m
[INFO] [1750787457.851952179] [ultrasonic_node]: Distance: 1.94m
[INFO] [1750787458.051880419] [ultrasonic_node]: Distance: 2.22m
[INFO] [1750787458.252928224] [ultrasonic_node]: Distance: 1.28m
[INFO] [1750787458.652411816] [ultrasonic_node]: Distance: 1.17m
[INFO] [1750787459.451887604] [ultrasonic_node]: Distance: 2.12m
[INFO] [1750787459.852407882] [ultrasonic_node]: Distance: 1.78m
[INFO] [1750787460.051833581] [ultrasonic_node]: Distance: 0.50m
[INFO] [1750787460.254206039] [ultrasonic_node]: Distance: 0.16m
[INFO] [1750787460.655395942] [ultrasonic_node]: Distance: 0.54m
[INFO] [1750787460.852278175] [ultrasonic_node]: Distance: 0.92m
[INFO] [1750787461.053130350] [ultrasonic_node]: Distance: 1.25m
[INFO] [1750787461.252632650] [ultrasonic_node]: Distance: 0.89m
[INFO] [1750787461.451738166] [ultrasonic_node]: Distance: 0.53m
[INFO] [1750787461.851968578] [ultrasonic_node]: Distance: 0.84m
[INFO] [1750787462.051934919] [ultrasonic_node]: Distance: 1.16m
[INFO] [1750787463.051923989] [ultrasonic_node]: Distance: 1.30m
[INFO] [1750787464.452618918] [ultrasonic_node]: Distance: 2.20m
[INFO] [1750787464.651853656] [ultrasonic_node]: Distance: 3.10m
[INFO] [1750787465.053174002] [ultrasonic_node]: Distance: 2.15m
[INFO] [1750787465.257104391] [ultrasonic_node]: Distance: 1.21m
[INFO] [1750787466.851778071] [ultrasonic_node]: Distance: 1.31m
[INFO] [1750787467.251839976] [ultrasonic_node]: Distance: 2.25m
[INFO] [1750787467.854401843] [ultrasonic_node]: Distance: 1.31m
[INFO] [1750787470.252944055] [ultrasonic_node]: Distance: 2.23m
[INFO] [1750787470.452230196] [ultrasonic_node]: Distance: 3.12m
[INFO] [1750787470.652337572] [ultrasonic_node]: Distance: 4.00m
[INFO] [1750787479.051815776] [ultrasonic_node]: Distance: 3.18m
[INFO] [1750787479.251859256] [ultrasonic_node]: Distance: 2.34m
[INFO] [1750787479.452433430] [ultrasonic_node]: Distance: 1.48m
[INFO] [1750787480.053610792] [ultrasonic_node]: Distance: 1.36m
[INFO] [1750787481.452310779] [ultrasonic_node]: Distance: 1.49m
[INFO] [1750787481.851863448] [ultrasonic_node]: Distance: 2.34m
[INFO] [1750787482.055298071] [ultrasonic_node]: Distance: 3.17m
[INFO] [1750787482.252246065] [ultrasonic_node]: Distance: 4.00m
[INFO] [1750787484.051862577] [ultrasonic_node]: Distance: 2.88m
[INFO] [1750787484.252495885] [ultrasonic_node]: Distance: 1.76m
[INFO] [1750787484.451878992] [ultrasonic_node]: Distance: 0.64m
[INFO] [1750787485.458167058] [ultrasonic_node]: Distance: 0.53m
[INFO] [1750787487.253181249] [ultrasonic_node]: Distance: 0.65m
Traceback (most recent call last):
  File "/home/sashwat/smart-cane-system/src/smart_cane_system/smart_cane_system/ultrasonic_node.py", line 95, in main
    rclpy.spin(node)
  File "/opt/ros/jazzy/lib/python3.12/site-packages/rclpy/__init__.py", line 244, in spin
    executor.spin_once()
  File "/opt/ros/jazzy/lib/python3.12/site-packages/rclpy/executors.py", line 839, in spin_once
    self._spin_once_impl(timeout_sec)
  File "/opt/ros/jazzy/lib/python3.12/site-packages/rclpy/executors.py", line 823, in _spin_once_impl
    handler, entity, node = self.wait_for_ready_callbacks(
                            ^^^^^^^^^^^^^^^^^^^^^^^^^^^^^^
  File "/opt/ros/jazzy/lib/python3.12/site-packages/rclpy/executors.py", line 793, in wait_for_ready_callbacks
    return next(self._cb_iter)
           ^^^^^^^^^^^^^^^^^^^
  File "/opt/ros/jazzy/lib/python3.12/site-packages/rclpy/executors.py", line 701, in _wait_for_ready_callbacks
    raise ExternalShutdownException()
rclpy.executors.ExternalShutdownException

During handling of the above exception, another exception occurred:

Traceback (most recent call last):
  File "/home/sashwat/smart-cane-system/src/smart_cane_system/smart_cane_system/ultrasonic_node.py", line 104, in <module>
    main()
  File "/home/sashwat/smart-cane-system/src/smart_cane_system/smart_cane_system/ultrasonic_node.py", line 101, in main
    rclpy.shutdown()
  File "/opt/ros/jazzy/lib/python3.12/site-packages/rclpy/__init__.py", line 134, in shutdown
    _shutdown(context=context)
  File "/opt/ros/jazzy/lib/python3.12/site-packages/rclpy/utilities.py", line 82, in shutdown
    context.shutdown()
  File "/opt/ros/jazzy/lib/python3.12/site-packages/rclpy/context.py", line 129, in shutdown
    self.__context.shutdown()
rclpy._rclpy_pybind11.RCLError: failed to shutdown: rcl_shutdown already called on the given context, at ./src/rcl/init.c:333
