[INFO] [1750787254.743889316] [yolo_detection_node]: 🎯 YOLO Detection Node with Visual Display initialized
[INFO] [1750787254.744525077] [yolo_detection_node]: 📺 Press "q" in the camera window to quit display
[INFO] [1750787256.954637014] [yolo_detection_node]: 📡 Published 1 detections
qt.qpa.plugin: Could not find the Qt platform plugin "wayland" in "/home/sashwat/.local/lib/python3.12/site-packages/cv2/qt/plugins"
[INFO] [1750787257.805137723] [yolo_detection_node]: 📡 Published 1 detections
[INFO] [1750787258.234796146] [yolo_detection_node]: 📡 Published 1 detections
[INFO] [1750787258.716708988] [yolo_detection_node]: 📡 Published 2 detections
[INFO] [1750787259.230275879] [yolo_detection_node]: 📡 Published 1 detections
[INFO] [1750787259.713694078] [yolo_detection_node]: 📡 Published 1 detections
[INFO] [1750787260.193155859] [yolo_detection_node]: 📡 Published 1 detections
[INFO] [1750787260.638030658] [yolo_detection_node]: 📡 Published 1 detections
[INFO] [1750787261.137298327] [yolo_detection_node]: 📡 Published 1 detections
[INFO] [1750787261.667093876] [yolo_detection_node]: 📡 Published 1 detections
[INFO] [1750787262.087347739] [yolo_detection_node]: 📡 Published 1 detections
[INFO] [1750787262.508207270] [yolo_detection_node]: 📡 Published 1 detections
[INFO] [1750787262.956929785] [yolo_detection_node]: 📡 Published 1 detections
[INFO] [1750787263.373941992] [yolo_detection_node]: 📡 Published 1 detections
[INFO] [1750787263.791371626] [yolo_detection_node]: 📡 Published 1 detections
[INFO] [1750787264.203567358] [yolo_detection_node]: 📡 Published 1 detections
[INFO] [1750787264.627473103] [yolo_detection_node]: 📡 Published 1 detections
[INFO] [1750787265.071521551] [yolo_detection_node]: 📡 Published 1 detections
[INFO] [1750787265.486848088] [yolo_detection_node]: 📡 Published 2 detections
[INFO] [1750787265.916206682] [yolo_detection_node]: 📡 Published 1 detections
[INFO] [1750787266.335750861] [yolo_detection_node]: 📡 Published 1 detections
[INFO] [1750787266.754733558] [yolo_detection_node]: 📡 Published 1 detections
[INFO] [1750787267.172195731] [yolo_detection_node]: 📡 Published 1 detections
[INFO] [1750787267.597098315] [yolo_detection_node]: 📡 Published 1 detections
[INFO] [1750787268.025298574] [yolo_detection_node]: 📡 Published 1 detections
[INFO] [1750787268.450498529] [yolo_detection_node]: 📡 Published 1 detections
[INFO] [1750787268.867595444] [yolo_detection_node]: 📡 Published 1 detections
[INFO] [1750787269.286606549] [yolo_detection_node]: 📡 Published 1 detections
[INFO] [1750787269.706343842] [yolo_detection_node]: 📡 Published 1 detections
[INFO] [1750787270.127581047] [yolo_detection_node]: 📡 Published 2 detections
[INFO] [1750787270.540159358] [yolo_detection_node]: 📡 Published 1 detections
[INFO] [1750787270.960503709] [yolo_detection_node]: 📡 Published 1 detections
[INFO] [1750787271.375146767] [yolo_detection_node]: 📡 Published 2 detections
[INFO] [1750787271.786023722] [yolo_detection_node]: 📡 Published 1 detections
[INFO] [1750787272.196965104] [yolo_detection_node]: 📡 Published 1 detections
[INFO] [1750787272.612147868] [yolo_detection_node]: 📡 Published 1 detections
[INFO] [1750787273.022831379] [yolo_detection_node]: 📡 Published 1 detections
[INFO] [1750787273.436822104] [yolo_detection_node]: 📡 Published 1 detections
[INFO] [1750787273.857582458] [yolo_detection_node]: 📡 Published 1 detections
[INFO] [1750787274.268544452] [yolo_detection_node]: 📡 Published 1 detections
[INFO] [1750787274.676012511] [yolo_detection_node]: 📡 Published 0 detections
[INFO] [1750787275.089706995] [yolo_detection_node]: 📡 Published 1 detections
[INFO] [1750787275.502140420] [yolo_detection_node]: 📡 Published 1 detections
[INFO] [1750787275.913106878] [yolo_detection_node]: 📡 Published 1 detections
[INFO] [1750787276.325306489] [yolo_detection_node]: 📡 Published 1 detections
[INFO] [1750787276.729844189] [yolo_detection_node]: 📡 Published 1 detections
[INFO] [1750787277.137272157] [yolo_detection_node]: 📡 Published 0 detections
[INFO] [1750787277.538321034] [yolo_detection_node]: 📡 Published 1 detections
[INFO] [1750787277.960661988] [yolo_detection_node]: 📡 Published 1 detections
[INFO] [1750787278.390453888] [yolo_detection_node]: 📡 Published 1 detections
[INFO] [1750787278.795145405] [yolo_detection_node]: 📡 Published 1 detections
[INFO] [1750787279.319161713] [yolo_detection_node]: 📡 Published 1 detections
[INFO] [1750787279.733509498] [yolo_detection_node]: 📡 Published 1 detections
[INFO] [1750787280.146160427] [yolo_detection_node]: 📡 Published 1 detections
[INFO] [1750787280.557596538] [yolo_detection_node]: 📡 Published 0 detections
[INFO] [1750787280.976061205] [yolo_detection_node]: 📡 Published 1 detections
[INFO] [1750787281.396005525] [yolo_detection_node]: 📡 Published 1 detections
[INFO] [1750787281.808752936] [yolo_detection_node]: 📡 Published 1 detections
[INFO] [1750787282.219777399] [yolo_detection_node]: 📡 Published 1 detections
[INFO] [1750787282.627982836] [yolo_detection_node]: 📡 Published 0 detections
[INFO] [1750787283.041118267] [yolo_detection_node]: 📡 Published 1 detections
[INFO] [1750787283.456397483] [yolo_detection_node]: 📡 Published 1 detections
[INFO] [1750787283.867226020] [yolo_detection_node]: 📡 Published 1 detections
[INFO] [1750787284.282909886] [yolo_detection_node]: 📡 Published 1 detections
[INFO] [1750787284.700913480] [yolo_detection_node]: 📡 Published 1 detections
[INFO] [1750787285.115804455] [yolo_detection_node]: 📡 Published 0 detections
[INFO] [1750787285.533594568] [yolo_detection_node]: 📡 Published 1 detections
[INFO] [1750787285.956250398] [yolo_detection_node]: 📡 Published 1 detections
[INFO] [1750787286.367843569] [yolo_detection_node]: 📡 Published 1 detections
[INFO] [1750787286.782755767] [yolo_detection_node]: 📡 Published 1 detections
[INFO] [1750787287.204486540] [yolo_detection_node]: 📡 Published 1 detections
[INFO] [1750787287.621265855] [yolo_detection_node]: 📡 Published 1 detections
[INFO] [1750787288.036794834] [yolo_detection_node]: 📡 Published 1 detections
[INFO] [1750787288.454308262] [yolo_detection_node]: 📡 Published 0 detections
[INFO] [1750787288.865446266] [yolo_detection_node]: 📡 Published 1 detections
[INFO] [1750787289.287193467] [yolo_detection_node]: 📡 Published 1 detections
[INFO] [1750787289.719602067] [yolo_detection_node]: 📡 Published 0 detections
[INFO] [1750787290.128477213] [yolo_detection_node]: 📡 Published 1 detections
[INFO] [1750787290.541787984] [yolo_detection_node]: 📡 Published 1 detections
[INFO] [1750787290.956039942] [yolo_detection_node]: 📡 Published 1 detections
[INFO] [1750787291.374563634] [yolo_detection_node]: 📡 Published 1 detections
[INFO] [1750787291.795131499] [yolo_detection_node]: 📡 Published 1 detections
[INFO] [1750787292.212824153] [yolo_detection_node]: 📡 Published 1 detections
[INFO] [1750787292.627396187] [yolo_detection_node]: 📡 Published 1 detections
[INFO] [1750787293.042087481] [yolo_detection_node]: 📡 Published 1 detections
[INFO] [1750787293.460296989] [yolo_detection_node]: 📡 Published 1 detections
[INFO] [1750787293.873934558] [yolo_detection_node]: 📡 Published 1 detections
[INFO] [1750787294.289084280] [yolo_detection_node]: 📡 Published 0 detections
[INFO] [1750787294.710808706] [yolo_detection_node]: 📡 Published 2 detections
[INFO] [1750787295.125047241] [yolo_detection_node]: 📡 Published 1 detections
[INFO] [1750787295.541537578] [yolo_detection_node]: 📡 Published 2 detections
[INFO] [1750787295.957853304] [yolo_detection_node]: 📡 Published 2 detections
[INFO] [1750787296.376707760] [yolo_detection_node]: 📡 Published 1 detections
[INFO] [1750787296.790343516] [yolo_detection_node]: 📡 Published 1 detections
[INFO] [1750787297.217104901] [yolo_detection_node]: 📡 Published 1 detections
[INFO] [1750787297.636704804] [yolo_detection_node]: 📡 Published 2 detections
[INFO] [1750787298.060682701] [yolo_detection_node]: 📡 Published 1 detections
[INFO] [1750787298.480712494] [yolo_detection_node]: 📡 Published 1 detections
[INFO] [1750787298.903436277] [yolo_detection_node]: 📡 Published 1 detections
[INFO] [1750787299.309907237] [yolo_detection_node]: 📡 Published 2 detections
[INFO] [1750787299.722605881] [yolo_detection_node]: 📡 Published 1 detections
[INFO] [1750787300.135488785] [yolo_detection_node]: 📡 Published 1 detections
[INFO] [1750787300.556091489] [yolo_detection_node]: 📡 Published 2 detections
[INFO] [1750787300.968246039] [yolo_detection_node]: 📡 Published 1 detections
[INFO] [1750787301.395618558] [yolo_detection_node]: 📡 Published 1 detections
[INFO] [1750787301.814182331] [yolo_detection_node]: 📡 Published 1 detections
[INFO] [1750787302.226026668] [yolo_detection_node]: 📡 Published 2 detections
[INFO] [1750787302.637703967] [yolo_detection_node]: 📡 Published 1 detections
[INFO] [1750787303.049575554] [yolo_detection_node]: 📡 Published 1 detections
[INFO] [1750787303.458549055] [yolo_detection_node]: 📡 Published 1 detections
[INFO] [1750787303.883190527] [yolo_detection_node]: 📡 Published 1 detections
[INFO] [1750787304.306008827] [yolo_detection_node]: 📡 Published 2 detections
[INFO] [1750787304.725388935] [yolo_detection_node]: 📡 Published 1 detections
[INFO] [1750787305.144077944] [yolo_detection_node]: 📡 Published 2 detections
[INFO] [1750787305.553306212] [yolo_detection_node]: 📡 Published 1 detections
[INFO] [1750787305.957354424] [yolo_detection_node]: 📡 Published 2 detections
[INFO] [1750787306.362415819] [yolo_detection_node]: 📡 Published 1 detections
[INFO] [1750787306.776004636] [yolo_detection_node]: 📡 Published 1 detections
[INFO] [1750787307.178814136] [yolo_detection_node]: 📡 Published 1 detections
[INFO] [1750787307.690201045] [yolo_detection_node]: 📡 Published 1 detections
[INFO] [1750787308.109233446] [yolo_detection_node]: 📡 Published 1 detections
[INFO] [1750787308.525142407] [yolo_detection_node]: 📡 Published 1 detections
[INFO] [1750787308.943433661] [yolo_detection_node]: 📡 Published 1 detections
[INFO] [1750787309.355227493] [yolo_detection_node]: 📡 Published 1 detections
[INFO] [1750787309.776961534] [yolo_detection_node]: 📡 Published 1 detections
[INFO] [1750787310.194321099] [yolo_detection_node]: 📡 Published 1 detections
[INFO] [1750787310.608288540] [yolo_detection_node]: 📡 Published 1 detections
[INFO] [1750787311.023339633] [yolo_detection_node]: 📡 Published 1 detections
[INFO] [1750787311.446364740] [yolo_detection_node]: 📡 Published 1 detections
[INFO] [1750787311.867126669] [yolo_detection_node]: 📡 Published 1 detections
[INFO] [1750787312.285449863] [yolo_detection_node]: 📡 Published 2 detections
[INFO] [1750787312.708947101] [yolo_detection_node]: 📡 Published 1 detections
[INFO] [1750787313.126639302] [yolo_detection_node]: 📡 Published 1 detections
[INFO] [1750787313.551541636] [yolo_detection_node]: 📡 Published 1 detections
[INFO] [1750787313.968337132] [yolo_detection_node]: 📡 Published 1 detections
[INFO] [1750787314.382452623] [yolo_detection_node]: 📡 Published 1 detections
[INFO] [1750787314.801350396] [yolo_detection_node]: 📡 Published 1 detections
[INFO] [1750787315.226072149] [yolo_detection_node]: 📡 Published 2 detections
[INFO] [1750787315.644450071] [yolo_detection_node]: 📡 Published 1 detections
[INFO] [1750787316.057527415] [yolo_detection_node]: 📡 Published 1 detections
[INFO] [1750787316.478502402] [yolo_detection_node]: 📡 Published 1 detections
[INFO] [1750787316.906639706] [yolo_detection_node]: 📡 Published 1 detections
[INFO] [1750787317.335844030] [yolo_detection_node]: 📡 Published 1 detections
[INFO] [1750787317.757041069] [yolo_detection_node]: 📡 Published 1 detections
[INFO] [1750787318.179693443] [yolo_detection_node]: 📡 Published 1 detections
[INFO] [1750787318.606838599] [yolo_detection_node]: 📡 Published 1 detections
[INFO] [1750787319.027648122] [yolo_detection_node]: 📡 Published 1 detections
[INFO] [1750787319.450084876] [yolo_detection_node]: 📡 Published 1 detections
[INFO] [1750787319.876886684] [yolo_detection_node]: 📡 Published 1 detections
[INFO] [1750787320.297524549] [yolo_detection_node]: 📡 Published 1 detections
[INFO] [1750787320.720363545] [yolo_detection_node]: 📡 Published 1 detections
[INFO] [1750787321.144444484] [yolo_detection_node]: 📡 Published 1 detections
[INFO] [1750787321.569819617] [yolo_detection_node]: 📡 Published 1 detections
[INFO] [1750787321.980548727] [yolo_detection_node]: 📡 Published 2 detections
[INFO] [1750787322.403099518] [yolo_detection_node]: 📡 Published 1 detections
[INFO] [1750787322.866053194] [yolo_detection_node]: 📡 Published 1 detections
[INFO] [1750787323.293710923] [yolo_detection_node]: 📡 Published 1 detections
[INFO] [1750787323.718198024] [yolo_detection_node]: 📡 Published 1 detections
[INFO] [1750787324.142568169] [yolo_detection_node]: 📡 Published 1 detections
[INFO] [1750787324.563933903] [yolo_detection_node]: 📡 Published 1 detections
[INFO] [1750787324.983641510] [yolo_detection_node]: 📡 Published 1 detections
[INFO] [1750787325.410633649] [yolo_detection_node]: 📡 Published 2 detections
[INFO] [1750787325.825252923] [yolo_detection_node]: 📡 Published 1 detections
[INFO] [1750787326.243223011] [yolo_detection_node]: 📡 Published 1 detections
[INFO] [1750787326.664413986] [yolo_detection_node]: 📡 Published 1 detections
[INFO] [1750787327.080698302] [yolo_detection_node]: 📡 Published 1 detections
[INFO] [1750787327.502414356] [yolo_detection_node]: 📡 Published 1 detections
[INFO] [1750787327.923826959] [yolo_detection_node]: 📡 Published 1 detections
[INFO] [1750787328.336344437] [yolo_detection_node]: 📡 Published 1 detections
[INFO] [1750787328.754522505] [yolo_detection_node]: 📡 Published 2 detections
[INFO] [1750787329.173127776] [yolo_detection_node]: 📡 Published 2 detections
[INFO] [1750787329.593822685] [yolo_detection_node]: 📡 Published 1 detections
[INFO] [1750787330.051159532] [yolo_detection_node]: 📡 Published 2 detections
[INFO] [1750787330.465867945] [yolo_detection_node]: 📡 Published 2 detections
[INFO] [1750787330.889403423] [yolo_detection_node]: 📡 Published 1 detections
[INFO] [1750787331.311337018] [yolo_detection_node]: 📡 Published 1 detections
[INFO] [1750787331.727920110] [yolo_detection_node]: 📡 Published 1 detections
[INFO] [1750787332.199959041] [yolo_detection_node]: 📡 Published 1 detections
[INFO] [1750787332.623169593] [yolo_detection_node]: 📡 Published 1 detections
[INFO] [1750787333.047732465] [yolo_detection_node]: 📡 Published 1 detections
[INFO] [1750787333.466252714] [yolo_detection_node]: 📡 Published 2 detections
[INFO] [1750787333.900231344] [yolo_detection_node]: 📡 Published 1 detections
[INFO] [1750787334.322422147] [yolo_detection_node]: 📡 Published 1 detections
[INFO] [1750787334.751105629] [yolo_detection_node]: 📡 Published 1 detections
[INFO] [1750787335.182783678] [yolo_detection_node]: 📡 Published 1 detections
[INFO] [1750787335.597450617] [yolo_detection_node]: 📡 Published 1 detections
[INFO] [1750787336.011380911] [yolo_detection_node]: 📡 Published 1 detections
[INFO] [1750787336.429394429] [yolo_detection_node]: 📡 Published 1 detections
[INFO] [1750787336.850401321] [yolo_detection_node]: 📡 Published 2 detections
[INFO] [1750787337.263977996] [yolo_detection_node]: 📡 Published 1 detections
[INFO] [1750787337.852038203] [yolo_detection_node]: 📡 Published 1 detections
[INFO] [1750787338.269290555] [yolo_detection_node]: 📡 Published 2 detections
[INFO] [1750787338.687539882] [yolo_detection_node]: 📡 Published 1 detections
[INFO] [1750787339.112529890] [yolo_detection_node]: 📡 Published 1 detections
[INFO] [1750787339.529109346] [yolo_detection_node]: 📡 Published 1 detections
[INFO] [1750787339.945176199] [yolo_detection_node]: 📡 Published 2 detections
[INFO] [1750787340.361928415] [yolo_detection_node]: 📡 Published 2 detections
[INFO] [1750787340.776610680] [yolo_detection_node]: 📡 Published 1 detections
[INFO] [1750787341.190274118] [yolo_detection_node]: 📡 Published 2 detections
[INFO] [1750787341.608750119] [yolo_detection_node]: 📡 Published 1 detections
[INFO] [1750787342.028493069] [yolo_detection_node]: 📡 Published 1 detections
[INFO] [1750787342.442636592] [yolo_detection_node]: 📡 Published 2 detections
[INFO] [1750787342.859072770] [yolo_detection_node]: 📡 Published 1 detections
[INFO] [1750787343.273812882] [yolo_detection_node]: 📡 Published 1 detections
[INFO] [1750787343.688184108] [yolo_detection_node]: 📡 Published 1 detections
[INFO] [1750787344.107621575] [yolo_detection_node]: 📡 Published 1 detections
[INFO] [1750787344.521439267] [yolo_detection_node]: 📡 Published 1 detections
[INFO] [1750787344.941608008] [yolo_detection_node]: 📡 Published 1 detections
[INFO] [1750787345.362742451] [yolo_detection_node]: 📡 Published 1 detections
[INFO] [1750787345.775461247] [yolo_detection_node]: 📡 Published 1 detections
[INFO] [1750787346.190139979] [yolo_detection_node]: 📡 Published 1 detections
[INFO] [1750787346.607442062] [yolo_detection_node]: 📡 Published 1 detections
[INFO] [1750787347.021170576] [yolo_detection_node]: 📡 Published 2 detections
[INFO] [1750787347.450008302] [yolo_detection_node]: 📡 Published 2 detections
[INFO] [1750787347.866367789] [yolo_detection_node]: 📡 Published 1 detections
[INFO] [1750787348.287602094] [yolo_detection_node]: 📡 Published 2 detections
[INFO] [1750787348.701776406] [yolo_detection_node]: 📡 Published 1 detections
[INFO] [1750787349.126233906] [yolo_detection_node]: 📡 Published 2 detections
[INFO] [1750787349.546561553] [yolo_detection_node]: 📡 Published 2 detections
[INFO] [1750787349.963848049] [yolo_detection_node]: 📡 Published 1 detections
[INFO] [1750787350.380201340] [yolo_detection_node]: 📡 Published 1 detections
[INFO] [1750787350.794082712] [yolo_detection_node]: 📡 Published 1 detections
[INFO] [1750787351.210019204] [yolo_detection_node]: 📡 Published 1 detections
[INFO] [1750787351.635954040] [yolo_detection_node]: 📡 Published 1 detections
[INFO] [1750787352.061384030] [yolo_detection_node]: 📡 Published 2 detections
[INFO] [1750787352.480571049] [yolo_detection_node]: 📡 Published 2 detections
[INFO] [1750787352.907343063] [yolo_detection_node]: 📡 Published 2 detections
[INFO] [1750787353.329746329] [yolo_detection_node]: 📡 Published 1 detections
[INFO] [1750787353.758727232] [yolo_detection_node]: 📡 Published 1 detections
[INFO] [1750787354.184067279] [yolo_detection_node]: 📡 Published 1 detections
[INFO] [1750787354.599172696] [yolo_detection_node]: 📡 Published 1 detections
[INFO] [1750787355.021194315] [yolo_detection_node]: 📡 Published 1 detections
[INFO] [1750787355.439727810] [yolo_detection_node]: 📡 Published 1 detections
[INFO] [1750787355.854059579] [yolo_detection_node]: 📡 Published 1 detections
[INFO] [1750787356.271544152] [yolo_detection_node]: 📡 Published 1 detections
[INFO] [1750787356.683028623] [yolo_detection_node]: 📡 Published 1 detections
[INFO] [1750787357.100960969] [yolo_detection_node]: 📡 Published 1 detections
[INFO] [1750787357.524420566] [yolo_detection_node]: 📡 Published 2 detections
[INFO] [1750787357.939152002] [yolo_detection_node]: 📡 Published 1 detections
[INFO] [1750787358.356129850] [yolo_detection_node]: 📡 Published 1 detections
[INFO] [1750787358.777615556] [yolo_detection_node]: 📡 Published 1 detections
[INFO] [1750787359.198070195] [yolo_detection_node]: 📡 Published 2 detections
[INFO] [1750787359.607178502] [yolo_detection_node]: 📡 Published 2 detections
[INFO] [1750787360.020185435] [yolo_detection_node]: 📡 Published 2 detections
[INFO] [1750787360.439418870] [yolo_detection_node]: 📡 Published 1 detections
[INFO] [1750787360.858639434] [yolo_detection_node]: 📡 Published 2 detections
[INFO] [1750787361.273888003] [yolo_detection_node]: 📡 Published 1 detections
[INFO] [1750787361.694899338] [yolo_detection_node]: 📡 Published 1 detections
[INFO] [1750787362.109928445] [yolo_detection_node]: 📡 Published 1 detections
[INFO] [1750787362.523447269] [yolo_detection_node]: 📡 Published 2 detections
[INFO] [1750787362.937169985] [yolo_detection_node]: 📡 Published 1 detections
[INFO] [1750787363.344700033] [yolo_detection_node]: 📡 Published 2 detections
[INFO] [1750787363.750368933] [yolo_detection_node]: 📡 Published 1 detections
[INFO] [1750787364.163216511] [yolo_detection_node]: 📡 Published 1 detections
[INFO] [1750787364.584462117] [yolo_detection_node]: 📡 Published 1 detections
[INFO] [1750787364.994775636] [yolo_detection_node]: 📡 Published 2 detections
[INFO] [1750787365.416528452] [yolo_detection_node]: 📡 Published 2 detections
[INFO] [1750787365.841499401] [yolo_detection_node]: 📡 Published 1 detections
[INFO] [1750787366.261172722] [yolo_detection_node]: 📡 Published 1 detections
[INFO] [1750787366.682189225] [yolo_detection_node]: 📡 Published 1 detections
[INFO] [1750787367.206338788] [yolo_detection_node]: 📡 Published 1 detections
[INFO] [1750787367.625699258] [yolo_detection_node]: 📡 Published 1 detections
[INFO] [1750787368.051384081] [yolo_detection_node]: 📡 Published 3 detections
[INFO] [1750787368.474913661] [yolo_detection_node]: 📡 Published 2 detections
[INFO] [1750787368.875486717] [yolo_detection_node]: 📡 Published 2 detections
[INFO] [1750787369.287704709] [yolo_detection_node]: 📡 Published 1 detections
[INFO] [1750787369.720683196] [yolo_detection_node]: 📡 Published 1 detections
[INFO] [1750787370.145205117] [yolo_detection_node]: 📡 Published 1 detections
[INFO] [1750787370.574881912] [yolo_detection_node]: 📡 Published 1 detections
[INFO] [1750787370.993995389] [yolo_detection_node]: 📡 Published 1 detections
[INFO] [1750787371.413519056] [yolo_detection_node]: 📡 Published 2 detections
[INFO] [1750787371.826869354] [yolo_detection_node]: 📡 Published 2 detections
[INFO] [1750787372.244077485] [yolo_detection_node]: 📡 Published 2 detections
[INFO] [1750787372.664864820] [yolo_detection_node]: 📡 Published 2 detections
[INFO] [1750787373.086390942] [yolo_detection_node]: 📡 Published 3 detections
[INFO] [1750787373.507610282] [yolo_detection_node]: 📡 Published 2 detections
[INFO] [1750787373.925492748] [yolo_detection_node]: 📡 Published 2 detections
[INFO] [1750787374.345500105] [yolo_detection_node]: 📡 Published 2 detections
[INFO] [1750787374.770400767] [yolo_detection_node]: 📡 Published 2 detections
[INFO] [1750787375.191325220] [yolo_detection_node]: 📡 Published 1 detections
[INFO] [1750787375.613134528] [yolo_detection_node]: 📡 Published 2 detections
[INFO] [1750787376.024999494] [yolo_detection_node]: 📡 Published 1 detections
[INFO] [1750787376.443166607] [yolo_detection_node]: 📡 Published 2 detections
[INFO] [1750787376.861183680] [yolo_detection_node]: 📡 Published 3 detections
[INFO] [1750787377.279604080] [yolo_detection_node]: 📡 Published 2 detections
[INFO] [1750787377.710486988] [yolo_detection_node]: 📡 Published 2 detections
[INFO] [1750787378.115378953] [yolo_detection_node]: 📡 Published 2 detections
[INFO] [1750787378.526827833] [yolo_detection_node]: 📡 Published 2 detections
[INFO] [1750787378.940851796] [yolo_detection_node]: 📡 Published 2 detections
[INFO] [1750787379.357578584] [yolo_detection_node]: 📡 Published 2 detections
[INFO] [1750787379.773822769] [yolo_detection_node]: 📡 Published 2 detections
[INFO] [1750787380.188258765] [yolo_detection_node]: 📡 Published 2 detections
[INFO] [1750787380.600933312] [yolo_detection_node]: 📡 Published 2 detections
[INFO] [1750787381.011364504] [yolo_detection_node]: 📡 Published 2 detections
[INFO] [1750787381.431240934] [yolo_detection_node]: 📡 Published 2 detections
[INFO] [1750787381.846223649] [yolo_detection_node]: 📡 Published 2 detections
[INFO] [1750787382.254910113] [yolo_detection_node]: 📡 Published 2 detections
[INFO] [1750787382.702211663] [yolo_detection_node]: 📡 Published 2 detections
[INFO] [1750787383.120196553] [yolo_detection_node]: 📡 Published 2 detections
[INFO] [1750787383.528911824] [yolo_detection_node]: 📡 Published 2 detections
[INFO] [1750787383.942469826] [yolo_detection_node]: 📡 Published 2 detections
[INFO] [1750787384.362556998] [yolo_detection_node]: 📡 Published 2 detections
[INFO] [1750787384.780486279] [yolo_detection_node]: 📡 Published 2 detections
[INFO] [1750787385.196505146] [yolo_detection_node]: 📡 Published 2 detections
[INFO] [1750787385.613398000] [yolo_detection_node]: 📡 Published 2 detections
[INFO] [1750787386.039922054] [yolo_detection_node]: 📡 Published 2 detections
[INFO] [1750787386.494203602] [yolo_detection_node]: 📡 Published 1 detections
[INFO] [1750787386.959007051] [yolo_detection_node]: 📡 Published 2 detections
[INFO] [1750787387.378636581] [yolo_detection_node]: 📡 Published 3 detections
[INFO] [1750787387.794248707] [yolo_detection_node]: 📡 Published 2 detections
[INFO] [1750787388.211372626] [yolo_detection_node]: 📡 Published 2 detections
[INFO] [1750787388.623063203] [yolo_detection_node]: 📡 Published 1 detections
[INFO] [1750787389.034987060] [yolo_detection_node]: 📡 Published 2 detections
[INFO] [1750787389.465409546] [yolo_detection_node]: 📡 Published 2 detections
[INFO] [1750787389.883620695] [yolo_detection_node]: 📡 Published 2 detections
[INFO] [1750787390.304948050] [yolo_detection_node]: 📡 Published 2 detections
[INFO] [1750787390.727864797] [yolo_detection_node]: 📡 Published 2 detections
[INFO] [1750787391.148564480] [yolo_detection_node]: 📡 Published 2 detections
[INFO] [1750787391.561807340] [yolo_detection_node]: 📡 Published 2 detections
[INFO] [1750787391.988304350] [yolo_detection_node]: 📡 Published 2 detections
[INFO] [1750787392.401545636] [yolo_detection_node]: 📡 Published 2 detections
[INFO] [1750787392.824998037] [yolo_detection_node]: 📡 Published 2 detections
[INFO] [1750787393.256799605] [yolo_detection_node]: 📡 Published 2 detections
[INFO] [1750787393.678143118] [yolo_detection_node]: 📡 Published 2 detections
[INFO] [1750787394.098631575] [yolo_detection_node]: 📡 Published 2 detections
[INFO] [1750787394.515877556] [yolo_detection_node]: 📡 Published 2 detections
[INFO] [1750787394.934708490] [yolo_detection_node]: 📡 Published 2 detections
[INFO] [1750787395.359110167] [yolo_detection_node]: 📡 Published 2 detections
[INFO] [1750787395.770488364] [yolo_detection_node]: 📡 Published 2 detections
[INFO] [1750787396.285401795] [yolo_detection_node]: 📡 Published 2 detections
[INFO] [1750787396.698728858] [yolo_detection_node]: 📡 Published 2 detections
[INFO] [1750787397.115566566] [yolo_detection_node]: 📡 Published 2 detections
[INFO] [1750787397.533084550] [yolo_detection_node]: 📡 Published 1 detections
[INFO] [1750787397.953625862] [yolo_detection_node]: 📡 Published 1 detections
[INFO] [1750787398.364282216] [yolo_detection_node]: 📡 Published 1 detections
[INFO] [1750787398.780832980] [yolo_detection_node]: 📡 Published 1 detections
[INFO] [1750787399.200170504] [yolo_detection_node]: 📡 Published 1 detections
[INFO] [1750787399.623663252] [yolo_detection_node]: 📡 Published 1 detections
[INFO] [1750787400.047396873] [yolo_detection_node]: 📡 Published 1 detections
[INFO] [1750787400.465011340] [yolo_detection_node]: 📡 Published 1 detections
[INFO] [1750787400.887340106] [yolo_detection_node]: 📡 Published 1 detections
[INFO] [1750787401.307804828] [yolo_detection_node]: 📡 Published 1 detections
[INFO] [1750787401.724168125] [yolo_detection_node]: 📡 Published 1 detections
[INFO] [1750787402.140858718] [yolo_detection_node]: 📡 Published 1 detections
[INFO] [1750787402.552092210] [yolo_detection_node]: 📡 Published 1 detections
[INFO] [1750787402.967799293] [yolo_detection_node]: 📡 Published 1 detections
[INFO] [1750787403.380392771] [yolo_detection_node]: 📡 Published 1 detections
[INFO] [1750787403.793324364] [yolo_detection_node]: 📡 Published 1 detections
[INFO] [1750787404.214441508] [yolo_detection_node]: 📡 Published 1 detections
[INFO] [1750787404.627774923] [yolo_detection_node]: 📡 Published 1 detections
[INFO] [1750787405.054836337] [yolo_detection_node]: 📡 Published 1 detections
[INFO] [1750787405.467024475] [yolo_detection_node]: 📡 Published 1 detections
[INFO] [1750787405.877085282] [yolo_detection_node]: 📡 Published 1 detections
[INFO] [1750787406.297143552] [yolo_detection_node]: 📡 Published 1 detections
[INFO] [1750787406.707861926] [yolo_detection_node]: 📡 Published 1 detections
[INFO] [1750787407.117283403] [yolo_detection_node]: 📡 Published 1 detections
[INFO] [1750787407.533655054] [yolo_detection_node]: 📡 Published 1 detections
[INFO] [1750787407.960048385] [yolo_detection_node]: 📡 Published 1 detections
[INFO] [1750787408.367420911] [yolo_detection_node]: 📡 Published 1 detections
[INFO] [1750787408.771917315] [yolo_detection_node]: 📡 Published 1 detections
[INFO] [1750787409.187273109] [yolo_detection_node]: 📡 Published 1 detections
[INFO] [1750787409.611660722] [yolo_detection_node]: 📡 Published 1 detections
[INFO] [1750787410.033651074] [yolo_detection_node]: 📡 Published 1 detections
[INFO] [1750787410.454079383] [yolo_detection_node]: 📡 Published 1 detections
[INFO] [1750787410.866455175] [yolo_detection_node]: 📡 Published 1 detections
[INFO] [1750787411.291733513] [yolo_detection_node]: 📡 Published 1 detections
[INFO] [1750787411.712707943] [yolo_detection_node]: 📡 Published 1 detections
[INFO] [1750787412.127033354] [yolo_detection_node]: 📡 Published 1 detections
[INFO] [1750787412.547372330] [yolo_detection_node]: 📡 Published 1 detections
[INFO] [1750787412.957014376] [yolo_detection_node]: 📡 Published 1 detections
[INFO] [1750787413.361638735] [yolo_detection_node]: 📡 Published 1 detections
[INFO] [1750787413.775557480] [yolo_detection_node]: 📡 Published 1 detections
[INFO] [1750787414.189062858] [yolo_detection_node]: 📡 Published 1 detections
[INFO] [1750787414.597150234] [yolo_detection_node]: 📡 Published 1 detections
[INFO] [1750787415.014015119] [yolo_detection_node]: 📡 Published 1 detections
[INFO] [1750787415.429220812] [yolo_detection_node]: 📡 Published 1 detections
[INFO] [1750787415.847642630] [yolo_detection_node]: 📡 Published 1 detections
[INFO] [1750787416.254831741] [yolo_detection_node]: 📡 Published 1 detections
[INFO] [1750787416.665372584] [yolo_detection_node]: 📡 Published 1 detections
[INFO] [1750787417.085840635] [yolo_detection_node]: 📡 Published 1 detections
[INFO] [1750787417.501392651] [yolo_detection_node]: 📡 Published 1 detections
[INFO] [1750787417.914071177] [yolo_detection_node]: 📡 Published 1 detections
[INFO] [1750787418.322050578] [yolo_detection_node]: 📡 Published 1 detections
[INFO] [1750787418.737613373] [yolo_detection_node]: 📡 Published 1 detections
[INFO] [1750787419.146554984] [yolo_detection_node]: 📡 Published 1 detections
[INFO] [1750787419.555231061] [yolo_detection_node]: 📡 Published 1 detections
[INFO] [1750787419.976116496] [yolo_detection_node]: 📡 Published 1 detections
[INFO] [1750787420.395338314] [yolo_detection_node]: 📡 Published 1 detections
[INFO] [1750787420.811031150] [yolo_detection_node]: 📡 Published 1 detections
[INFO] [1750787421.231379883] [yolo_detection_node]: 📡 Published 1 detections
[INFO] [1750787421.649093308] [yolo_detection_node]: 📡 Published 1 detections
[INFO] [1750787422.073373943] [yolo_detection_node]: 📡 Published 1 detections
[INFO] [1750787422.482616774] [yolo_detection_node]: 📡 Published 1 detections
[INFO] [1750787422.904704453] [yolo_detection_node]: 📡 Published 1 detections
[INFO] [1750787423.320745784] [yolo_detection_node]: 📡 Published 1 detections
[INFO] [1750787423.743580421] [yolo_detection_node]: 📡 Published 1 detections
[INFO] [1750787424.163401170] [yolo_detection_node]: 📡 Published 1 detections
[INFO] [1750787424.577359171] [yolo_detection_node]: 📡 Published 1 detections
[INFO] [1750787424.985594527] [yolo_detection_node]: 📡 Published 1 detections
[INFO] [1750787425.397203642] [yolo_detection_node]: 📡 Published 1 detections
[INFO] [1750787425.920639274] [yolo_detection_node]: 📡 Published 1 detections
[INFO] [1750787426.335894468] [yolo_detection_node]: 📡 Published 1 detections
[INFO] [1750787426.755860657] [yolo_detection_node]: 📡 Published 1 detections
[INFO] [1750787427.167052667] [yolo_detection_node]: 📡 Published 1 detections
[INFO] [1750787427.589331782] [yolo_detection_node]: 📡 Published 1 detections
[INFO] [1750787428.003924594] [yolo_detection_node]: 📡 Published 1 detections
[INFO] [1750787428.422260798] [yolo_detection_node]: 📡 Published 2 detections
[INFO] [1750787428.841521998] [yolo_detection_node]: 📡 Published 2 detections
[INFO] [1750787429.262509306] [yolo_detection_node]: 📡 Published 2 detections
[INFO] [1750787429.678846148] [yolo_detection_node]: 📡 Published 2 detections
[INFO] [1750787430.086555207] [yolo_detection_node]: 📡 Published 2 detections
[INFO] [1750787430.504161663] [yolo_detection_node]: 📡 Published 2 detections
[INFO] [1750787430.919396953] [yolo_detection_node]: 📡 Published 2 detections
[INFO] [1750787431.333893145] [yolo_detection_node]: 📡 Published 2 detections
[INFO] [1750787431.752577249] [yolo_detection_node]: 📡 Published 1 detections
[INFO] [1750787432.174913494] [yolo_detection_node]: 📡 Published 1 detections
[INFO] [1750787432.592556806] [yolo_detection_node]: 📡 Published 1 detections
[INFO] [1750787433.007485855] [yolo_detection_node]: 📡 Published 1 detections
[INFO] [1750787433.421362761] [yolo_detection_node]: 📡 Published 1 detections
[INFO] [1750787433.845110889] [yolo_detection_node]: 📡 Published 1 detections
[INFO] [1750787434.259877206] [yolo_detection_node]: 📡 Published 1 detections
[INFO] [1750787434.673155994] [yolo_detection_node]: 📡 Published 1 detections
[INFO] [1750787435.086916526] [yolo_detection_node]: 📡 Published 1 detections
[INFO] [1750787435.502623723] [yolo_detection_node]: 📡 Published 1 detections
[INFO] [1750787435.915326449] [yolo_detection_node]: 📡 Published 1 detections
[INFO] [1750787436.335007675] [yolo_detection_node]: 📡 Published 1 detections
[INFO] [1750787436.761550184] [yolo_detection_node]: 📡 Published 2 detections
[INFO] [1750787437.179672505] [yolo_detection_node]: 📡 Published 2 detections
[INFO] [1750787437.594939349] [yolo_detection_node]: 📡 Published 2 detections
[INFO] [1750787438.028615947] [yolo_detection_node]: 📡 Published 2 detections
[INFO] [1750787438.520817679] [yolo_detection_node]: 📡 Published 3 detections
[INFO] [1750787438.938941289] [yolo_detection_node]: 📡 Published 2 detections
[INFO] [1750787439.353858190] [yolo_detection_node]: 📡 Published 2 detections
[INFO] [1750787439.768646347] [yolo_detection_node]: 📡 Published 2 detections
[INFO] [1750787440.181359891] [yolo_detection_node]: 📡 Published 2 detections
[INFO] [1750787440.596544833] [yolo_detection_node]: 📡 Published 2 detections
[INFO] [1750787441.024668040] [yolo_detection_node]: 📡 Published 2 detections
[INFO] [1750787441.439816374] [yolo_detection_node]: 📡 Published 2 detections
[INFO] [1750787441.868015974] [yolo_detection_node]: 📡 Published 2 detections
[INFO] [1750787442.287681030] [yolo_detection_node]: 📡 Published 2 detections
[INFO] [1750787442.740156508] [yolo_detection_node]: 📡 Published 2 detections
[INFO] [1750787443.164647920] [yolo_detection_node]: 📡 Published 2 detections
[INFO] [1750787443.576520526] [yolo_detection_node]: 📡 Published 2 detections
[INFO] [1750787444.054800586] [yolo_detection_node]: 📡 Published 2 detections
[INFO] [1750787444.469699110] [yolo_detection_node]: 📡 Published 2 detections
[INFO] [1750787444.887153263] [yolo_detection_node]: 📡 Published 2 detections
[INFO] [1750787445.310030317] [yolo_detection_node]: 📡 Published 2 detections
[INFO] [1750787445.738544061] [yolo_detection_node]: 📡 Published 2 detections
[INFO] [1750787446.164591985] [yolo_detection_node]: 📡 Published 2 detections
[INFO] [1750787446.584230824] [yolo_detection_node]: 📡 Published 2 detections
[INFO] [1750787447.059965386] [yolo_detection_node]: 📡 Published 2 detections
[INFO] [1750787447.501176597] [yolo_detection_node]: 📡 Published 2 detections
[INFO] [1750787447.916790436] [yolo_detection_node]: 📡 Published 2 detections
[INFO] [1750787448.327165076] [yolo_detection_node]: 📡 Published 2 detections
[INFO] [1750787448.734799561] [yolo_detection_node]: 📡 Published 2 detections
[INFO] [1750787449.151426116] [yolo_detection_node]: 📡 Published 2 detections
[INFO] [1750787449.558333687] [yolo_detection_node]: 📡 Published 2 detections
[INFO] [1750787449.978391282] [yolo_detection_node]: 📡 Published 2 detections
[INFO] [1750787450.393327436] [yolo_detection_node]: 📡 Published 2 detections
[INFO] [1750787450.806947774] [yolo_detection_node]: 📡 Published 2 detections
[INFO] [1750787451.229738866] [yolo_detection_node]: 📡 Published 2 detections
[INFO] [1750787451.646277860] [yolo_detection_node]: 📡 Published 1 detections
[INFO] [1750787452.064369764] [yolo_detection_node]: 📡 Published 2 detections
[INFO] [1750787452.477089392] [yolo_detection_node]: 📡 Published 2 detections
[INFO] [1750787452.905298947] [yolo_detection_node]: 📡 Published 2 detections
[INFO] [1750787453.329203668] [yolo_detection_node]: 📡 Published 2 detections
[INFO] [1750787453.754481368] [yolo_detection_node]: 📡 Published 2 detections
[INFO] [1750787454.162802542] [yolo_detection_node]: 📡 Published 2 detections
[INFO] [1750787454.589907161] [yolo_detection_node]: 📡 Published 2 detections
[INFO] [1750787455.008521084] [yolo_detection_node]: 📡 Published 2 detections
[INFO] [1750787455.425302206] [yolo_detection_node]: 📡 Published 2 detections
[INFO] [1750787455.846608764] [yolo_detection_node]: 📡 Published 2 detections
[INFO] [1750787456.270320049] [yolo_detection_node]: 📡 Published 2 detections
[INFO] [1750787456.693570119] [yolo_detection_node]: 📡 Published 2 detections
[INFO] [1750787457.117753235] [yolo_detection_node]: 📡 Published 2 detections
[INFO] [1750787457.655072129] [yolo_detection_node]: 📡 Published 2 detections
[INFO] [1750787458.082285941] [yolo_detection_node]: 📡 Published 2 detections
[INFO] [1750787458.507353303] [yolo_detection_node]: 📡 Published 2 detections
[INFO] [1750787458.927273851] [yolo_detection_node]: 📡 Published 2 detections
[INFO] [1750787459.341998610] [yolo_detection_node]: 📡 Published 2 detections
[INFO] [1750787459.760537938] [yolo_detection_node]: 📡 Published 2 detections
[INFO] [1750787460.187904977] [yolo_detection_node]: 📡 Published 2 detections
[INFO] [1750787460.610362661] [yolo_detection_node]: 📡 Published 2 detections
[INFO] [1750787461.033166848] [yolo_detection_node]: 📡 Published 2 detections
[INFO] [1750787461.452137579] [yolo_detection_node]: 📡 Published 2 detections
[INFO] [1750787461.874152871] [yolo_detection_node]: 📡 Published 2 detections
[INFO] [1750787462.291545829] [yolo_detection_node]: 📡 Published 2 detections
[INFO] [1750787462.716067401] [yolo_detection_node]: 📡 Published 2 detections
[INFO] [1750787463.142210027] [yolo_detection_node]: 📡 Published 2 detections
[INFO] [1750787463.563497242] [yolo_detection_node]: 📡 Published 2 detections
[INFO] [1750787463.974702669] [yolo_detection_node]: 📡 Published 2 detections
[INFO] [1750787464.382499108] [yolo_detection_node]: 📡 Published 2 detections
[INFO] [1750787464.803894014] [yolo_detection_node]: 📡 Published 2 detections
[INFO] [1750787465.228842258] [yolo_detection_node]: 📡 Published 2 detections
[INFO] [1750787465.653973571] [yolo_detection_node]: 📡 Published 2 detections
[INFO] [1750787466.074581986] [yolo_detection_node]: 📡 Published 2 detections
[INFO] [1750787466.499244037] [yolo_detection_node]: 📡 Published 2 detections
[INFO] [1750787466.917418443] [yolo_detection_node]: 📡 Published 2 detections
[INFO] [1750787467.343990991] [yolo_detection_node]: 📡 Published 2 detections
[INFO] [1750787467.766938393] [yolo_detection_node]: 📡 Published 2 detections
[INFO] [1750787468.201551709] [yolo_detection_node]: 📡 Published 2 detections
[INFO] [1750787468.619446526] [yolo_detection_node]: 📡 Published 2 detections
[INFO] [1750787469.041233063] [yolo_detection_node]: 📡 Published 2 detections
[INFO] [1750787469.463791486] [yolo_detection_node]: 📡 Published 2 detections
[INFO] [1750787469.887607260] [yolo_detection_node]: 📡 Published 2 detections
[INFO] [1750787470.312708097] [yolo_detection_node]: 📡 Published 2 detections
[INFO] [1750787470.737308478] [yolo_detection_node]: 📡 Published 2 detections
[INFO] [1750787471.155093668] [yolo_detection_node]: 📡 Published 2 detections
[INFO] [1750787471.572652605] [yolo_detection_node]: 📡 Published 2 detections
[INFO] [1750787471.989160991] [yolo_detection_node]: 📡 Published 2 detections
[INFO] [1750787472.405445323] [yolo_detection_node]: 📡 Published 2 detections
[INFO] [1750787472.820961737] [yolo_detection_node]: 📡 Published 2 detections
[INFO] [1750787473.238742136] [yolo_detection_node]: 📡 Published 2 detections
[INFO] [1750787473.657679379] [yolo_detection_node]: 📡 Published 2 detections
[INFO] [1750787474.081333072] [yolo_detection_node]: 📡 Published 2 detections
[INFO] [1750787474.505828209] [yolo_detection_node]: 📡 Published 2 detections
[INFO] [1750787474.925104905] [yolo_detection_node]: 📡 Published 2 detections
[INFO] [1750787475.341873000] [yolo_detection_node]: 📡 Published 2 detections
[INFO] [1750787475.759347825] [yolo_detection_node]: 📡 Published 2 detections
[INFO] [1750787476.178741669] [yolo_detection_node]: 📡 Published 2 detections
[INFO] [1750787476.595975661] [yolo_detection_node]: 📡 Published 2 detections
[INFO] [1750787477.014250093] [yolo_detection_node]: 📡 Published 2 detections
[INFO] [1750787477.432334435] [yolo_detection_node]: 📡 Published 2 detections
[INFO] [1750787477.846620670] [yolo_detection_node]: 📡 Published 2 detections
[INFO] [1750787478.260212406] [yolo_detection_node]: 📡 Published 2 detections
[INFO] [1750787478.679689438] [yolo_detection_node]: 📡 Published 2 detections
[INFO] [1750787479.097154254] [yolo_detection_node]: 📡 Published 2 detections
[INFO] [1750787479.510058277] [yolo_detection_node]: 📡 Published 2 detections
[INFO] [1750787479.924234483] [yolo_detection_node]: 📡 Published 2 detections
[INFO] [1750787480.352229623] [yolo_detection_node]: 📡 Published 2 detections
[INFO] [1750787480.773054479] [yolo_detection_node]: 📡 Published 2 detections
[INFO] [1750787481.195394070] [yolo_detection_node]: 📡 Published 2 detections
[INFO] [1750787481.611622740] [yolo_detection_node]: 📡 Published 2 detections
[INFO] [1750787482.028324452] [yolo_detection_node]: 📡 Published 2 detections
[INFO] [1750787482.448236102] [yolo_detection_node]: 📡 Published 2 detections
[INFO] [1750787482.860924766] [yolo_detection_node]: 📡 Published 2 detections
[INFO] [1750787483.281385488] [yolo_detection_node]: 📡 Published 2 detections
[INFO] [1750787483.703818380] [yolo_detection_node]: 📡 Published 2 detections
[INFO] [1750787484.119894868] [yolo_detection_node]: 📡 Published 2 detections
[INFO] [1750787484.543114590] [yolo_detection_node]: 📡 Published 2 detections
[INFO] [1750787484.957961775] [yolo_detection_node]: 📡 Published 2 detections
[INFO] [1750787485.373394381] [yolo_detection_node]: 📡 Published 2 detections
[INFO] [1750787485.795371444] [yolo_detection_node]: 📡 Published 2 detections
[INFO] [1750787486.218883686] [yolo_detection_node]: 📡 Published 2 detections
[INFO] [1750787486.223813010] [yolo_detection_node]: 🛑 Display window closed by user
[INFO] [1750787487.074207579] [yolo_detection_node]: 📡 Published 2 detections
[INFO] [1750787487.475676418] [yolo_detection_node]: 📡 Published 2 detections
[INFO] [1750787487.885020917] [yolo_detection_node]: 📡 Published 2 detections
[INFO] [1750787488.347770070] [yolo_detection_node]: 📡 Published 2 detections
[INFO] [1750787488.906295551] [yolo_detection_node]: 📡 Published 2 detections
[INFO] [1750787489.434485065] [yolo_detection_node]: 📡 Published 2 detections
[INFO] [1750787489.859945934] [yolo_detection_node]: 📡 Published 2 detections
[INFO] [1750787490.270047389] [yolo_detection_node]: 📡 Published 2 detections
Traceback (most recent call last):
  File "/home/sashwat/smart-cane-system/src/smart_cane_system/smart_cane_system/yolo_detection_node.py", line 192, in main
    rclpy.spin(node)
  File "/opt/ros/jazzy/lib/python3.12/site-packages/rclpy/__init__.py", line 244, in spin
    executor.spin_once()
  File "/opt/ros/jazzy/lib/python3.12/site-packages/rclpy/executors.py", line 839, in spin_once
    self._spin_once_impl(timeout_sec)
  File "/opt/ros/jazzy/lib/python3.12/site-packages/rclpy/executors.py", line 834, in _spin_once_impl
    raise handler.exception()
  File "/opt/ros/jazzy/lib/python3.12/site-packages/rclpy/task.py", line 269, in __call__
    self._handler.send(None)
  File "/opt/ros/jazzy/lib/python3.12/site-packages/rclpy/executors.py", line 518, in handler
    await call_coroutine()
  File "/opt/ros/jazzy/lib/python3.12/site-packages/rclpy/executors.py", line 406, in _execute
    await await_or_execute(sub.callback, *msg_tuple)
  File "/opt/ros/jazzy/lib/python3.12/site-packages/rclpy/executors.py", line 111, in await_or_execute
    return callback(*args)
           ^^^^^^^^^^^^^^^
  File "/home/sashwat/smart-cane-system/src/smart_cane_system/smart_cane_system/yolo_detection_node.py", line 144, in camera_callback
    self.detection_publisher.publish(detection_msg)
  File "/opt/ros/jazzy/lib/python3.12/site-packages/rclpy/publisher.py", line 70, in publish
    self.__publisher.publish(msg)
rclpy._rclpy_pybind11.RCLError: Failed to publish: publisher's context is invalid, at ./src/rcl/publisher.c:423

During handling of the above exception, another exception occurred:

Traceback (most recent call last):
  File "/home/sashwat/smart-cane-system/src/smart_cane_system/smart_cane_system/yolo_detection_node.py", line 202, in <module>
    main()
  File "/home/sashwat/smart-cane-system/src/smart_cane_system/smart_cane_system/yolo_detection_node.py", line 199, in main
    rclpy.shutdown()
  File "/opt/ros/jazzy/lib/python3.12/site-packages/rclpy/__init__.py", line 134, in shutdown
    _shutdown(context=context)
  File "/opt/ros/jazzy/lib/python3.12/site-packages/rclpy/utilities.py", line 82, in shutdown
    context.shutdown()
  File "/opt/ros/jazzy/lib/python3.12/site-packages/rclpy/context.py", line 129, in shutdown
    self.__context.shutdown()
rclpy._rclpy_pybind11.RCLError: failed to shutdown: rcl_shutdown already called on the given context, at ./src/rcl/init.c:333
