[0.017s] Invoking command in '/home/sashwat/smart-cane-system/build/smart_cane_interfaces': CMAKE_PREFIX_PATH=${CMAKE_PREFIX_PATH}:/opt/ros/jazzy DEBUGINFOD_URLS=https://debuginfod.ubuntu.com /usr/bin/cmake /home/sashwat/smart-cane-system/src/smart_cane_interfaces -DCMAKE_INSTALL_PREFIX=/home/sashwat/smart-cane-system/install/smart_cane_interfaces
[0.047s] -- Found ament_cmake: 2.5.4 (/opt/ros/jazzy/share/ament_cmake/cmake)
[0.516s] -- Found std_msgs: 5.3.6 (/opt/ros/jazzy/share/std_msgs/cmake)
[0.569s] -- Found rosidl_generator_c: 4.6.5 (/opt/ros/jazzy/share/rosidl_generator_c/cmake)
[0.593s] -- Found rosidl_generator_cpp: 4.6.5 (/opt/ros/jazzy/share/rosidl_generator_cpp/cmake)
[0.621s] -- Using all available rosidl_typesupport_c: rosidl_typesupport_fastrtps_c;rosidl_typesupport_introspection_c
[0.650s] -- Using all available rosidl_typesupport_cpp: rosidl_typesupport_fastrtps_cpp;rosidl_typesupport_introspection_cpp
[0.695s] -- Found sensor_msgs: 5.3.6 (/opt/ros/jazzy/share/sensor_msgs/cmake)
[0.788s] -- Found rosidl_default_generators: 1.6.0 (/opt/ros/jazzy/share/rosidl_default_generators/cmake)
[0.821s] -- Found rosidl_adapter: 4.6.5 (/opt/ros/jazzy/share/rosidl_adapter/cmake)
[2.208s] -- Found ament_cmake_ros: 0.12.0 (/opt/ros/jazzy/share/ament_cmake_ros/cmake)
[3.929s] -- Using all available rosidl_typesupport_c: rosidl_typesupport_fastrtps_c;rosidl_typesupport_introspection_c
[4.773s] -- Using all available rosidl_typesupport_cpp: rosidl_typesupport_fastrtps_cpp;rosidl_typesupport_introspection_cpp
[4.785s] -- Found python_cmake_module: 0.11.1 (/opt/ros/jazzy/share/python_cmake_module/cmake)
[5.132s] -- Found PythonExtra: /usr/bin/python3  
[6.041s] -- Found Python3: /usr/bin/python3 (found version "3.12.3") found components: Interpreter Development NumPy Development.Module Development.Embed 
[6.174s] -- Found ament_lint_auto: 0.17.2 (/opt/ros/jazzy/share/ament_lint_auto/cmake)
[6.228s] -- Added test 'lint_cmake' to check CMake code style
[6.231s] -- Added test 'xmllint' to check XML markup files
[6.239s] -- Configuring done (6.2s)
[6.318s] -- Generating done (0.1s)
[6.340s] -- Build files have been written to: /home/sashwat/smart-cane-system/build/smart_cane_interfaces
[6.368s] Invoked command in '/home/sashwat/smart-cane-system/build/smart_cane_interfaces' returned '0': CMAKE_PREFIX_PATH=${CMAKE_PREFIX_PATH}:/opt/ros/jazzy DEBUGINFOD_URLS=https://debuginfod.ubuntu.com /usr/bin/cmake /home/sashwat/smart-cane-system/src/smart_cane_interfaces -DCMAKE_INSTALL_PREFIX=/home/sashwat/smart-cane-system/install/smart_cane_interfaces
[6.372s] Invoking command in '/home/sashwat/smart-cane-system/build/smart_cane_interfaces': CMAKE_PREFIX_PATH=${CMAKE_PREFIX_PATH}:/opt/ros/jazzy DEBUGINFOD_URLS=https://debuginfod.ubuntu.com /usr/bin/cmake --build /home/sashwat/smart-cane-system/build/smart_cane_interfaces -- -j4 -l4
[6.488s] [  1%] [34m[1mGenerating type hashes for ROS interfaces[0m
[6.511s] [  1%] Built target ament_cmake_python_copy_smart_cane_interfaces
[6.956s] running egg_info
[6.959s] creating smart_cane_interfaces.egg-info
[7.022s] writing smart_cane_interfaces.egg-info/PKG-INFO
[7.023s] writing dependency_links to smart_cane_interfaces.egg-info/dependency_links.txt
[7.023s] writing top-level names to smart_cane_interfaces.egg-info/top_level.txt
[7.023s] writing manifest file 'smart_cane_interfaces.egg-info/SOURCES.txt'
[7.042s] [  1%] Built target smart_cane_interfaces__rosidl_generator_type_description
[7.080s] [  3%] [34m[1mGenerating C code for ROS interfaces[0m
[7.136s] [  5%] [34m[1mGenerating C++ code for ROS interfaces[0m
[7.206s] reading manifest file 'smart_cane_interfaces.egg-info/SOURCES.txt'
[7.207s] writing manifest file 'smart_cane_interfaces.egg-info/SOURCES.txt'
[7.436s] [  5%] Built target ament_cmake_python_build_smart_cane_interfaces_egg
[8.126s] [  5%] Built target smart_cane_interfaces__cpp
[8.209s] [  7%] [32mBuilding C object CMakeFiles/smart_cane_interfaces__rosidl_generator_c.dir/rosidl_generator_c/smart_cane_interfaces/msg/detail/ultrasonic_data__type_support.c.o[0m
[8.210s] [  9%] [32mBuilding C object CMakeFiles/smart_cane_interfaces__rosidl_generator_c.dir/rosidl_generator_c/smart_cane_interfaces/msg/detail/detection_result__description.c.o[0m
[8.210s] [ 11%] [32mBuilding C object CMakeFiles/smart_cane_interfaces__rosidl_generator_c.dir/rosidl_generator_c/smart_cane_interfaces/msg/detail/ultrasonic_data__functions.c.o[0m
[8.212s] [ 12%] [32mBuilding C object CMakeFiles/smart_cane_interfaces__rosidl_generator_c.dir/rosidl_generator_c/smart_cane_interfaces/msg/detail/ultrasonic_data__description.c.o[0m
[8.345s] [ 14%] [32mBuilding C object CMakeFiles/smart_cane_interfaces__rosidl_generator_c.dir/rosidl_generator_c/smart_cane_interfaces/msg/detail/detection_result__functions.c.o[0m
[8.366s] [ 18%] [32mBuilding C object CMakeFiles/smart_cane_interfaces__rosidl_generator_c.dir/rosidl_generator_c/smart_cane_interfaces/msg/detail/feedback_command__description.c.o[0m
[8.366s] [ 18%] [32mBuilding C object CMakeFiles/smart_cane_interfaces__rosidl_generator_c.dir/rosidl_generator_c/smart_cane_interfaces/msg/detail/detection_result__type_support.c.o[0m
[8.445s] [ 20%] [32mBuilding C object CMakeFiles/smart_cane_interfaces__rosidl_generator_c.dir/rosidl_generator_c/smart_cane_interfaces/msg/detail/feedback_command__functions.c.o[0m
[8.476s] [ 22%] [32mBuilding C object CMakeFiles/smart_cane_interfaces__rosidl_generator_c.dir/rosidl_generator_c/smart_cane_interfaces/msg/detail/feedback_command__type_support.c.o[0m
[8.567s] [ 24%] [32m[1mLinking C shared library libsmart_cane_interfaces__rosidl_generator_c.so[0m
[8.678s] [ 24%] Built target smart_cane_interfaces__rosidl_generator_c
[8.703s] [ 25%] [34m[1mGenerating C type support for eProsima Fast-RTPS[0m
[8.706s] [ 27%] [34m[1mGenerating C++ type support dispatch for ROS interfaces[0m
[8.707s] [ 31%] [34m[1mGenerating C introspection for ROS interfaces[0m
[8.707s] [ 31%] [34m[1mGenerating C++ type support for eProsima Fast-RTPS[0m
[9.755s] [ 33%] [32mBuilding CXX object CMakeFiles/smart_cane_interfaces__rosidl_typesupport_cpp.dir/rosidl_typesupport_cpp/smart_cane_interfaces/msg/ultrasonic_data__type_support.cpp.o[0m
[9.794s] [ 35%] [32mBuilding C object CMakeFiles/smart_cane_interfaces__rosidl_typesupport_introspection_c.dir/rosidl_typesupport_introspection_c/smart_cane_interfaces/msg/detail/ultrasonic_data__type_support.c.o[0m
[9.831s] [ 37%] [32mBuilding CXX object CMakeFiles/smart_cane_interfaces__rosidl_typesupport_fastrtps_cpp.dir/rosidl_typesupport_fastrtps_cpp/smart_cane_interfaces/msg/detail/dds_fastrtps/ultrasonic_data__type_support.cpp.o[0m
[9.908s] [ 38%] [32mBuilding C object CMakeFiles/smart_cane_interfaces__rosidl_typesupport_introspection_c.dir/rosidl_typesupport_introspection_c/smart_cane_interfaces/msg/detail/detection_result__type_support.c.o[0m
[9.960s] [ 40%] [32mBuilding CXX object CMakeFiles/smart_cane_interfaces__rosidl_typesupport_fastrtps_c.dir/rosidl_typesupport_fastrtps_c/smart_cane_interfaces/msg/detail/ultrasonic_data__type_support_c.cpp.o[0m
[10.063s] [ 42%] [32mBuilding C object CMakeFiles/smart_cane_interfaces__rosidl_typesupport_introspection_c.dir/rosidl_typesupport_introspection_c/smart_cane_interfaces/msg/detail/feedback_command__type_support.c.o[0m
[10.153s] [ 44%] [32m[1mLinking C shared library libsmart_cane_interfaces__rosidl_typesupport_introspection_c.so[0m
[10.264s] [ 44%] Built target smart_cane_interfaces__rosidl_typesupport_introspection_c
[10.303s] [ 46%] [34m[1mGenerating C type support dispatch for ROS interfaces[0m
[11.286s] [ 48%] [32mBuilding CXX object CMakeFiles/smart_cane_interfaces__rosidl_typesupport_cpp.dir/rosidl_typesupport_cpp/smart_cane_interfaces/msg/detection_result__type_support.cpp.o[0m
[11.317s] [ 50%] [32mBuilding CXX object CMakeFiles/smart_cane_interfaces__rosidl_typesupport_c.dir/rosidl_typesupport_c/smart_cane_interfaces/msg/ultrasonic_data__type_support.cpp.o[0m
[11.468s] [ 51%] [32mBuilding CXX object CMakeFiles/smart_cane_interfaces__rosidl_typesupport_c.dir/rosidl_typesupport_c/smart_cane_interfaces/msg/detection_result__type_support.cpp.o[0m
[11.582s] [ 53%] [32mBuilding CXX object CMakeFiles/smart_cane_interfaces__rosidl_typesupport_c.dir/rosidl_typesupport_c/smart_cane_interfaces/msg/feedback_command__type_support.cpp.o[0m
[11.690s] [ 55%] [32m[1mLinking CXX shared library libsmart_cane_interfaces__rosidl_typesupport_c.so[0m
[11.834s] [ 57%] [32mBuilding CXX object CMakeFiles/smart_cane_interfaces__rosidl_typesupport_fastrtps_c.dir/rosidl_typesupport_fastrtps_c/smart_cane_interfaces/msg/detail/detection_result__type_support_c.cpp.o[0m
[11.873s] [ 57%] Built target smart_cane_interfaces__rosidl_typesupport_c
[11.898s] [ 59%] [32mBuilding CXX object CMakeFiles/smart_cane_interfaces__rosidl_typesupport_fastrtps_cpp.dir/rosidl_typesupport_fastrtps_cpp/smart_cane_interfaces/msg/detail/dds_fastrtps/detection_result__type_support.cpp.o[0m
[11.911s] [ 61%] [32mBuilding CXX object CMakeFiles/smart_cane_interfaces__rosidl_typesupport_fastrtps_cpp.dir/rosidl_typesupport_fastrtps_cpp/smart_cane_interfaces/msg/detail/dds_fastrtps/feedback_command__type_support.cpp.o[0m
[12.326s] [ 62%] [32mBuilding CXX object CMakeFiles/smart_cane_interfaces__rosidl_typesupport_cpp.dir/rosidl_typesupport_cpp/smart_cane_interfaces/msg/feedback_command__type_support.cpp.o[0m
[13.379s] [ 64%] [32m[1mLinking CXX shared library libsmart_cane_interfaces__rosidl_typesupport_cpp.so[0m
[13.511s] [ 66%] [32mBuilding CXX object CMakeFiles/smart_cane_interfaces__rosidl_typesupport_fastrtps_c.dir/rosidl_typesupport_fastrtps_c/smart_cane_interfaces/msg/detail/feedback_command__type_support_c.cpp.o[0m
[13.534s] [ 68%] [34m[1mGenerating C++ introspection for ROS interfaces[0m
[13.544s] [ 68%] Built target smart_cane_interfaces__rosidl_typesupport_cpp
[13.756s] [ 70%] [32m[1mLinking CXX shared library libsmart_cane_interfaces__rosidl_typesupport_fastrtps_cpp.so[0m
[14.080s] [ 70%] Built target smart_cane_interfaces__rosidl_typesupport_fastrtps_cpp
[14.376s] [ 72%] [32mBuilding CXX object CMakeFiles/smart_cane_interfaces__rosidl_typesupport_introspection_cpp.dir/rosidl_typesupport_introspection_cpp/smart_cane_interfaces/msg/detail/detection_result__type_support.cpp.o[0m
[14.379s] [ 74%] [32mBuilding CXX object CMakeFiles/smart_cane_interfaces__rosidl_typesupport_introspection_cpp.dir/rosidl_typesupport_introspection_cpp/smart_cane_interfaces/msg/detail/feedback_command__type_support.cpp.o[0m
[14.388s] [ 75%] [32mBuilding CXX object CMakeFiles/smart_cane_interfaces__rosidl_typesupport_introspection_cpp.dir/rosidl_typesupport_introspection_cpp/smart_cane_interfaces/msg/detail/ultrasonic_data__type_support.cpp.o[0m
[14.846s] [ 77%] [32m[1mLinking CXX shared library libsmart_cane_interfaces__rosidl_typesupport_fastrtps_c.so[0m
[15.154s] [ 77%] Built target smart_cane_interfaces__rosidl_typesupport_fastrtps_c
[15.586s] [ 79%] [32m[1mLinking CXX shared library libsmart_cane_interfaces__rosidl_typesupport_introspection_cpp.so[0m
[15.787s] [ 79%] Built target smart_cane_interfaces__rosidl_typesupport_introspection_cpp
[15.826s] [ 79%] Built target smart_cane_interfaces
[15.869s] [ 81%] [34m[1mGenerating Python code for ROS interfaces[0m
[16.662s] [ 81%] Built target smart_cane_interfaces__py
[16.707s] [ 83%] [32mBuilding C object CMakeFiles/smart_cane_interfaces__rosidl_generator_py.dir/rosidl_generator_py/smart_cane_interfaces/msg/_ultrasonic_data_s.c.o[0m
[16.707s] [ 87%] [32mBuilding C object CMakeFiles/smart_cane_interfaces__rosidl_generator_py.dir/rosidl_generator_py/smart_cane_interfaces/msg/_detection_result_s.c.o[0m
[16.707s] [ 87%] [32mBuilding C object CMakeFiles/smart_cane_interfaces__rosidl_generator_py.dir/rosidl_generator_py/smart_cane_interfaces/msg/_feedback_command_s.c.o[0m
[17.120s] [ 88%] [32m[1mLinking C shared library libsmart_cane_interfaces__rosidl_generator_py.so[0m
[17.233s] [ 88%] Built target smart_cane_interfaces__rosidl_generator_py
[17.284s] [ 90%] [32mBuilding C object CMakeFiles/smart_cane_interfaces_s__rosidl_typesupport_c.dir/rosidl_generator_py/smart_cane_interfaces/_smart_cane_interfaces_s.ep.rosidl_typesupport_c.c.o[0m
[17.299s] [ 94%] [32mBuilding C object CMakeFiles/smart_cane_interfaces_s__rosidl_typesupport_fastrtps_c.dir/rosidl_generator_py/smart_cane_interfaces/_smart_cane_interfaces_s.ep.rosidl_typesupport_fastrtps_c.c.o[0m
[17.302s] [ 94%] [32mBuilding C object CMakeFiles/smart_cane_interfaces_s__rosidl_typesupport_introspection_c.dir/rosidl_generator_py/smart_cane_interfaces/_smart_cane_interfaces_s.ep.rosidl_typesupport_introspection_c.c.o[0m
[17.531s] [ 96%] [32m[1mLinking C shared module rosidl_generator_py/smart_cane_interfaces/smart_cane_interfaces_s__rosidl_typesupport_introspection_c.so[0m
[17.536s] [ 98%] [32m[1mLinking C shared module rosidl_generator_py/smart_cane_interfaces/smart_cane_interfaces_s__rosidl_typesupport_c.so[0m
[17.537s] [100%] [32m[1mLinking C shared module rosidl_generator_py/smart_cane_interfaces/smart_cane_interfaces_s__rosidl_typesupport_fastrtps_c.so[0m
[17.620s] [100%] Built target smart_cane_interfaces_s__rosidl_typesupport_introspection_c
[17.621s] [100%] Built target smart_cane_interfaces_s__rosidl_typesupport_c
[17.627s] [100%] Built target smart_cane_interfaces_s__rosidl_typesupport_fastrtps_c
[17.650s] Invoked command in '/home/sashwat/smart-cane-system/build/smart_cane_interfaces' returned '0': CMAKE_PREFIX_PATH=${CMAKE_PREFIX_PATH}:/opt/ros/jazzy DEBUGINFOD_URLS=https://debuginfod.ubuntu.com /usr/bin/cmake --build /home/sashwat/smart-cane-system/build/smart_cane_interfaces -- -j4 -l4
[17.676s] Invoking command in '/home/sashwat/smart-cane-system/build/smart_cane_interfaces': CMAKE_PREFIX_PATH=${CMAKE_PREFIX_PATH}:/opt/ros/jazzy DEBUGINFOD_URLS=https://debuginfod.ubuntu.com /usr/bin/cmake --install /home/sashwat/smart-cane-system/build/smart_cane_interfaces
[17.716s] -- Install configuration: ""
[17.716s] -- Installing: /home/sashwat/smart-cane-system/install/smart_cane_interfaces/share/ament_index/resource_index/rosidl_interfaces/smart_cane_interfaces
[17.717s] -- Installing: /home/sashwat/smart-cane-system/install/smart_cane_interfaces/share/smart_cane_interfaces/msg/UltrasonicData.json
[17.717s] -- Installing: /home/sashwat/smart-cane-system/install/smart_cane_interfaces/share/smart_cane_interfaces/msg/DetectionResult.json
[17.717s] -- Installing: /home/sashwat/smart-cane-system/install/smart_cane_interfaces/share/smart_cane_interfaces/msg/FeedbackCommand.json
[17.719s] -- Installing: /home/sashwat/smart-cane-system/install/smart_cane_interfaces/include/smart_cane_interfaces/smart_cane_interfaces
[17.719s] -- Installing: /home/sashwat/smart-cane-system/install/smart_cane_interfaces/include/smart_cane_interfaces/smart_cane_interfaces/msg
[17.720s] -- Installing: /home/sashwat/smart-cane-system/install/smart_cane_interfaces/include/smart_cane_interfaces/smart_cane_interfaces/msg/feedback_command.h
[17.720s] -- Installing: /home/sashwat/smart-cane-system/install/smart_cane_interfaces/include/smart_cane_interfaces/smart_cane_interfaces/msg/rosidl_generator_c__visibility_control.h
[17.721s] -- Installing: /home/sashwat/smart-cane-system/install/smart_cane_interfaces/include/smart_cane_interfaces/smart_cane_interfaces/msg/detail
[17.722s] -- Installing: /home/sashwat/smart-cane-system/install/smart_cane_interfaces/include/smart_cane_interfaces/smart_cane_interfaces/msg/detail/detection_result__functions.h
[17.722s] -- Installing: /home/sashwat/smart-cane-system/install/smart_cane_interfaces/include/smart_cane_interfaces/smart_cane_interfaces/msg/detail/feedback_command__struct.h
[17.722s] -- Installing: /home/sashwat/smart-cane-system/install/smart_cane_interfaces/include/smart_cane_interfaces/smart_cane_interfaces/msg/detail/ultrasonic_data__struct.h
[17.722s] -- Installing: /home/sashwat/smart-cane-system/install/smart_cane_interfaces/include/smart_cane_interfaces/smart_cane_interfaces/msg/detail/detection_result__description.c
[17.723s] -- Installing: /home/sashwat/smart-cane-system/install/smart_cane_interfaces/include/smart_cane_interfaces/smart_cane_interfaces/msg/detail/detection_result__functions.c
[17.723s] -- Installing: /home/sashwat/smart-cane-system/install/smart_cane_interfaces/include/smart_cane_interfaces/smart_cane_interfaces/msg/detail/feedback_command__type_support.c
[17.724s] -- Installing: /home/sashwat/smart-cane-system/install/smart_cane_interfaces/include/smart_cane_interfaces/smart_cane_interfaces/msg/detail/feedback_command__functions.h
[17.724s] -- Installing: /home/sashwat/smart-cane-system/install/smart_cane_interfaces/include/smart_cane_interfaces/smart_cane_interfaces/msg/detail/ultrasonic_data__functions.c
[17.724s] -- Installing: /home/sashwat/smart-cane-system/install/smart_cane_interfaces/include/smart_cane_interfaces/smart_cane_interfaces/msg/detail/detection_result__type_support.h
[17.725s] -- Installing: /home/sashwat/smart-cane-system/install/smart_cane_interfaces/include/smart_cane_interfaces/smart_cane_interfaces/msg/detail/detection_result__type_support.c
[17.725s] -- Installing: /home/sashwat/smart-cane-system/install/smart_cane_interfaces/include/smart_cane_interfaces/smart_cane_interfaces/msg/detail/ultrasonic_data__type_support.c
[17.725s] -- Installing: /home/sashwat/smart-cane-system/install/smart_cane_interfaces/include/smart_cane_interfaces/smart_cane_interfaces/msg/detail/feedback_command__functions.c
[17.725s] -- Installing: /home/sashwat/smart-cane-system/install/smart_cane_interfaces/include/smart_cane_interfaces/smart_cane_interfaces/msg/detail/ultrasonic_data__description.c
[17.725s] -- Installing: /home/sashwat/smart-cane-system/install/smart_cane_interfaces/include/smart_cane_interfaces/smart_cane_interfaces/msg/detail/feedback_command__description.c
[17.725s] -- Installing: /home/sashwat/smart-cane-system/install/smart_cane_interfaces/include/smart_cane_interfaces/smart_cane_interfaces/msg/detail/ultrasonic_data__type_support.h
[17.726s] -- Installing: /home/sashwat/smart-cane-system/install/smart_cane_interfaces/include/smart_cane_interfaces/smart_cane_interfaces/msg/detail/feedback_command__type_support.h
[17.729s] -- Installing: /home/sashwat/smart-cane-system/install/smart_cane_interfaces/include/smart_cane_interfaces/smart_cane_interfaces/msg/detail/ultrasonic_data__functions.h
[17.729s] -- Installing: /home/sashwat/smart-cane-system/install/smart_cane_interfaces/include/smart_cane_interfaces/smart_cane_interfaces/msg/detail/detection_result__struct.h
[17.730s] -- Installing: /home/sashwat/smart-cane-system/install/smart_cane_interfaces/include/smart_cane_interfaces/smart_cane_interfaces/msg/ultrasonic_data.h
[17.730s] -- Installing: /home/sashwat/smart-cane-system/install/smart_cane_interfaces/include/smart_cane_interfaces/smart_cane_interfaces/msg/detection_result.h
[17.730s] -- Installing: /home/sashwat/smart-cane-system/install/smart_cane_interfaces/share/smart_cane_interfaces/environment/library_path.sh
[17.730s] -- Installing: /home/sashwat/smart-cane-system/install/smart_cane_interfaces/share/smart_cane_interfaces/environment/library_path.dsv
[17.730s] -- Installing: /home/sashwat/smart-cane-system/install/smart_cane_interfaces/lib/libsmart_cane_interfaces__rosidl_generator_c.so
[17.732s] -- Set non-toolchain portion of runtime path of "/home/sashwat/smart-cane-system/install/smart_cane_interfaces/lib/libsmart_cane_interfaces__rosidl_generator_c.so" to ""
[17.733s] -- Up-to-date: /home/sashwat/smart-cane-system/install/smart_cane_interfaces/include/smart_cane_interfaces/smart_cane_interfaces
[17.733s] -- Up-to-date: /home/sashwat/smart-cane-system/install/smart_cane_interfaces/include/smart_cane_interfaces/smart_cane_interfaces/msg
[17.734s] -- Installing: /home/sashwat/smart-cane-system/install/smart_cane_interfaces/include/smart_cane_interfaces/smart_cane_interfaces/msg/rosidl_typesupport_fastrtps_c__visibility_control.h
[17.735s] -- Up-to-date: /home/sashwat/smart-cane-system/install/smart_cane_interfaces/include/smart_cane_interfaces/smart_cane_interfaces/msg/detail
[17.735s] -- Installing: /home/sashwat/smart-cane-system/install/smart_cane_interfaces/include/smart_cane_interfaces/smart_cane_interfaces/msg/detail/feedback_command__rosidl_typesupport_fastrtps_c.h
[17.735s] -- Installing: /home/sashwat/smart-cane-system/install/smart_cane_interfaces/include/smart_cane_interfaces/smart_cane_interfaces/msg/detail/detection_result__rosidl_typesupport_fastrtps_c.h
[17.735s] -- Installing: /home/sashwat/smart-cane-system/install/smart_cane_interfaces/include/smart_cane_interfaces/smart_cane_interfaces/msg/detail/ultrasonic_data__rosidl_typesupport_fastrtps_c.h
[17.735s] -- Installing: /home/sashwat/smart-cane-system/install/smart_cane_interfaces/lib/libsmart_cane_interfaces__rosidl_typesupport_fastrtps_c.so
[17.735s] -- Set non-toolchain portion of runtime path of "/home/sashwat/smart-cane-system/install/smart_cane_interfaces/lib/libsmart_cane_interfaces__rosidl_typesupport_fastrtps_c.so" to ""
[17.735s] -- Up-to-date: /home/sashwat/smart-cane-system/install/smart_cane_interfaces/include/smart_cane_interfaces/smart_cane_interfaces
[17.736s] -- Up-to-date: /home/sashwat/smart-cane-system/install/smart_cane_interfaces/include/smart_cane_interfaces/smart_cane_interfaces/msg
[17.737s] -- Installing: /home/sashwat/smart-cane-system/install/smart_cane_interfaces/include/smart_cane_interfaces/smart_cane_interfaces/msg/feedback_command.hpp
[17.737s] -- Installing: /home/sashwat/smart-cane-system/install/smart_cane_interfaces/include/smart_cane_interfaces/smart_cane_interfaces/msg/detection_result.hpp
[17.738s] -- Up-to-date: /home/sashwat/smart-cane-system/install/smart_cane_interfaces/include/smart_cane_interfaces/smart_cane_interfaces/msg/detail
[17.739s] -- Installing: /home/sashwat/smart-cane-system/install/smart_cane_interfaces/include/smart_cane_interfaces/smart_cane_interfaces/msg/detail/ultrasonic_data__struct.hpp
[17.739s] -- Installing: /home/sashwat/smart-cane-system/install/smart_cane_interfaces/include/smart_cane_interfaces/smart_cane_interfaces/msg/detail/ultrasonic_data__traits.hpp
[17.739s] -- Installing: /home/sashwat/smart-cane-system/install/smart_cane_interfaces/include/smart_cane_interfaces/smart_cane_interfaces/msg/detail/ultrasonic_data__type_support.hpp
[17.739s] -- Installing: /home/sashwat/smart-cane-system/install/smart_cane_interfaces/include/smart_cane_interfaces/smart_cane_interfaces/msg/detail/detection_result__type_support.hpp
[17.740s] -- Installing: /home/sashwat/smart-cane-system/install/smart_cane_interfaces/include/smart_cane_interfaces/smart_cane_interfaces/msg/detail/feedback_command__builder.hpp
[17.740s] -- Installing: /home/sashwat/smart-cane-system/install/smart_cane_interfaces/include/smart_cane_interfaces/smart_cane_interfaces/msg/detail/detection_result__struct.hpp
[17.740s] -- Installing: /home/sashwat/smart-cane-system/install/smart_cane_interfaces/include/smart_cane_interfaces/smart_cane_interfaces/msg/detail/ultrasonic_data__builder.hpp
[17.741s] -- Installing: /home/sashwat/smart-cane-system/install/smart_cane_interfaces/include/smart_cane_interfaces/smart_cane_interfaces/msg/detail/detection_result__builder.hpp
[17.742s] -- Installing: /home/sashwat/smart-cane-system/install/smart_cane_interfaces/include/smart_cane_interfaces/smart_cane_interfaces/msg/detail/feedback_command__struct.hpp
[17.742s] -- Installing: /home/sashwat/smart-cane-system/install/smart_cane_interfaces/include/smart_cane_interfaces/smart_cane_interfaces/msg/detail/detection_result__traits.hpp
[17.742s] -- Installing: /home/sashwat/smart-cane-system/install/smart_cane_interfaces/include/smart_cane_interfaces/smart_cane_interfaces/msg/detail/feedback_command__traits.hpp
[17.742s] -- Installing: /home/sashwat/smart-cane-system/install/smart_cane_interfaces/include/smart_cane_interfaces/smart_cane_interfaces/msg/detail/feedback_command__type_support.hpp
[17.742s] -- Installing: /home/sashwat/smart-cane-system/install/smart_cane_interfaces/include/smart_cane_interfaces/smart_cane_interfaces/msg/rosidl_generator_cpp__visibility_control.hpp
[17.742s] -- Installing: /home/sashwat/smart-cane-system/install/smart_cane_interfaces/include/smart_cane_interfaces/smart_cane_interfaces/msg/ultrasonic_data.hpp
[17.743s] -- Up-to-date: /home/sashwat/smart-cane-system/install/smart_cane_interfaces/include/smart_cane_interfaces/smart_cane_interfaces
[17.743s] -- Up-to-date: /home/sashwat/smart-cane-system/install/smart_cane_interfaces/include/smart_cane_interfaces/smart_cane_interfaces/msg
[17.744s] -- Up-to-date: /home/sashwat/smart-cane-system/install/smart_cane_interfaces/include/smart_cane_interfaces/smart_cane_interfaces/msg/detail
[17.744s] -- Installing: /home/sashwat/smart-cane-system/install/smart_cane_interfaces/include/smart_cane_interfaces/smart_cane_interfaces/msg/detail/ultrasonic_data__rosidl_typesupport_fastrtps_cpp.hpp
[17.745s] -- Installing: /home/sashwat/smart-cane-system/install/smart_cane_interfaces/include/smart_cane_interfaces/smart_cane_interfaces/msg/detail/dds_fastrtps
[17.746s] -- Installing: /home/sashwat/smart-cane-system/install/smart_cane_interfaces/include/smart_cane_interfaces/smart_cane_interfaces/msg/detail/feedback_command__rosidl_typesupport_fastrtps_cpp.hpp
[17.746s] -- Installing: /home/sashwat/smart-cane-system/install/smart_cane_interfaces/include/smart_cane_interfaces/smart_cane_interfaces/msg/detail/detection_result__rosidl_typesupport_fastrtps_cpp.hpp
[17.747s] -- Installing: /home/sashwat/smart-cane-system/install/smart_cane_interfaces/include/smart_cane_interfaces/smart_cane_interfaces/msg/rosidl_typesupport_fastrtps_cpp__visibility_control.h
[17.747s] -- Installing: /home/sashwat/smart-cane-system/install/smart_cane_interfaces/lib/libsmart_cane_interfaces__rosidl_typesupport_fastrtps_cpp.so
[17.748s] -- Set non-toolchain portion of runtime path of "/home/sashwat/smart-cane-system/install/smart_cane_interfaces/lib/libsmart_cane_interfaces__rosidl_typesupport_fastrtps_cpp.so" to ""
[17.748s] -- Up-to-date: /home/sashwat/smart-cane-system/install/smart_cane_interfaces/include/smart_cane_interfaces/smart_cane_interfaces
[17.748s] -- Up-to-date: /home/sashwat/smart-cane-system/install/smart_cane_interfaces/include/smart_cane_interfaces/smart_cane_interfaces/msg
[17.748s] -- Up-to-date: /home/sashwat/smart-cane-system/install/smart_cane_interfaces/include/smart_cane_interfaces/smart_cane_interfaces/msg/detail
[17.748s] -- Installing: /home/sashwat/smart-cane-system/install/smart_cane_interfaces/include/smart_cane_interfaces/smart_cane_interfaces/msg/detail/feedback_command__type_support.c
[17.748s] -- Installing: /home/sashwat/smart-cane-system/install/smart_cane_interfaces/include/smart_cane_interfaces/smart_cane_interfaces/msg/detail/feedback_command__rosidl_typesupport_introspection_c.h
[17.748s] -- Installing: /home/sashwat/smart-cane-system/install/smart_cane_interfaces/include/smart_cane_interfaces/smart_cane_interfaces/msg/detail/detection_result__type_support.c
[17.748s] -- Installing: /home/sashwat/smart-cane-system/install/smart_cane_interfaces/include/smart_cane_interfaces/smart_cane_interfaces/msg/detail/ultrasonic_data__type_support.c
[17.748s] -- Installing: /home/sashwat/smart-cane-system/install/smart_cane_interfaces/include/smart_cane_interfaces/smart_cane_interfaces/msg/detail/detection_result__rosidl_typesupport_introspection_c.h
[17.748s] -- Installing: /home/sashwat/smart-cane-system/install/smart_cane_interfaces/include/smart_cane_interfaces/smart_cane_interfaces/msg/detail/ultrasonic_data__rosidl_typesupport_introspection_c.h
[17.749s] -- Installing: /home/sashwat/smart-cane-system/install/smart_cane_interfaces/include/smart_cane_interfaces/smart_cane_interfaces/msg/rosidl_typesupport_introspection_c__visibility_control.h
[17.750s] -- Installing: /home/sashwat/smart-cane-system/install/smart_cane_interfaces/lib/libsmart_cane_interfaces__rosidl_typesupport_introspection_c.so
[17.750s] -- Set non-toolchain portion of runtime path of "/home/sashwat/smart-cane-system/install/smart_cane_interfaces/lib/libsmart_cane_interfaces__rosidl_typesupport_introspection_c.so" to ""
[17.750s] -- Installing: /home/sashwat/smart-cane-system/install/smart_cane_interfaces/lib/libsmart_cane_interfaces__rosidl_typesupport_c.so
[17.750s] -- Set non-toolchain portion of runtime path of "/home/sashwat/smart-cane-system/install/smart_cane_interfaces/lib/libsmart_cane_interfaces__rosidl_typesupport_c.so" to ""
[17.751s] -- Up-to-date: /home/sashwat/smart-cane-system/install/smart_cane_interfaces/include/smart_cane_interfaces/smart_cane_interfaces
[17.751s] -- Up-to-date: /home/sashwat/smart-cane-system/install/smart_cane_interfaces/include/smart_cane_interfaces/smart_cane_interfaces/msg
[17.751s] -- Up-to-date: /home/sashwat/smart-cane-system/install/smart_cane_interfaces/include/smart_cane_interfaces/smart_cane_interfaces/msg/detail
[17.751s] -- Installing: /home/sashwat/smart-cane-system/install/smart_cane_interfaces/include/smart_cane_interfaces/smart_cane_interfaces/msg/detail/detection_result__rosidl_typesupport_introspection_cpp.hpp
[17.751s] -- Installing: /home/sashwat/smart-cane-system/install/smart_cane_interfaces/include/smart_cane_interfaces/smart_cane_interfaces/msg/detail/detection_result__type_support.cpp
[17.751s] -- Installing: /home/sashwat/smart-cane-system/install/smart_cane_interfaces/include/smart_cane_interfaces/smart_cane_interfaces/msg/detail/ultrasonic_data__rosidl_typesupport_introspection_cpp.hpp
[17.751s] -- Installing: /home/sashwat/smart-cane-system/install/smart_cane_interfaces/include/smart_cane_interfaces/smart_cane_interfaces/msg/detail/feedback_command__type_support.cpp
[17.751s] -- Installing: /home/sashwat/smart-cane-system/install/smart_cane_interfaces/include/smart_cane_interfaces/smart_cane_interfaces/msg/detail/ultrasonic_data__type_support.cpp
[17.751s] -- Installing: /home/sashwat/smart-cane-system/install/smart_cane_interfaces/include/smart_cane_interfaces/smart_cane_interfaces/msg/detail/feedback_command__rosidl_typesupport_introspection_cpp.hpp
[17.752s] -- Installing: /home/sashwat/smart-cane-system/install/smart_cane_interfaces/lib/libsmart_cane_interfaces__rosidl_typesupport_introspection_cpp.so
[17.752s] -- Set non-toolchain portion of runtime path of "/home/sashwat/smart-cane-system/install/smart_cane_interfaces/lib/libsmart_cane_interfaces__rosidl_typesupport_introspection_cpp.so" to ""
[17.752s] -- Installing: /home/sashwat/smart-cane-system/install/smart_cane_interfaces/lib/libsmart_cane_interfaces__rosidl_typesupport_cpp.so
[17.752s] -- Set non-toolchain portion of runtime path of "/home/sashwat/smart-cane-system/install/smart_cane_interfaces/lib/libsmart_cane_interfaces__rosidl_typesupport_cpp.so" to ""
[17.752s] -- Installing: /home/sashwat/smart-cane-system/install/smart_cane_interfaces/share/smart_cane_interfaces/environment/pythonpath.sh
[17.752s] -- Installing: /home/sashwat/smart-cane-system/install/smart_cane_interfaces/share/smart_cane_interfaces/environment/pythonpath.dsv
[17.752s] -- Installing: /home/sashwat/smart-cane-system/install/smart_cane_interfaces/lib/python3.12/site-packages/smart_cane_interfaces-0.0.0-py3.12.egg-info
[17.752s] -- Installing: /home/sashwat/smart-cane-system/install/smart_cane_interfaces/lib/python3.12/site-packages/smart_cane_interfaces-0.0.0-py3.12.egg-info/dependency_links.txt
[17.752s] -- Installing: /home/sashwat/smart-cane-system/install/smart_cane_interfaces/lib/python3.12/site-packages/smart_cane_interfaces-0.0.0-py3.12.egg-info/PKG-INFO
[17.753s] -- Installing: /home/sashwat/smart-cane-system/install/smart_cane_interfaces/lib/python3.12/site-packages/smart_cane_interfaces-0.0.0-py3.12.egg-info/top_level.txt
[17.756s] -- Installing: /home/sashwat/smart-cane-system/install/smart_cane_interfaces/lib/python3.12/site-packages/smart_cane_interfaces-0.0.0-py3.12.egg-info/SOURCES.txt
[17.756s] -- Installing: /home/sashwat/smart-cane-system/install/smart_cane_interfaces/lib/python3.12/site-packages/smart_cane_interfaces
[17.756s] -- Installing: /home/sashwat/smart-cane-system/install/smart_cane_interfaces/lib/python3.12/site-packages/smart_cane_interfaces/smart_cane_interfaces_s__rosidl_typesupport_c.so
[17.757s] -- Installing: /home/sashwat/smart-cane-system/install/smart_cane_interfaces/lib/python3.12/site-packages/smart_cane_interfaces/smart_cane_interfaces_s__rosidl_typesupport_fastrtps_c.so
[17.757s] -- Installing: /home/sashwat/smart-cane-system/install/smart_cane_interfaces/lib/python3.12/site-packages/smart_cane_interfaces/smart_cane_interfaces_s__rosidl_typesupport_introspection_c.so
[17.757s] -- Installing: /home/sashwat/smart-cane-system/install/smart_cane_interfaces/lib/python3.12/site-packages/smart_cane_interfaces/_smart_cane_interfaces_s.ep.rosidl_typesupport_introspection_c.c
[17.757s] -- Installing: /home/sashwat/smart-cane-system/install/smart_cane_interfaces/lib/python3.12/site-packages/smart_cane_interfaces/_smart_cane_interfaces_s.ep.rosidl_typesupport_c.c
[17.757s] -- Installing: /home/sashwat/smart-cane-system/install/smart_cane_interfaces/lib/python3.12/site-packages/smart_cane_interfaces/__init__.py
[17.757s] -- Installing: /home/sashwat/smart-cane-system/install/smart_cane_interfaces/lib/python3.12/site-packages/smart_cane_interfaces/msg
[17.757s] -- Installing: /home/sashwat/smart-cane-system/install/smart_cane_interfaces/lib/python3.12/site-packages/smart_cane_interfaces/msg/_feedback_command.py
[17.757s] -- Installing: /home/sashwat/smart-cane-system/install/smart_cane_interfaces/lib/python3.12/site-packages/smart_cane_interfaces/msg/_feedback_command_s.c
[17.757s] -- Installing: /home/sashwat/smart-cane-system/install/smart_cane_interfaces/lib/python3.12/site-packages/smart_cane_interfaces/msg/_detection_result_s.c
[17.758s] -- Installing: /home/sashwat/smart-cane-system/install/smart_cane_interfaces/lib/python3.12/site-packages/smart_cane_interfaces/msg/_ultrasonic_data.py
[17.758s] -- Installing: /home/sashwat/smart-cane-system/install/smart_cane_interfaces/lib/python3.12/site-packages/smart_cane_interfaces/msg/__init__.py
[17.758s] -- Installing: /home/sashwat/smart-cane-system/install/smart_cane_interfaces/lib/python3.12/site-packages/smart_cane_interfaces/msg/_detection_result.py
[17.758s] -- Installing: /home/sashwat/smart-cane-system/install/smart_cane_interfaces/lib/python3.12/site-packages/smart_cane_interfaces/msg/_ultrasonic_data_s.c
[17.758s] -- Installing: /home/sashwat/smart-cane-system/install/smart_cane_interfaces/lib/python3.12/site-packages/smart_cane_interfaces/_smart_cane_interfaces_s.ep.rosidl_typesupport_fastrtps_c.c
[17.886s] Listing '/home/sashwat/smart-cane-system/install/smart_cane_interfaces/lib/python3.12/site-packages/smart_cane_interfaces'...
[17.887s] Compiling '/home/sashwat/smart-cane-system/install/smart_cane_interfaces/lib/python3.12/site-packages/smart_cane_interfaces/__init__.py'...
[17.888s] Listing '/home/sashwat/smart-cane-system/install/smart_cane_interfaces/lib/python3.12/site-packages/smart_cane_interfaces/msg'...
[17.888s] Compiling '/home/sashwat/smart-cane-system/install/smart_cane_interfaces/lib/python3.12/site-packages/smart_cane_interfaces/msg/__init__.py'...
[17.888s] Compiling '/home/sashwat/smart-cane-system/install/smart_cane_interfaces/lib/python3.12/site-packages/smart_cane_interfaces/msg/_detection_result.py'...
[17.892s] Compiling '/home/sashwat/smart-cane-system/install/smart_cane_interfaces/lib/python3.12/site-packages/smart_cane_interfaces/msg/_feedback_command.py'...
[17.892s] Compiling '/home/sashwat/smart-cane-system/install/smart_cane_interfaces/lib/python3.12/site-packages/smart_cane_interfaces/msg/_ultrasonic_data.py'...
[17.925s] -- Installing: /home/sashwat/smart-cane-system/install/smart_cane_interfaces/lib/python3.12/site-packages/smart_cane_interfaces/smart_cane_interfaces_s__rosidl_typesupport_fastrtps_c.so
[17.926s] -- Set non-toolchain portion of runtime path of "/home/sashwat/smart-cane-system/install/smart_cane_interfaces/lib/python3.12/site-packages/smart_cane_interfaces/smart_cane_interfaces_s__rosidl_typesupport_fastrtps_c.so" to ""
[17.926s] -- Installing: /home/sashwat/smart-cane-system/install/smart_cane_interfaces/lib/python3.12/site-packages/smart_cane_interfaces/smart_cane_interfaces_s__rosidl_typesupport_introspection_c.so
[17.929s] -- Set non-toolchain portion of runtime path of "/home/sashwat/smart-cane-system/install/smart_cane_interfaces/lib/python3.12/site-packages/smart_cane_interfaces/smart_cane_interfaces_s__rosidl_typesupport_introspection_c.so" to ""
[17.931s] -- Installing: /home/sashwat/smart-cane-system/install/smart_cane_interfaces/lib/python3.12/site-packages/smart_cane_interfaces/smart_cane_interfaces_s__rosidl_typesupport_c.so
[17.931s] -- Set non-toolchain portion of runtime path of "/home/sashwat/smart-cane-system/install/smart_cane_interfaces/lib/python3.12/site-packages/smart_cane_interfaces/smart_cane_interfaces_s__rosidl_typesupport_c.so" to ""
[17.931s] -- Installing: /home/sashwat/smart-cane-system/install/smart_cane_interfaces/lib/libsmart_cane_interfaces__rosidl_generator_py.so
[17.933s] -- Set non-toolchain portion of runtime path of "/home/sashwat/smart-cane-system/install/smart_cane_interfaces/lib/libsmart_cane_interfaces__rosidl_generator_py.so" to ""
[17.933s] -- Installing: /home/sashwat/smart-cane-system/install/smart_cane_interfaces/share/smart_cane_interfaces/msg/UltrasonicData.idl
[17.933s] -- Installing: /home/sashwat/smart-cane-system/install/smart_cane_interfaces/share/smart_cane_interfaces/msg/DetectionResult.idl
[17.934s] -- Installing: /home/sashwat/smart-cane-system/install/smart_cane_interfaces/share/smart_cane_interfaces/msg/FeedbackCommand.idl
[17.934s] -- Installing: /home/sashwat/smart-cane-system/install/smart_cane_interfaces/share/smart_cane_interfaces/msg/UltrasonicData.msg
[17.934s] -- Installing: /home/sashwat/smart-cane-system/install/smart_cane_interfaces/share/smart_cane_interfaces/msg/DetectionResult.msg
[17.934s] -- Installing: /home/sashwat/smart-cane-system/install/smart_cane_interfaces/share/smart_cane_interfaces/msg/FeedbackCommand.msg
[17.935s] -- Installing: /home/sashwat/smart-cane-system/install/smart_cane_interfaces/share/ament_index/resource_index/package_run_dependencies/smart_cane_interfaces
[17.935s] -- Installing: /home/sashwat/smart-cane-system/install/smart_cane_interfaces/share/ament_index/resource_index/parent_prefix_path/smart_cane_interfaces
[17.936s] -- Installing: /home/sashwat/smart-cane-system/install/smart_cane_interfaces/share/smart_cane_interfaces/environment/ament_prefix_path.sh
[17.936s] -- Installing: /home/sashwat/smart-cane-system/install/smart_cane_interfaces/share/smart_cane_interfaces/environment/ament_prefix_path.dsv
[17.936s] -- Installing: /home/sashwat/smart-cane-system/install/smart_cane_interfaces/share/smart_cane_interfaces/environment/path.sh
[17.936s] -- Installing: /home/sashwat/smart-cane-system/install/smart_cane_interfaces/share/smart_cane_interfaces/environment/path.dsv
[17.936s] -- Installing: /home/sashwat/smart-cane-system/install/smart_cane_interfaces/share/smart_cane_interfaces/local_setup.bash
[17.936s] -- Installing: /home/sashwat/smart-cane-system/install/smart_cane_interfaces/share/smart_cane_interfaces/local_setup.sh
[17.937s] -- Installing: /home/sashwat/smart-cane-system/install/smart_cane_interfaces/share/smart_cane_interfaces/local_setup.zsh
[17.937s] -- Installing: /home/sashwat/smart-cane-system/install/smart_cane_interfaces/share/smart_cane_interfaces/local_setup.dsv
[17.937s] -- Installing: /home/sashwat/smart-cane-system/install/smart_cane_interfaces/share/smart_cane_interfaces/package.dsv
[17.937s] -- Installing: /home/sashwat/smart-cane-system/install/smart_cane_interfaces/share/ament_index/resource_index/packages/smart_cane_interfaces
[17.937s] -- Installing: /home/sashwat/smart-cane-system/install/smart_cane_interfaces/share/smart_cane_interfaces/cmake/export_smart_cane_interfaces__rosidl_generator_cExport.cmake
[17.938s] -- Installing: /home/sashwat/smart-cane-system/install/smart_cane_interfaces/share/smart_cane_interfaces/cmake/export_smart_cane_interfaces__rosidl_generator_cExport-noconfig.cmake
[17.938s] -- Installing: /home/sashwat/smart-cane-system/install/smart_cane_interfaces/share/smart_cane_interfaces/cmake/export_smart_cane_interfaces__rosidl_typesupport_fastrtps_cExport.cmake
[17.938s] -- Installing: /home/sashwat/smart-cane-system/install/smart_cane_interfaces/share/smart_cane_interfaces/cmake/export_smart_cane_interfaces__rosidl_typesupport_fastrtps_cExport-noconfig.cmake
[17.939s] -- Installing: /home/sashwat/smart-cane-system/install/smart_cane_interfaces/share/smart_cane_interfaces/cmake/export_smart_cane_interfaces__rosidl_generator_cppExport.cmake
[17.939s] -- Installing: /home/sashwat/smart-cane-system/install/smart_cane_interfaces/share/smart_cane_interfaces/cmake/export_smart_cane_interfaces__rosidl_typesupport_fastrtps_cppExport.cmake
[17.940s] -- Installing: /home/sashwat/smart-cane-system/install/smart_cane_interfaces/share/smart_cane_interfaces/cmake/export_smart_cane_interfaces__rosidl_typesupport_fastrtps_cppExport-noconfig.cmake
[17.941s] -- Installing: /home/sashwat/smart-cane-system/install/smart_cane_interfaces/share/smart_cane_interfaces/cmake/smart_cane_interfaces__rosidl_typesupport_introspection_cExport.cmake
[17.941s] -- Installing: /home/sashwat/smart-cane-system/install/smart_cane_interfaces/share/smart_cane_interfaces/cmake/smart_cane_interfaces__rosidl_typesupport_introspection_cExport-noconfig.cmake
[17.941s] -- Installing: /home/sashwat/smart-cane-system/install/smart_cane_interfaces/share/smart_cane_interfaces/cmake/smart_cane_interfaces__rosidl_typesupport_cExport.cmake
[17.941s] -- Installing: /home/sashwat/smart-cane-system/install/smart_cane_interfaces/share/smart_cane_interfaces/cmake/smart_cane_interfaces__rosidl_typesupport_cExport-noconfig.cmake
[17.941s] -- Installing: /home/sashwat/smart-cane-system/install/smart_cane_interfaces/share/smart_cane_interfaces/cmake/smart_cane_interfaces__rosidl_typesupport_introspection_cppExport.cmake
[17.941s] -- Installing: /home/sashwat/smart-cane-system/install/smart_cane_interfaces/share/smart_cane_interfaces/cmake/smart_cane_interfaces__rosidl_typesupport_introspection_cppExport-noconfig.cmake
[17.942s] -- Installing: /home/sashwat/smart-cane-system/install/smart_cane_interfaces/share/smart_cane_interfaces/cmake/smart_cane_interfaces__rosidl_typesupport_cppExport.cmake
[17.942s] -- Installing: /home/sashwat/smart-cane-system/install/smart_cane_interfaces/share/smart_cane_interfaces/cmake/smart_cane_interfaces__rosidl_typesupport_cppExport-noconfig.cmake
[17.942s] -- Installing: /home/sashwat/smart-cane-system/install/smart_cane_interfaces/share/smart_cane_interfaces/cmake/export_smart_cane_interfaces__rosidl_generator_pyExport.cmake
[17.942s] -- Installing: /home/sashwat/smart-cane-system/install/smart_cane_interfaces/share/smart_cane_interfaces/cmake/export_smart_cane_interfaces__rosidl_generator_pyExport-noconfig.cmake
[17.942s] -- Installing: /home/sashwat/smart-cane-system/install/smart_cane_interfaces/share/smart_cane_interfaces/cmake/rosidl_cmake-extras.cmake
[17.942s] -- Installing: /home/sashwat/smart-cane-system/install/smart_cane_interfaces/share/smart_cane_interfaces/cmake/ament_cmake_export_dependencies-extras.cmake
[17.942s] -- Installing: /home/sashwat/smart-cane-system/install/smart_cane_interfaces/share/smart_cane_interfaces/cmake/ament_cmake_export_include_directories-extras.cmake
[17.942s] -- Installing: /home/sashwat/smart-cane-system/install/smart_cane_interfaces/share/smart_cane_interfaces/cmake/ament_cmake_export_libraries-extras.cmake
[17.943s] -- Installing: /home/sashwat/smart-cane-system/install/smart_cane_interfaces/share/smart_cane_interfaces/cmake/ament_cmake_export_targets-extras.cmake
[17.943s] -- Installing: /home/sashwat/smart-cane-system/install/smart_cane_interfaces/share/smart_cane_interfaces/cmake/rosidl_cmake_export_typesupport_targets-extras.cmake
[17.943s] -- Installing: /home/sashwat/smart-cane-system/install/smart_cane_interfaces/share/smart_cane_interfaces/cmake/rosidl_cmake_export_typesupport_libraries-extras.cmake
[17.944s] -- Installing: /home/sashwat/smart-cane-system/install/smart_cane_interfaces/share/smart_cane_interfaces/cmake/smart_cane_interfacesConfig.cmake
[17.944s] -- Installing: /home/sashwat/smart-cane-system/install/smart_cane_interfaces/share/smart_cane_interfaces/cmake/smart_cane_interfacesConfig-version.cmake
[17.945s] -- Installing: /home/sashwat/smart-cane-system/install/smart_cane_interfaces/share/smart_cane_interfaces/package.xml
[17.950s] Invoked command in '/home/sashwat/smart-cane-system/build/smart_cane_interfaces' returned '0': CMAKE_PREFIX_PATH=${CMAKE_PREFIX_PATH}:/opt/ros/jazzy DEBUGINFOD_URLS=https://debuginfod.ubuntu.com /usr/bin/cmake --install /home/sashwat/smart-cane-system/build/smart_cane_interfaces
