[1.602s] Invoking command in '/home/sashwat/smart-cane-system/src/smart_cane_system': DEBUGINFOD_URLS=https://debuginfod.ubuntu.com PYTHONPATH=/home/sashwat/smart-cane-system/build/smart_cane_system/prefix_override:/usr/lib/python3/dist-packages/colcon_core/task/python/colcon_distutils_commands:/home/sashwat/smart-cane-system/install/smart_cane_system/lib/python3.12/site-packages:/home/sashwat/smart-cane-system/install/smart_cane_interfaces/lib/python3.12/site-packages:/home/sashwat/smart-cane-system/install/smart_cane_system/lib/python3.12/site-packages:/opt/ros/jazzy/lib/python3.12/site-packages /usr/bin/python3 -W ignore:setup.py install is deprecated -W ignore:easy_install command is deprecated setup.py egg_info --egg-base ../../build/smart_cane_system build --build-base /home/sashwat/smart-cane-system/build/smart_cane_system/build install --record /home/sashwat/smart-cane-system/build/smart_cane_system/install.log --single-version-externally-managed install_data
[2.035s] running egg_info
[2.065s] writing ../../build/smart_cane_system/smart_cane_system.egg-info/PKG-INFO
[2.066s] writing dependency_links to ../../build/smart_cane_system/smart_cane_system.egg-info/dependency_links.txt
[2.072s] writing entry points to ../../build/smart_cane_system/smart_cane_system.egg-info/entry_points.txt
[2.074s] writing requirements to ../../build/smart_cane_system/smart_cane_system.egg-info/requires.txt
[2.075s] writing top-level names to ../../build/smart_cane_system/smart_cane_system.egg-info/top_level.txt
[2.136s] reading manifest file '../../build/smart_cane_system/smart_cane_system.egg-info/SOURCES.txt'
[2.138s] writing manifest file '../../build/smart_cane_system/smart_cane_system.egg-info/SOURCES.txt'
[2.138s] running build
[2.138s] running build_py
[2.138s] copying smart_cane_system/obstacle_fusion.py -> /home/sashwat/smart-cane-system/build/smart_cane_system/build/lib/smart_cane_system
[2.139s] running install
[2.151s] running install_lib
[2.180s] copying /home/sashwat/smart-cane-system/build/smart_cane_system/build/lib/smart_cane_system/obstacle_fusion.py -> /home/sashwat/smart-cane-system/install/smart_cane_system/lib/python3.12/site-packages/smart_cane_system
[2.181s] byte-compiling /home/sashwat/smart-cane-system/install/smart_cane_system/lib/python3.12/site-packages/smart_cane_system/obstacle_fusion.py to obstacle_fusion.cpython-312.pyc
[2.184s] running install_data
[2.184s] running install_egg_info
[2.212s] removing '/home/sashwat/smart-cane-system/install/smart_cane_system/lib/python3.12/site-packages/smart_cane_system-0.0.0-py3.12.egg-info' (and everything under it)
[2.212s] Copying ../../build/smart_cane_system/smart_cane_system.egg-info to /home/sashwat/smart-cane-system/install/smart_cane_system/lib/python3.12/site-packages/smart_cane_system-0.0.0-py3.12.egg-info
[2.214s] running install_scripts
[2.429s] Installing camera_node script to /home/sashwat/smart-cane-system/install/smart_cane_system/lib/smart_cane_system
[2.429s] Installing obstacle_fusion_node script to /home/sashwat/smart-cane-system/install/smart_cane_system/lib/smart_cane_system
[2.437s] Installing speaker_node script to /home/sashwat/smart-cane-system/install/smart_cane_system/lib/smart_cane_system
[2.438s] Installing ultrasonic_node script to /home/sashwat/smart-cane-system/install/smart_cane_system/lib/smart_cane_system
[2.438s] Installing vibration_node script to /home/sashwat/smart-cane-system/install/smart_cane_system/lib/smart_cane_system
[2.439s] Installing yolo_detection_node script to /home/sashwat/smart-cane-system/install/smart_cane_system/lib/smart_cane_system
[2.441s] writing list of installed files to '/home/sashwat/smart-cane-system/build/smart_cane_system/install.log'
[2.564s] Invoked command in '/home/sashwat/smart-cane-system/src/smart_cane_system' returned '0': DEBUGINFOD_URLS=https://debuginfod.ubuntu.com PYTHONPATH=/home/sashwat/smart-cane-system/build/smart_cane_system/prefix_override:/usr/lib/python3/dist-packages/colcon_core/task/python/colcon_distutils_commands:/home/sashwat/smart-cane-system/install/smart_cane_system/lib/python3.12/site-packages:/home/sashwat/smart-cane-system/install/smart_cane_interfaces/lib/python3.12/site-packages:/home/sashwat/smart-cane-system/install/smart_cane_system/lib/python3.12/site-packages:/opt/ros/jazzy/lib/python3.12/site-packages /usr/bin/python3 -W ignore:setup.py install is deprecated -W ignore:easy_install command is deprecated setup.py egg_info --egg-base ../../build/smart_cane_system build --build-base /home/sashwat/smart-cane-system/build/smart_cane_system/build install --record /home/sashwat/smart-cane-system/build/smart_cane_system/install.log --single-version-externally-managed install_data
