[0.017s] Invoking command in '/home/sashwat/smart-cane-system/build/smart_cane_interfaces': CMAKE_PREFIX_PATH=${CMAKE_PREFIX_PATH}:/opt/ros/jazzy DEBUGINFOD_URLS=https://debuginfod.ubuntu.com /usr/bin/cmake /home/sashwat/smart-cane-system/src/smart_cane_interfaces -DCMAKE_INSTALL_PREFIX=/home/sashwat/smart-cane-system/install/smart_cane_interfaces
[0.232s] -- The C compiler identification is GNU 13.3.0
[0.731s] -- The CXX compiler identification is GNU 13.3.0
[0.793s] -- Detecting C compiler ABI info
[1.212s] -- Detecting C compiler ABI info - done
[1.239s] -- Check for working C compiler: /usr/bin/cc - skipped
[1.239s] -- Detecting C compile features
[1.239s] -- Detecting C compile features - done
[1.269s] -- Detecting CXX compiler ABI info
[1.641s] -- Detecting CXX compiler ABI info - done
[1.674s] -- Check for working CXX compiler: /usr/bin/c++ - skipped
[1.674s] -- Detecting CXX compile features
[1.674s] -- Detecting CXX compile features - done
[1.678s] -- Found ament_cmake: 2.5.4 (/opt/ros/jazzy/share/ament_cmake/cmake)
[2.204s] -- Found Python3: /usr/bin/python3 (found version "3.12.3") found components: Interpreter 
[2.396s] -- Found std_msgs: 5.3.6 (/opt/ros/jazzy/share/std_msgs/cmake)
[2.443s] -- Found rosidl_generator_c: 4.6.5 (/opt/ros/jazzy/share/rosidl_generator_c/cmake)
[2.465s] -- Found rosidl_generator_cpp: 4.6.5 (/opt/ros/jazzy/share/rosidl_generator_cpp/cmake)
[2.492s] -- Using all available rosidl_typesupport_c: rosidl_typesupport_fastrtps_c;rosidl_typesupport_introspection_c
[2.518s] -- Using all available rosidl_typesupport_cpp: rosidl_typesupport_fastrtps_cpp;rosidl_typesupport_introspection_cpp
[2.566s] -- Found sensor_msgs: 5.3.6 (/opt/ros/jazzy/share/sensor_msgs/cmake)
[2.638s] [31mCMake Error at CMakeLists.txt:14 (rosidl_generate_interfaces):
[2.638s]   Unknown CMake command "rosidl_generate_interfaces".
[2.638s] 
[2.638s] [0m
[2.639s] -- Configuring incomplete, errors occurred!
[2.650s] Invoked command in '/home/sashwat/smart-cane-system/build/smart_cane_interfaces' returned '1': CMAKE_PREFIX_PATH=${CMAKE_PREFIX_PATH}:/opt/ros/jazzy DEBUGINFOD_URLS=https://debuginfod.ubuntu.com /usr/bin/cmake /home/sashwat/smart-cane-system/src/smart_cane_interfaces -DCMAKE_INSTALL_PREFIX=/home/sashwat/smart-cane-system/install/smart_cane_interfaces
