[0.150s] DEBUG:colcon:Command line arguments: ['/usr/bin/colcon', 'build']
[0.150s] DEBUG:colcon:Parsed command line arguments: Namespace(log_base=None, log_level=None, verb_name='build', build_base='build', install_base='install', merge_install=False, symlink_install=False, test_result_base=None, continue_on_error=False, executor='parallel', parallel_workers=4, event_handlers=None, ignore_user_meta=False, metas=['./colcon.meta'], base_paths=['.'], packages_ignore=None, packages_ignore_regex=None, paths=None, packages_up_to=None, packages_up_to_regex=None, packages_above=None, packages_above_and_dependencies=None, packages_above_depth=None, packages_select_by_dep=None, packages_skip_by_dep=None, packages_skip_up_to=None, packages_select_build_failed=False, packages_skip_build_finished=False, packages_select_test_failures=False, packages_skip_test_passed=False, packages_select=None, packages_skip=None, packages_select_regex=None, packages_skip_regex=None, packages_start=None, packages_end=None, allow_overriding=[], cmake_args=None, cmake_target=None, cmake_target_skip_unavailable=False, cmake_clean_cache=False, cmake_clean_first=False, cmake_force_configure=False, ament_cmake_args=None, catkin_cmake_args=None, catkin_skip_building_tests=False, verb_parser=<colcon_defaults.argument_parser.defaults.DefaultArgumentsDecorator object at 0xffffa9f31c40>, verb_extension=<colcon_core.verb.build.BuildVerb object at 0xffffaa19deb0>, main=<bound method BuildVerb.main of <colcon_core.verb.build.BuildVerb object at 0xffffaa19deb0>>)
[0.209s] Level 1:colcon.colcon_core.package_discovery:discover_packages(colcon_meta) check parameters
[0.209s] Level 1:colcon.colcon_core.package_discovery:discover_packages(recursive) check parameters
[0.209s] Level 1:colcon.colcon_core.package_discovery:discover_packages(ignore) check parameters
[0.209s] Level 1:colcon.colcon_core.package_discovery:discover_packages(path) check parameters
[0.209s] Level 1:colcon.colcon_core.package_discovery:discover_packages(colcon_meta) discover
[0.209s] Level 1:colcon.colcon_core.package_discovery:discover_packages(recursive) discover
[0.210s] INFO:colcon.colcon_core.package_discovery:Crawling recursively for packages in '/home/sashwat/smart-cane-system'
[0.210s] Level 1:colcon.colcon_core.package_identification:_identify(.) by extensions ['ignore', 'ignore_ament_install']
[0.210s] Level 1:colcon.colcon_core.package_identification:_identify(.) by extension 'ignore'
[0.210s] Level 1:colcon.colcon_core.package_identification:_identify(.) by extension 'ignore_ament_install'
[0.210s] Level 1:colcon.colcon_core.package_identification:_identify(.) by extensions ['colcon_pkg']
[0.210s] Level 1:colcon.colcon_core.package_identification:_identify(.) by extension 'colcon_pkg'
[0.210s] Level 1:colcon.colcon_core.package_identification:_identify(.) by extensions ['colcon_meta']
[0.210s] Level 1:colcon.colcon_core.package_identification:_identify(.) by extension 'colcon_meta'
[0.210s] Level 1:colcon.colcon_core.package_identification:_identify(.) by extensions ['ros']
[0.210s] Level 1:colcon.colcon_core.package_identification:_identify(.) by extension 'ros'
[0.250s] Level 1:colcon.colcon_core.package_identification:_identify(.) by extensions ['cmake', 'python']
[0.250s] Level 1:colcon.colcon_core.package_identification:_identify(.) by extension 'cmake'
[0.250s] Level 1:colcon.colcon_core.package_identification:_identify(.) by extension 'python'
[0.250s] Level 1:colcon.colcon_core.package_identification:_identify(.) by extensions ['python_setup_py']
[0.250s] Level 1:colcon.colcon_core.package_identification:_identify(.) by extension 'python_setup_py'
[0.251s] Level 1:colcon.colcon_core.package_identification:_identify(build) by extensions ['ignore', 'ignore_ament_install']
[0.251s] Level 1:colcon.colcon_core.package_identification:_identify(build) by extension 'ignore'
[0.251s] Level 1:colcon.colcon_core.package_identification:_identify(build) ignored
[0.251s] Level 1:colcon.colcon_core.package_identification:_identify(install) by extensions ['ignore', 'ignore_ament_install']
[0.251s] Level 1:colcon.colcon_core.package_identification:_identify(install) by extension 'ignore'
[0.251s] Level 1:colcon.colcon_core.package_identification:_identify(install) ignored
[0.251s] Level 1:colcon.colcon_core.package_identification:_identify(log) by extensions ['ignore', 'ignore_ament_install']
[0.251s] Level 1:colcon.colcon_core.package_identification:_identify(log) by extension 'ignore'
[0.251s] Level 1:colcon.colcon_core.package_identification:_identify(log) ignored
[0.252s] Level 1:colcon.colcon_core.package_identification:_identify(src) by extensions ['ignore', 'ignore_ament_install']
[0.252s] Level 1:colcon.colcon_core.package_identification:_identify(src) by extension 'ignore'
[0.252s] Level 1:colcon.colcon_core.package_identification:_identify(src) by extension 'ignore_ament_install'
[0.252s] Level 1:colcon.colcon_core.package_identification:_identify(src) by extensions ['colcon_pkg']
[0.252s] Level 1:colcon.colcon_core.package_identification:_identify(src) by extension 'colcon_pkg'
[0.252s] Level 1:colcon.colcon_core.package_identification:_identify(src) by extensions ['colcon_meta']
[0.252s] Level 1:colcon.colcon_core.package_identification:_identify(src) by extension 'colcon_meta'
[0.252s] Level 1:colcon.colcon_core.package_identification:_identify(src) by extensions ['ros']
[0.252s] Level 1:colcon.colcon_core.package_identification:_identify(src) by extension 'ros'
[0.252s] Level 1:colcon.colcon_core.package_identification:_identify(src) by extensions ['cmake', 'python']
[0.252s] Level 1:colcon.colcon_core.package_identification:_identify(src) by extension 'cmake'
[0.252s] Level 1:colcon.colcon_core.package_identification:_identify(src) by extension 'python'
[0.252s] Level 1:colcon.colcon_core.package_identification:_identify(src) by extensions ['python_setup_py']
[0.252s] Level 1:colcon.colcon_core.package_identification:_identify(src) by extension 'python_setup_py'
[0.252s] Level 1:colcon.colcon_core.package_identification:_identify(src/build) by extensions ['ignore', 'ignore_ament_install']
[0.252s] Level 1:colcon.colcon_core.package_identification:_identify(src/build) by extension 'ignore'
[0.252s] Level 1:colcon.colcon_core.package_identification:_identify(src/build) ignored
[0.252s] Level 1:colcon.colcon_core.package_identification:_identify(src/install) by extensions ['ignore', 'ignore_ament_install']
[0.253s] Level 1:colcon.colcon_core.package_identification:_identify(src/install) by extension 'ignore'
[0.253s] Level 1:colcon.colcon_core.package_identification:_identify(src/install) ignored
[0.253s] Level 1:colcon.colcon_core.package_identification:_identify(src/log) by extensions ['ignore', 'ignore_ament_install']
[0.253s] Level 1:colcon.colcon_core.package_identification:_identify(src/log) by extension 'ignore'
[0.253s] Level 1:colcon.colcon_core.package_identification:_identify(src/log) ignored
[0.253s] Level 1:colcon.colcon_core.package_identification:_identify(src/smart_cane_interfaces) by extensions ['ignore', 'ignore_ament_install']
[0.253s] Level 1:colcon.colcon_core.package_identification:_identify(src/smart_cane_interfaces) by extension 'ignore'
[0.253s] Level 1:colcon.colcon_core.package_identification:_identify(src/smart_cane_interfaces) by extension 'ignore_ament_install'
[0.253s] Level 1:colcon.colcon_core.package_identification:_identify(src/smart_cane_interfaces) by extensions ['colcon_pkg']
[0.253s] Level 1:colcon.colcon_core.package_identification:_identify(src/smart_cane_interfaces) by extension 'colcon_pkg'
[0.253s] Level 1:colcon.colcon_core.package_identification:_identify(src/smart_cane_interfaces) by extensions ['colcon_meta']
[0.253s] Level 1:colcon.colcon_core.package_identification:_identify(src/smart_cane_interfaces) by extension 'colcon_meta'
[0.253s] Level 1:colcon.colcon_core.package_identification:_identify(src/smart_cane_interfaces) by extensions ['ros']
[0.253s] Level 1:colcon.colcon_core.package_identification:_identify(src/smart_cane_interfaces) by extension 'ros'
[0.257s] DEBUG:colcon.colcon_core.package_identification:Package 'src/smart_cane_interfaces' with type 'ros.ament_cmake' and name 'smart_cane_interfaces'
[0.257s] Level 1:colcon.colcon_core.package_identification:_identify(src/smart_cane_system) by extensions ['ignore', 'ignore_ament_install']
[0.257s] Level 1:colcon.colcon_core.package_identification:_identify(src/smart_cane_system) by extension 'ignore'
[0.257s] Level 1:colcon.colcon_core.package_identification:_identify(src/smart_cane_system) by extension 'ignore_ament_install'
[0.257s] Level 1:colcon.colcon_core.package_identification:_identify(src/smart_cane_system) by extensions ['colcon_pkg']
[0.257s] Level 1:colcon.colcon_core.package_identification:_identify(src/smart_cane_system) by extension 'colcon_pkg'
[0.257s] Level 1:colcon.colcon_core.package_identification:_identify(src/smart_cane_system) by extensions ['colcon_meta']
[0.257s] Level 1:colcon.colcon_core.package_identification:_identify(src/smart_cane_system) by extension 'colcon_meta'
[0.257s] Level 1:colcon.colcon_core.package_identification:_identify(src/smart_cane_system) by extensions ['ros']
[0.257s] Level 1:colcon.colcon_core.package_identification:_identify(src/smart_cane_system) by extension 'ros'
[0.259s] DEBUG:colcon.colcon_core.package_identification:Package 'src/smart_cane_system' with type 'ros.ament_python' and name 'smart_cane_system'
[0.259s] Level 1:colcon.colcon_core.package_discovery:discover_packages(recursive) using defaults
[0.259s] Level 1:colcon.colcon_core.package_discovery:discover_packages(ignore) discover
[0.259s] Level 1:colcon.colcon_core.package_discovery:discover_packages(ignore) using defaults
[0.259s] Level 1:colcon.colcon_core.package_discovery:discover_packages(path) discover
[0.259s] Level 1:colcon.colcon_core.package_discovery:discover_packages(path) using defaults
[0.283s] Level 1:colcon.colcon_core.package_discovery:discover_packages(prefix_path) check parameters
[0.283s] Level 1:colcon.colcon_core.package_discovery:discover_packages(prefix_path) discover
[0.285s] DEBUG:colcon.colcon_installed_package_information.package_discovery:Found 1 installed packages in /home/sashwat/smart-cane-system/install
[0.287s] DEBUG:colcon.colcon_installed_package_information.package_discovery:Found 286 installed packages in /opt/ros/jazzy
[0.288s] Level 1:colcon.colcon_core.package_discovery:discover_packages(prefix_path) using defaults
[0.349s] Level 5:colcon.colcon_core.verb:set package 'smart_cane_interfaces' build argument 'cmake_args' from command line to 'None'
[0.349s] Level 5:colcon.colcon_core.verb:set package 'smart_cane_interfaces' build argument 'cmake_target' from command line to 'None'
[0.349s] Level 5:colcon.colcon_core.verb:set package 'smart_cane_interfaces' build argument 'cmake_target_skip_unavailable' from command line to 'False'
[0.349s] Level 5:colcon.colcon_core.verb:set package 'smart_cane_interfaces' build argument 'cmake_clean_cache' from command line to 'False'
[0.349s] Level 5:colcon.colcon_core.verb:set package 'smart_cane_interfaces' build argument 'cmake_clean_first' from command line to 'False'
[0.349s] Level 5:colcon.colcon_core.verb:set package 'smart_cane_interfaces' build argument 'cmake_force_configure' from command line to 'False'
[0.349s] Level 5:colcon.colcon_core.verb:set package 'smart_cane_interfaces' build argument 'ament_cmake_args' from command line to 'None'
[0.349s] Level 5:colcon.colcon_core.verb:set package 'smart_cane_interfaces' build argument 'catkin_cmake_args' from command line to 'None'
[0.349s] Level 5:colcon.colcon_core.verb:set package 'smart_cane_interfaces' build argument 'catkin_skip_building_tests' from command line to 'False'
[0.349s] DEBUG:colcon.colcon_core.verb:Building package 'smart_cane_interfaces' with the following arguments: {'ament_cmake_args': None, 'build_base': '/home/sashwat/smart-cane-system/build/smart_cane_interfaces', 'catkin_cmake_args': None, 'catkin_skip_building_tests': False, 'cmake_args': None, 'cmake_clean_cache': False, 'cmake_clean_first': False, 'cmake_force_configure': False, 'cmake_target': None, 'cmake_target_skip_unavailable': False, 'install_base': '/home/sashwat/smart-cane-system/install/smart_cane_interfaces', 'merge_install': False, 'path': '/home/sashwat/smart-cane-system/src/smart_cane_interfaces', 'symlink_install': False, 'test_result_base': None}
[0.350s] Level 5:colcon.colcon_core.verb:set package 'smart_cane_system' build argument 'cmake_args' from command line to 'None'
[0.350s] Level 5:colcon.colcon_core.verb:set package 'smart_cane_system' build argument 'cmake_target' from command line to 'None'
[0.350s] Level 5:colcon.colcon_core.verb:set package 'smart_cane_system' build argument 'cmake_target_skip_unavailable' from command line to 'False'
[0.350s] Level 5:colcon.colcon_core.verb:set package 'smart_cane_system' build argument 'cmake_clean_cache' from command line to 'False'
[0.350s] Level 5:colcon.colcon_core.verb:set package 'smart_cane_system' build argument 'cmake_clean_first' from command line to 'False'
[0.350s] Level 5:colcon.colcon_core.verb:set package 'smart_cane_system' build argument 'cmake_force_configure' from command line to 'False'
[0.350s] Level 5:colcon.colcon_core.verb:set package 'smart_cane_system' build argument 'ament_cmake_args' from command line to 'None'
[0.350s] Level 5:colcon.colcon_core.verb:set package 'smart_cane_system' build argument 'catkin_cmake_args' from command line to 'None'
[0.350s] Level 5:colcon.colcon_core.verb:set package 'smart_cane_system' build argument 'catkin_skip_building_tests' from command line to 'False'
[0.350s] DEBUG:colcon.colcon_core.verb:Building package 'smart_cane_system' with the following arguments: {'ament_cmake_args': None, 'build_base': '/home/sashwat/smart-cane-system/build/smart_cane_system', 'catkin_cmake_args': None, 'catkin_skip_building_tests': False, 'cmake_args': None, 'cmake_clean_cache': False, 'cmake_clean_first': False, 'cmake_force_configure': False, 'cmake_target': None, 'cmake_target_skip_unavailable': False, 'install_base': '/home/sashwat/smart-cane-system/install/smart_cane_system', 'merge_install': False, 'path': '/home/sashwat/smart-cane-system/src/smart_cane_system', 'symlink_install': False, 'test_result_base': None}
[0.350s] INFO:colcon.colcon_core.executor:Executing jobs using 'parallel' executor
[0.351s] DEBUG:colcon.colcon_parallel_executor.executor.parallel:run_until_complete
[0.352s] INFO:colcon.colcon_ros.task.ament_cmake.build:Building ROS package in '/home/sashwat/smart-cane-system/src/smart_cane_interfaces' with build type 'ament_cmake'
[0.352s] INFO:colcon.colcon_cmake.task.cmake.build:Building CMake package in '/home/sashwat/smart-cane-system/src/smart_cane_interfaces'
[0.354s] INFO:colcon.colcon_core.plugin_system:Skipping extension 'colcon_core.shell.bat': Not used on non-Windows systems
[0.355s] INFO:colcon.colcon_core.shell:Skip shell extension 'powershell' for command environment: Not usable outside of PowerShell
[0.355s] DEBUG:colcon.colcon_core.shell:Skip shell extension 'dsv' for command environment
[0.370s] DEBUG:colcon.colcon_core.event_handler.log_command:Invoking command in '/home/sashwat/smart-cane-system/build/smart_cane_interfaces': CMAKE_PREFIX_PATH=${CMAKE_PREFIX_PATH}:/opt/ros/jazzy DEBUGINFOD_URLS=https://debuginfod.ubuntu.com /usr/bin/cmake /home/sashwat/smart-cane-system/src/smart_cane_interfaces -DCMAKE_INSTALL_PREFIX=/home/sashwat/smart-cane-system/install/smart_cane_interfaces
[6.721s] DEBUG:colcon.colcon_core.event_handler.log_command:Invoked command in '/home/sashwat/smart-cane-system/build/smart_cane_interfaces' returned '0': CMAKE_PREFIX_PATH=${CMAKE_PREFIX_PATH}:/opt/ros/jazzy DEBUGINFOD_URLS=https://debuginfod.ubuntu.com /usr/bin/cmake /home/sashwat/smart-cane-system/src/smart_cane_interfaces -DCMAKE_INSTALL_PREFIX=/home/sashwat/smart-cane-system/install/smart_cane_interfaces
[6.724s] DEBUG:colcon.colcon_core.event_handler.log_command:Invoking command in '/home/sashwat/smart-cane-system/build/smart_cane_interfaces': CMAKE_PREFIX_PATH=${CMAKE_PREFIX_PATH}:/opt/ros/jazzy DEBUGINFOD_URLS=https://debuginfod.ubuntu.com /usr/bin/cmake --build /home/sashwat/smart-cane-system/build/smart_cane_interfaces -- -j4 -l4
[18.002s] DEBUG:colcon.colcon_core.event_handler.log_command:Invoked command in '/home/sashwat/smart-cane-system/build/smart_cane_interfaces' returned '0': CMAKE_PREFIX_PATH=${CMAKE_PREFIX_PATH}:/opt/ros/jazzy DEBUGINFOD_URLS=https://debuginfod.ubuntu.com /usr/bin/cmake --build /home/sashwat/smart-cane-system/build/smart_cane_interfaces -- -j4 -l4
[18.029s] DEBUG:colcon.colcon_core.event_handler.log_command:Invoking command in '/home/sashwat/smart-cane-system/build/smart_cane_interfaces': CMAKE_PREFIX_PATH=${CMAKE_PREFIX_PATH}:/opt/ros/jazzy DEBUGINFOD_URLS=https://debuginfod.ubuntu.com /usr/bin/cmake --install /home/sashwat/smart-cane-system/build/smart_cane_interfaces
[18.302s] Level 1:colcon.colcon_core.environment:create_environment_scripts_only(smart_cane_interfaces)
[18.303s] DEBUG:colcon.colcon_core.event_handler.log_command:Invoked command in '/home/sashwat/smart-cane-system/build/smart_cane_interfaces' returned '0': CMAKE_PREFIX_PATH=${CMAKE_PREFIX_PATH}:/opt/ros/jazzy DEBUGINFOD_URLS=https://debuginfod.ubuntu.com /usr/bin/cmake --install /home/sashwat/smart-cane-system/build/smart_cane_interfaces
[18.305s] Level 1:colcon.colcon_core.environment:checking '/home/sashwat/smart-cane-system/install/smart_cane_interfaces' for CMake module files
[18.306s] Level 1:colcon.colcon_core.environment:checking '/home/sashwat/smart-cane-system/install/smart_cane_interfaces' for CMake config files
[18.306s] Level 1:colcon.colcon_core.shell:create_environment_hook('smart_cane_interfaces', 'cmake_prefix_path')
[18.307s] INFO:colcon.colcon_core.shell:Creating environment hook '/home/sashwat/smart-cane-system/install/smart_cane_interfaces/share/smart_cane_interfaces/hook/cmake_prefix_path.ps1'
[18.307s] INFO:colcon.colcon_core.shell:Creating environment descriptor '/home/sashwat/smart-cane-system/install/smart_cane_interfaces/share/smart_cane_interfaces/hook/cmake_prefix_path.dsv'
[18.308s] INFO:colcon.colcon_core.shell:Creating environment hook '/home/sashwat/smart-cane-system/install/smart_cane_interfaces/share/smart_cane_interfaces/hook/cmake_prefix_path.sh'
[18.309s] Level 1:colcon.colcon_core.environment:checking '/home/sashwat/smart-cane-system/install/smart_cane_interfaces/lib'
[18.309s] Level 1:colcon.colcon_core.shell:create_environment_hook('smart_cane_interfaces', 'ld_library_path_lib')
[18.310s] INFO:colcon.colcon_core.shell:Creating environment hook '/home/sashwat/smart-cane-system/install/smart_cane_interfaces/share/smart_cane_interfaces/hook/ld_library_path_lib.ps1'
[18.310s] INFO:colcon.colcon_core.shell:Creating environment descriptor '/home/sashwat/smart-cane-system/install/smart_cane_interfaces/share/smart_cane_interfaces/hook/ld_library_path_lib.dsv'
[18.311s] INFO:colcon.colcon_core.shell:Creating environment hook '/home/sashwat/smart-cane-system/install/smart_cane_interfaces/share/smart_cane_interfaces/hook/ld_library_path_lib.sh'
[18.311s] Level 1:colcon.colcon_core.environment:checking '/home/sashwat/smart-cane-system/install/smart_cane_interfaces/bin'
[18.311s] Level 1:colcon.colcon_core.environment:checking '/home/sashwat/smart-cane-system/install/smart_cane_interfaces/lib/pkgconfig/smart_cane_interfaces.pc'
[18.311s] Level 1:colcon.colcon_core.environment:checking '/home/sashwat/smart-cane-system/install/smart_cane_interfaces/lib/python3.12/site-packages'
[18.312s] Level 1:colcon.colcon_core.shell:create_environment_hook('smart_cane_interfaces', 'pythonpath')
[18.312s] INFO:colcon.colcon_core.shell:Creating environment hook '/home/sashwat/smart-cane-system/install/smart_cane_interfaces/share/smart_cane_interfaces/hook/pythonpath.ps1'
[18.312s] INFO:colcon.colcon_core.shell:Creating environment descriptor '/home/sashwat/smart-cane-system/install/smart_cane_interfaces/share/smart_cane_interfaces/hook/pythonpath.dsv'
[18.313s] INFO:colcon.colcon_core.shell:Creating environment hook '/home/sashwat/smart-cane-system/install/smart_cane_interfaces/share/smart_cane_interfaces/hook/pythonpath.sh'
[18.313s] Level 1:colcon.colcon_core.environment:checking '/home/sashwat/smart-cane-system/install/smart_cane_interfaces/bin'
[18.314s] INFO:colcon.colcon_core.shell:Creating package script '/home/sashwat/smart-cane-system/install/smart_cane_interfaces/share/smart_cane_interfaces/package.ps1'
[18.315s] INFO:colcon.colcon_core.shell:Creating package descriptor '/home/sashwat/smart-cane-system/install/smart_cane_interfaces/share/smart_cane_interfaces/package.dsv'
[18.321s] INFO:colcon.colcon_core.shell:Creating package script '/home/sashwat/smart-cane-system/install/smart_cane_interfaces/share/smart_cane_interfaces/package.sh'
[18.323s] INFO:colcon.colcon_core.shell:Creating package script '/home/sashwat/smart-cane-system/install/smart_cane_interfaces/share/smart_cane_interfaces/package.bash'
[18.324s] INFO:colcon.colcon_core.shell:Creating package script '/home/sashwat/smart-cane-system/install/smart_cane_interfaces/share/smart_cane_interfaces/package.zsh'
[18.325s] Level 1:colcon.colcon_core.environment:create_file_with_runtime_dependencies(/home/sashwat/smart-cane-system/install/smart_cane_interfaces/share/colcon-core/packages/smart_cane_interfaces)
[18.329s] Level 1:colcon.colcon_core.environment:create_environment_scripts_only(smart_cane_interfaces)
[18.329s] Level 1:colcon.colcon_core.environment:checking '/home/sashwat/smart-cane-system/install/smart_cane_interfaces' for CMake module files
[18.330s] Level 1:colcon.colcon_core.environment:checking '/home/sashwat/smart-cane-system/install/smart_cane_interfaces' for CMake config files
[18.331s] Level 1:colcon.colcon_core.shell:create_environment_hook('smart_cane_interfaces', 'cmake_prefix_path')
[18.331s] INFO:colcon.colcon_core.shell:Creating environment hook '/home/sashwat/smart-cane-system/install/smart_cane_interfaces/share/smart_cane_interfaces/hook/cmake_prefix_path.ps1'
[18.332s] INFO:colcon.colcon_core.shell:Creating environment descriptor '/home/sashwat/smart-cane-system/install/smart_cane_interfaces/share/smart_cane_interfaces/hook/cmake_prefix_path.dsv'
[18.334s] INFO:colcon.colcon_core.shell:Creating environment hook '/home/sashwat/smart-cane-system/install/smart_cane_interfaces/share/smart_cane_interfaces/hook/cmake_prefix_path.sh'
[18.335s] Level 1:colcon.colcon_core.environment:checking '/home/sashwat/smart-cane-system/install/smart_cane_interfaces/lib'
[18.335s] Level 1:colcon.colcon_core.shell:create_environment_hook('smart_cane_interfaces', 'ld_library_path_lib')
[18.336s] INFO:colcon.colcon_core.shell:Creating environment hook '/home/sashwat/smart-cane-system/install/smart_cane_interfaces/share/smart_cane_interfaces/hook/ld_library_path_lib.ps1'
[18.337s] INFO:colcon.colcon_core.shell:Creating environment descriptor '/home/sashwat/smart-cane-system/install/smart_cane_interfaces/share/smart_cane_interfaces/hook/ld_library_path_lib.dsv'
[18.339s] INFO:colcon.colcon_core.shell:Creating environment hook '/home/sashwat/smart-cane-system/install/smart_cane_interfaces/share/smart_cane_interfaces/hook/ld_library_path_lib.sh'
[18.340s] Level 1:colcon.colcon_core.environment:checking '/home/sashwat/smart-cane-system/install/smart_cane_interfaces/bin'
[18.340s] Level 1:colcon.colcon_core.environment:checking '/home/sashwat/smart-cane-system/install/smart_cane_interfaces/lib/pkgconfig/smart_cane_interfaces.pc'
[18.341s] Level 1:colcon.colcon_core.environment:checking '/home/sashwat/smart-cane-system/install/smart_cane_interfaces/lib/python3.12/site-packages'
[18.341s] Level 1:colcon.colcon_core.shell:create_environment_hook('smart_cane_interfaces', 'pythonpath')
[18.343s] INFO:colcon.colcon_core.shell:Creating environment hook '/home/sashwat/smart-cane-system/install/smart_cane_interfaces/share/smart_cane_interfaces/hook/pythonpath.ps1'
[18.345s] INFO:colcon.colcon_core.shell:Creating environment descriptor '/home/sashwat/smart-cane-system/install/smart_cane_interfaces/share/smart_cane_interfaces/hook/pythonpath.dsv'
[18.346s] INFO:colcon.colcon_core.shell:Creating environment hook '/home/sashwat/smart-cane-system/install/smart_cane_interfaces/share/smart_cane_interfaces/hook/pythonpath.sh'
[18.349s] Level 1:colcon.colcon_core.environment:checking '/home/sashwat/smart-cane-system/install/smart_cane_interfaces/bin'
[18.351s] INFO:colcon.colcon_core.shell:Creating package script '/home/sashwat/smart-cane-system/install/smart_cane_interfaces/share/smart_cane_interfaces/package.ps1'
[18.353s] INFO:colcon.colcon_core.shell:Creating package descriptor '/home/sashwat/smart-cane-system/install/smart_cane_interfaces/share/smart_cane_interfaces/package.dsv'
[18.354s] INFO:colcon.colcon_core.shell:Creating package script '/home/sashwat/smart-cane-system/install/smart_cane_interfaces/share/smart_cane_interfaces/package.sh'
[18.356s] INFO:colcon.colcon_core.shell:Creating package script '/home/sashwat/smart-cane-system/install/smart_cane_interfaces/share/smart_cane_interfaces/package.bash'
[18.359s] INFO:colcon.colcon_core.shell:Creating package script '/home/sashwat/smart-cane-system/install/smart_cane_interfaces/share/smart_cane_interfaces/package.zsh'
[18.360s] Level 1:colcon.colcon_core.environment:create_file_with_runtime_dependencies(/home/sashwat/smart-cane-system/install/smart_cane_interfaces/share/colcon-core/packages/smart_cane_interfaces)
[18.362s] INFO:colcon.colcon_ros.task.ament_python.build:Building ROS package in '/home/sashwat/smart-cane-system/src/smart_cane_system' with build type 'ament_python'
[18.362s] Level 1:colcon.colcon_core.shell:create_environment_hook('smart_cane_system', 'ament_prefix_path')
[18.363s] INFO:colcon.colcon_core.shell:Creating environment hook '/home/sashwat/smart-cane-system/install/smart_cane_system/share/smart_cane_system/hook/ament_prefix_path.ps1'
[18.364s] INFO:colcon.colcon_core.shell:Creating environment descriptor '/home/sashwat/smart-cane-system/install/smart_cane_system/share/smart_cane_system/hook/ament_prefix_path.dsv'
[18.366s] INFO:colcon.colcon_core.shell:Creating environment hook '/home/sashwat/smart-cane-system/install/smart_cane_system/share/smart_cane_system/hook/ament_prefix_path.sh'
[18.367s] INFO:colcon.colcon_core.shell:Skip shell extension 'powershell' for command environment: Not usable outside of PowerShell
[18.367s] DEBUG:colcon.colcon_core.shell:Skip shell extension 'dsv' for command environment
[18.786s] INFO:colcon.colcon_core.task.python.build:Building Python package in '/home/sashwat/smart-cane-system/src/smart_cane_system'
[18.786s] INFO:colcon.colcon_core.shell:Skip shell extension 'powershell' for command environment: Not usable outside of PowerShell
[18.786s] DEBUG:colcon.colcon_core.shell:Skip shell extension 'dsv' for command environment
[20.108s] DEBUG:colcon.colcon_core.event_handler.log_command:Invoking command in '/home/sashwat/smart-cane-system/src/smart_cane_system': AMENT_PREFIX_PATH=/home/sashwat/smart-cane-system/install/smart_cane_interfaces:${AMENT_PREFIX_PATH} CMAKE_PREFIX_PATH=/home/sashwat/smart-cane-system/install/smart_cane_interfaces:${CMAKE_PREFIX_PATH} DEBUGINFOD_URLS=https://debuginfod.ubuntu.com LD_LIBRARY_PATH=/home/sashwat/smart-cane-system/install/smart_cane_interfaces/lib:${LD_LIBRARY_PATH} PYTHONPATH=/home/sashwat/smart-cane-system/build/smart_cane_system/prefix_override:/usr/lib/python3/dist-packages/colcon_core/task/python/colcon_distutils_commands:/home/sashwat/smart-cane-system/install/smart_cane_system/lib/python3.12/site-packages:/home/sashwat/smart-cane-system/install/smart_cane_interfaces/lib/python3.12/site-packages:${PYTHONPATH} /usr/bin/python3 -W ignore:setup.py install is deprecated -W ignore:easy_install command is deprecated setup.py egg_info --egg-base ../../build/smart_cane_system build --build-base /home/sashwat/smart-cane-system/build/smart_cane_system/build install --record /home/sashwat/smart-cane-system/build/smart_cane_system/install.log --single-version-externally-managed install_data
[20.989s] Level 1:colcon.colcon_core.environment:checking '/home/sashwat/smart-cane-system/install/smart_cane_system' for CMake module files
[20.990s] DEBUG:colcon.colcon_core.event_handler.log_command:Invoked command in '/home/sashwat/smart-cane-system/src/smart_cane_system' returned '0': AMENT_PREFIX_PATH=/home/sashwat/smart-cane-system/install/smart_cane_interfaces:${AMENT_PREFIX_PATH} CMAKE_PREFIX_PATH=/home/sashwat/smart-cane-system/install/smart_cane_interfaces:${CMAKE_PREFIX_PATH} DEBUGINFOD_URLS=https://debuginfod.ubuntu.com LD_LIBRARY_PATH=/home/sashwat/smart-cane-system/install/smart_cane_interfaces/lib:${LD_LIBRARY_PATH} PYTHONPATH=/home/sashwat/smart-cane-system/build/smart_cane_system/prefix_override:/usr/lib/python3/dist-packages/colcon_core/task/python/colcon_distutils_commands:/home/sashwat/smart-cane-system/install/smart_cane_system/lib/python3.12/site-packages:/home/sashwat/smart-cane-system/install/smart_cane_interfaces/lib/python3.12/site-packages:${PYTHONPATH} /usr/bin/python3 -W ignore:setup.py install is deprecated -W ignore:easy_install command is deprecated setup.py egg_info --egg-base ../../build/smart_cane_system build --build-base /home/sashwat/smart-cane-system/build/smart_cane_system/build install --record /home/sashwat/smart-cane-system/build/smart_cane_system/install.log --single-version-externally-managed install_data
[20.991s] Level 1:colcon.colcon_core.environment:checking '/home/sashwat/smart-cane-system/install/smart_cane_system' for CMake config files
[20.991s] Level 1:colcon.colcon_core.environment:checking '/home/sashwat/smart-cane-system/install/smart_cane_system/lib'
[20.991s] Level 1:colcon.colcon_core.environment:checking '/home/sashwat/smart-cane-system/install/smart_cane_system/bin'
[20.991s] Level 1:colcon.colcon_core.environment:checking '/home/sashwat/smart-cane-system/install/smart_cane_system/lib/pkgconfig/smart_cane_system.pc'
[20.992s] Level 1:colcon.colcon_core.environment:checking '/home/sashwat/smart-cane-system/install/smart_cane_system/lib/python3.12/site-packages'
[20.992s] Level 1:colcon.colcon_core.shell:create_environment_hook('smart_cane_system', 'pythonpath')
[20.992s] INFO:colcon.colcon_core.shell:Creating environment hook '/home/sashwat/smart-cane-system/install/smart_cane_system/share/smart_cane_system/hook/pythonpath.ps1'
[20.993s] INFO:colcon.colcon_core.shell:Creating environment descriptor '/home/sashwat/smart-cane-system/install/smart_cane_system/share/smart_cane_system/hook/pythonpath.dsv'
[20.993s] INFO:colcon.colcon_core.shell:Creating environment hook '/home/sashwat/smart-cane-system/install/smart_cane_system/share/smart_cane_system/hook/pythonpath.sh'
[20.994s] Level 1:colcon.colcon_core.environment:checking '/home/sashwat/smart-cane-system/install/smart_cane_system/bin'
[20.994s] Level 1:colcon.colcon_core.environment:create_environment_scripts_only(smart_cane_system)
[20.994s] INFO:colcon.colcon_core.shell:Creating package script '/home/sashwat/smart-cane-system/install/smart_cane_system/share/smart_cane_system/package.ps1'
[20.995s] INFO:colcon.colcon_core.shell:Creating package descriptor '/home/sashwat/smart-cane-system/install/smart_cane_system/share/smart_cane_system/package.dsv'
[20.995s] INFO:colcon.colcon_core.shell:Creating package script '/home/sashwat/smart-cane-system/install/smart_cane_system/share/smart_cane_system/package.sh'
[20.996s] INFO:colcon.colcon_core.shell:Creating package script '/home/sashwat/smart-cane-system/install/smart_cane_system/share/smart_cane_system/package.bash'
[20.996s] INFO:colcon.colcon_core.shell:Creating package script '/home/sashwat/smart-cane-system/install/smart_cane_system/share/smart_cane_system/package.zsh'
[20.996s] Level 1:colcon.colcon_core.environment:create_file_with_runtime_dependencies(/home/sashwat/smart-cane-system/install/smart_cane_system/share/colcon-core/packages/smart_cane_system)
[20.997s] DEBUG:colcon.colcon_parallel_executor.executor.parallel:closing loop
[20.997s] DEBUG:colcon.colcon_parallel_executor.executor.parallel:loop closed
[20.998s] DEBUG:colcon.colcon_parallel_executor.executor.parallel:run_until_complete finished with '0'
[20.998s] DEBUG:colcon.colcon_core.event_reactor:joining thread
[21.006s] INFO:colcon.colcon_core.plugin_system:Skipping extension 'colcon_notification.desktop_notification.terminal_notifier': Not used on non-Darwin systems
[21.006s] INFO:colcon.colcon_core.plugin_system:Skipping extension 'colcon_notification.desktop_notification.win32': Not used on non-Windows systems
[21.007s] INFO:colcon.colcon_notification.desktop_notification:Sending desktop notification using 'notify2'
[21.040s] DEBUG:colcon.colcon_core.event_reactor:joined thread
[21.040s] INFO:colcon.colcon_core.shell:Creating prefix script '/home/sashwat/smart-cane-system/install/local_setup.ps1'
[21.042s] INFO:colcon.colcon_core.shell:Creating prefix util module '/home/sashwat/smart-cane-system/install/_local_setup_util_ps1.py'
[21.044s] INFO:colcon.colcon_core.shell:Creating prefix chain script '/home/sashwat/smart-cane-system/install/setup.ps1'
[21.047s] INFO:colcon.colcon_core.shell:Creating prefix script '/home/sashwat/smart-cane-system/install/local_setup.sh'
[21.052s] INFO:colcon.colcon_core.shell:Creating prefix util module '/home/sashwat/smart-cane-system/install/_local_setup_util_sh.py'
[21.054s] INFO:colcon.colcon_core.shell:Creating prefix chain script '/home/sashwat/smart-cane-system/install/setup.sh'
[21.058s] INFO:colcon.colcon_core.shell:Creating prefix script '/home/sashwat/smart-cane-system/install/local_setup.bash'
[21.061s] INFO:colcon.colcon_core.shell:Creating prefix chain script '/home/sashwat/smart-cane-system/install/setup.bash'
[21.063s] INFO:colcon.colcon_core.shell:Creating prefix script '/home/sashwat/smart-cane-system/install/local_setup.zsh'
[21.064s] INFO:colcon.colcon_core.shell:Creating prefix chain script '/home/sashwat/smart-cane-system/install/setup.zsh'
