/home/ubuntu/smart-cane-system/install/smart_cane_system/lib/python3.12/site-packages/smart_cane_system/vibration_node.py
/home/ubuntu/smart-cane-system/install/smart_cane_system/lib/python3.12/site-packages/smart_cane_system/yolo_detection_node.py
/home/ubuntu/smart-cane-system/install/smart_cane_system/lib/python3.12/site-packages/smart_cane_system/ultrasonic_node.py
/home/ubuntu/smart-cane-system/install/smart_cane_system/lib/python3.12/site-packages/smart_cane_system/obstacle_fusion.py
/home/ubuntu/smart-cane-system/install/smart_cane_system/lib/python3.12/site-packages/smart_cane_system/__init__.py
/home/ubuntu/smart-cane-system/install/smart_cane_system/lib/python3.12/site-packages/smart_cane_system/camera_node.py
/home/ubuntu/smart-cane-system/install/smart_cane_system/lib/python3.12/site-packages/smart_cane_system/speaker_node.py
/home/ubuntu/smart-cane-system/install/smart_cane_system/lib/python3.12/site-packages/smart_cane_system/__pycache__/vibration_node.cpython-312.pyc
/home/ubuntu/smart-cane-system/install/smart_cane_system/lib/python3.12/site-packages/smart_cane_system/__pycache__/yolo_detection_node.cpython-312.pyc
/home/ubuntu/smart-cane-system/install/smart_cane_system/lib/python3.12/site-packages/smart_cane_system/__pycache__/ultrasonic_node.cpython-312.pyc
/home/ubuntu/smart-cane-system/install/smart_cane_system/lib/python3.12/site-packages/smart_cane_system/__pycache__/obstacle_fusion.cpython-312.pyc
/home/ubuntu/smart-cane-system/install/smart_cane_system/lib/python3.12/site-packages/smart_cane_system/__pycache__/__init__.cpython-312.pyc
/home/ubuntu/smart-cane-system/install/smart_cane_system/lib/python3.12/site-packages/smart_cane_system/__pycache__/camera_node.cpython-312.pyc
/home/ubuntu/smart-cane-system/install/smart_cane_system/lib/python3.12/site-packages/smart_cane_system/__pycache__/speaker_node.cpython-312.pyc
/home/ubuntu/smart-cane-system/install/smart_cane_system/share/ament_index/resource_index/packages/smart_cane_system
/home/ubuntu/smart-cane-system/install/smart_cane_system/share/smart_cane_system/package.xml
/home/ubuntu/smart-cane-system/install/smart_cane_system/share/smart_cane_system/launch
/home/ubuntu/smart-cane-system/install/smart_cane_system/lib/python3.12/site-packages/smart_cane_system-0.0.0-py3.12.egg-info/dependency_links.txt
/home/ubuntu/smart-cane-system/install/smart_cane_system/lib/python3.12/site-packages/smart_cane_system-0.0.0-py3.12.egg-info/PKG-INFO
/home/ubuntu/smart-cane-system/install/smart_cane_system/lib/python3.12/site-packages/smart_cane_system-0.0.0-py3.12.egg-info/entry_points.txt
/home/ubuntu/smart-cane-system/install/smart_cane_system/lib/python3.12/site-packages/smart_cane_system-0.0.0-py3.12.egg-info/requires.txt
/home/ubuntu/smart-cane-system/install/smart_cane_system/lib/python3.12/site-packages/smart_cane_system-0.0.0-py3.12.egg-info/top_level.txt
/home/ubuntu/smart-cane-system/install/smart_cane_system/lib/python3.12/site-packages/smart_cane_system-0.0.0-py3.12.egg-info/zip-safe
/home/ubuntu/smart-cane-system/install/smart_cane_system/lib/python3.12/site-packages/smart_cane_system-0.0.0-py3.12.egg-info/SOURCES.txt
/home/ubuntu/smart-cane-system/install/smart_cane_system/lib/smart_cane_system/camera_node
/home/ubuntu/smart-cane-system/install/smart_cane_system/lib/smart_cane_system/obstacle_fusion_node
/home/ubuntu/smart-cane-system/install/smart_cane_system/lib/smart_cane_system/speaker_node
/home/ubuntu/smart-cane-system/install/smart_cane_system/lib/smart_cane_system/ultrasonic_node
/home/ubuntu/smart-cane-system/install/smart_cane_system/lib/smart_cane_system/vibration_node
/home/ubuntu/smart-cane-system/install/smart_cane_system/lib/smart_cane_system/yolo_detection_node
