running egg_info
writing ../../build/smart_cane_system/smart_cane_system.egg-info/PKG-INFO
writing dependency_links to ../../build/smart_cane_system/smart_cane_system.egg-info/dependency_links.txt
writing entry points to ../../build/smart_cane_system/smart_cane_system.egg-info/entry_points.txt
writing requirements to ../../build/smart_cane_system/smart_cane_system.egg-info/requires.txt
writing top-level names to ../../build/smart_cane_system/smart_cane_system.egg-info/top_level.txt
reading manifest file '../../build/smart_cane_system/smart_cane_system.egg-info/SOURCES.txt'
writing manifest file '../../build/smart_cane_system/smart_cane_system.egg-info/SOURCES.txt'
running build
running build_py
copying smart_cane_system/camera_node.py -> /home/ubuntu/smart-cane-system/build/smart_cane_system/build/lib/smart_cane_system
running install
running install_lib
copying /home/ubuntu/smart-cane-system/build/smart_cane_system/build/lib/smart_cane_system/camera_node.py -> /home/ubuntu/smart-cane-system/install/smart_cane_system/lib/python3.12/site-packages/smart_cane_system
byte-compiling /home/ubuntu/smart-cane-system/install/smart_cane_system/lib/python3.12/site-packages/smart_cane_system/camera_node.py to camera_node.cpython-312.pyc
running install_data
running install_egg_info
removing '/home/ubuntu/smart-cane-system/install/smart_cane_system/lib/python3.12/site-packages/smart_cane_system-0.0.0-py3.12.egg-info' (and everything under it)
Copying ../../build/smart_cane_system/smart_cane_system.egg-info to /home/ubuntu/smart-cane-system/install/smart_cane_system/lib/python3.12/site-packages/smart_cane_system-0.0.0-py3.12.egg-info
running install_scripts
Installing camera_node script to /home/ubuntu/smart-cane-system/install/smart_cane_system/lib/smart_cane_system
Installing obstacle_fusion_node script to /home/ubuntu/smart-cane-system/install/smart_cane_system/lib/smart_cane_system
Installing speaker_node script to /home/ubuntu/smart-cane-system/install/smart_cane_system/lib/smart_cane_system
Installing ultrasonic_node script to /home/ubuntu/smart-cane-system/install/smart_cane_system/lib/smart_cane_system
Installing vibration_node script to /home/ubuntu/smart-cane-system/install/smart_cane_system/lib/smart_cane_system
Installing yolo_detection_node script to /home/ubuntu/smart-cane-system/install/smart_cane_system/lib/smart_cane_system
writing list of installed files to '/home/ubuntu/smart-cane-system/build/smart_cane_system/install.log'
