[1.808s] Invoking command in '/home/ubuntu/smart-cane-system/src/smart_cane_system': DEBUGINFOD_URLS=https://debuginfod.ubuntu.com PYTHONPATH=/home/ubuntu/smart-cane-system/build/smart_cane_system/prefix_override:/usr/lib/python3/dist-packages/colcon_core/task/python/colcon_distutils_commands:/home/ubuntu/smart-cane-system/install/smart_cane_system/lib/python3.12/site-packages:${PYTHONPATH} /usr/bin/python3 -W ignore:setup.py install is deprecated -W ignore:easy_install command is deprecated setup.py egg_info --egg-base ../../build/smart_cane_system build --build-base /home/ubuntu/smart-cane-system/build/smart_cane_system/build install --record /home/ubuntu/smart-cane-system/build/smart_cane_system/install.log --single-version-externally-managed install_data
[2.263s] running egg_info
[2.293s] writing ../../build/smart_cane_system/smart_cane_system.egg-info/PKG-INFO
[2.293s] writing dependency_links to ../../build/smart_cane_system/smart_cane_system.egg-info/dependency_links.txt
[2.300s] writing entry points to ../../build/smart_cane_system/smart_cane_system.egg-info/entry_points.txt
[2.300s] writing requirements to ../../build/smart_cane_system/smart_cane_system.egg-info/requires.txt
[2.302s] writing top-level names to ../../build/smart_cane_system/smart_cane_system.egg-info/top_level.txt
[2.372s] reading manifest file '../../build/smart_cane_system/smart_cane_system.egg-info/SOURCES.txt'
[2.380s] writing manifest file '../../build/smart_cane_system/smart_cane_system.egg-info/SOURCES.txt'
[2.380s] running build
[2.380s] running build_py
[2.381s] copying smart_cane_system/camera_node.py -> /home/ubuntu/smart-cane-system/build/smart_cane_system/build/lib/smart_cane_system
[2.381s] running install
[2.393s] running install_lib
[2.422s] copying /home/ubuntu/smart-cane-system/build/smart_cane_system/build/lib/smart_cane_system/camera_node.py -> /home/ubuntu/smart-cane-system/install/smart_cane_system/lib/python3.12/site-packages/smart_cane_system
[2.424s] byte-compiling /home/ubuntu/smart-cane-system/install/smart_cane_system/lib/python3.12/site-packages/smart_cane_system/camera_node.py to camera_node.cpython-312.pyc
[2.425s] running install_data
[2.425s] running install_egg_info
[2.465s] removing '/home/ubuntu/smart-cane-system/install/smart_cane_system/lib/python3.12/site-packages/smart_cane_system-0.0.0-py3.12.egg-info' (and everything under it)
[2.466s] Copying ../../build/smart_cane_system/smart_cane_system.egg-info to /home/ubuntu/smart-cane-system/install/smart_cane_system/lib/python3.12/site-packages/smart_cane_system-0.0.0-py3.12.egg-info
[2.469s] running install_scripts
[2.687s] Installing camera_node script to /home/ubuntu/smart-cane-system/install/smart_cane_system/lib/smart_cane_system
[2.688s] Installing obstacle_fusion_node script to /home/ubuntu/smart-cane-system/install/smart_cane_system/lib/smart_cane_system
[2.694s] Installing speaker_node script to /home/ubuntu/smart-cane-system/install/smart_cane_system/lib/smart_cane_system
[2.695s] Installing ultrasonic_node script to /home/ubuntu/smart-cane-system/install/smart_cane_system/lib/smart_cane_system
[2.697s] Installing vibration_node script to /home/ubuntu/smart-cane-system/install/smart_cane_system/lib/smart_cane_system
[2.698s] Installing yolo_detection_node script to /home/ubuntu/smart-cane-system/install/smart_cane_system/lib/smart_cane_system
[2.699s] writing list of installed files to '/home/ubuntu/smart-cane-system/build/smart_cane_system/install.log'
[2.837s] Invoked command in '/home/ubuntu/smart-cane-system/src/smart_cane_system' returned '0': DEBUGINFOD_URLS=https://debuginfod.ubuntu.com PYTHONPATH=/home/ubuntu/smart-cane-system/build/smart_cane_system/prefix_override:/usr/lib/python3/dist-packages/colcon_core/task/python/colcon_distutils_commands:/home/ubuntu/smart-cane-system/install/smart_cane_system/lib/python3.12/site-packages:${PYTHONPATH} /usr/bin/python3 -W ignore:setup.py install is deprecated -W ignore:easy_install command is deprecated setup.py egg_info --egg-base ../../build/smart_cane_system build --build-base /home/ubuntu/smart-cane-system/build/smart_cane_system/build install --record /home/ubuntu/smart-cane-system/build/smart_cane_system/install.log --single-version-externally-managed install_data
