[0.170s] DEBUG:colcon:Command line arguments: ['/usr/bin/colcon', 'build']
[0.170s] DEBUG:colcon:Parsed command line arguments: Namespace(log_base=None, log_level=None, verb_name='build', build_base='build', install_base='install', merge_install=False, symlink_install=False, test_result_base=None, continue_on_error=False, executor='parallel', parallel_workers=4, event_handlers=None, ignore_user_meta=False, metas=['./colcon.meta'], base_paths=['.'], packages_ignore=None, packages_ignore_regex=None, paths=None, packages_up_to=None, packages_up_to_regex=None, packages_above=None, packages_above_and_dependencies=None, packages_above_depth=None, packages_select_by_dep=None, packages_skip_by_dep=None, packages_skip_up_to=None, packages_select_build_failed=False, packages_skip_build_finished=False, packages_select_test_failures=False, packages_skip_test_passed=False, packages_select=None, packages_skip=None, packages_select_regex=None, packages_skip_regex=None, packages_start=None, packages_end=None, allow_overriding=[], cmake_args=None, cmake_target=None, cmake_target_skip_unavailable=False, cmake_clean_cache=False, cmake_clean_first=False, cmake_force_configure=False, ament_cmake_args=None, catkin_cmake_args=None, catkin_skip_building_tests=False, mixin_files=None, mixin=None, verb_parser=<colcon_mixin.mixin.mixin_argument.MixinArgumentDecorator object at 0xffffb4887620>, verb_extension=<colcon_core.verb.build.BuildVerb object at 0xffffb3fa0aa0>, main=<bound method BuildVerb.main of <colcon_core.verb.build.BuildVerb object at 0xffffb3fa0aa0>>, mixin_verb=('build',))
[0.258s] Level 1:colcon.colcon_core.package_discovery:discover_packages(colcon_meta) check parameters
[0.258s] Level 1:colcon.colcon_core.package_discovery:discover_packages(recursive) check parameters
[0.258s] Level 1:colcon.colcon_core.package_discovery:discover_packages(ignore) check parameters
[0.258s] Level 1:colcon.colcon_core.package_discovery:discover_packages(path) check parameters
[0.258s] Level 1:colcon.colcon_core.package_discovery:discover_packages(colcon_meta) discover
[0.258s] Level 1:colcon.colcon_core.package_discovery:discover_packages(recursive) discover
[0.258s] INFO:colcon.colcon_core.package_discovery:Crawling recursively for packages in '/home/ubuntu/smart-cane-system'
[0.259s] Level 1:colcon.colcon_core.package_identification:_identify(.) by extensions ['ignore', 'ignore_ament_install']
[0.259s] Level 1:colcon.colcon_core.package_identification:_identify(.) by extension 'ignore'
[0.259s] Level 1:colcon.colcon_core.package_identification:_identify(.) by extension 'ignore_ament_install'
[0.259s] Level 1:colcon.colcon_core.package_identification:_identify(.) by extensions ['colcon_pkg']
[0.259s] Level 1:colcon.colcon_core.package_identification:_identify(.) by extension 'colcon_pkg'
[0.260s] Level 1:colcon.colcon_core.package_identification:_identify(.) by extensions ['colcon_meta']
[0.260s] Level 1:colcon.colcon_core.package_identification:_identify(.) by extension 'colcon_meta'
[0.260s] Level 1:colcon.colcon_core.package_identification:_identify(.) by extensions ['ros']
[0.260s] Level 1:colcon.colcon_core.package_identification:_identify(.) by extension 'ros'
[0.348s] Level 1:colcon.colcon_core.package_identification:_identify(.) by extensions ['cmake', 'python']
[0.348s] Level 1:colcon.colcon_core.package_identification:_identify(.) by extension 'cmake'
[0.349s] Level 1:colcon.colcon_core.package_identification:_identify(.) by extension 'python'
[0.349s] Level 1:colcon.colcon_core.package_identification:_identify(.) by extensions ['python_setup_py']
[0.349s] Level 1:colcon.colcon_core.package_identification:_identify(.) by extension 'python_setup_py'
[0.349s] Level 1:colcon.colcon_core.package_identification:_identify(build) by extensions ['ignore', 'ignore_ament_install']
[0.350s] Level 1:colcon.colcon_core.package_identification:_identify(build) by extension 'ignore'
[0.350s] Level 1:colcon.colcon_core.package_identification:_identify(build) ignored
[0.351s] Level 1:colcon.colcon_core.package_identification:_identify(install) by extensions ['ignore', 'ignore_ament_install']
[0.351s] Level 1:colcon.colcon_core.package_identification:_identify(install) by extension 'ignore'
[0.351s] Level 1:colcon.colcon_core.package_identification:_identify(install) ignored
[0.352s] Level 1:colcon.colcon_core.package_identification:_identify(log) by extensions ['ignore', 'ignore_ament_install']
[0.352s] Level 1:colcon.colcon_core.package_identification:_identify(log) by extension 'ignore'
[0.352s] Level 1:colcon.colcon_core.package_identification:_identify(log) ignored
[0.353s] Level 1:colcon.colcon_core.package_identification:_identify(src) by extensions ['ignore', 'ignore_ament_install']
[0.353s] Level 1:colcon.colcon_core.package_identification:_identify(src) by extension 'ignore'
[0.353s] Level 1:colcon.colcon_core.package_identification:_identify(src) by extension 'ignore_ament_install'
[0.353s] Level 1:colcon.colcon_core.package_identification:_identify(src) by extensions ['colcon_pkg']
[0.353s] Level 1:colcon.colcon_core.package_identification:_identify(src) by extension 'colcon_pkg'
[0.354s] Level 1:colcon.colcon_core.package_identification:_identify(src) by extensions ['colcon_meta']
[0.354s] Level 1:colcon.colcon_core.package_identification:_identify(src) by extension 'colcon_meta'
[0.354s] Level 1:colcon.colcon_core.package_identification:_identify(src) by extensions ['ros']
[0.354s] Level 1:colcon.colcon_core.package_identification:_identify(src) by extension 'ros'
[0.354s] Level 1:colcon.colcon_core.package_identification:_identify(src) by extensions ['cmake', 'python']
[0.354s] Level 1:colcon.colcon_core.package_identification:_identify(src) by extension 'cmake'
[0.355s] Level 1:colcon.colcon_core.package_identification:_identify(src) by extension 'python'
[0.355s] Level 1:colcon.colcon_core.package_identification:_identify(src) by extensions ['python_setup_py']
[0.355s] Level 1:colcon.colcon_core.package_identification:_identify(src) by extension 'python_setup_py'
[0.355s] Level 1:colcon.colcon_core.package_identification:_identify(src/build) by extensions ['ignore', 'ignore_ament_install']
[0.356s] Level 1:colcon.colcon_core.package_identification:_identify(src/build) by extension 'ignore'
[0.356s] Level 1:colcon.colcon_core.package_identification:_identify(src/build) ignored
[0.356s] Level 1:colcon.colcon_core.package_identification:_identify(src/install) by extensions ['ignore', 'ignore_ament_install']
[0.356s] Level 1:colcon.colcon_core.package_identification:_identify(src/install) by extension 'ignore'
[0.357s] Level 1:colcon.colcon_core.package_identification:_identify(src/install) ignored
[0.357s] Level 1:colcon.colcon_core.package_identification:_identify(src/log) by extensions ['ignore', 'ignore_ament_install']
[0.357s] Level 1:colcon.colcon_core.package_identification:_identify(src/log) by extension 'ignore'
[0.357s] Level 1:colcon.colcon_core.package_identification:_identify(src/log) ignored
[0.357s] Level 1:colcon.colcon_core.package_identification:_identify(src/smart_cane_interfaces) by extensions ['ignore', 'ignore_ament_install']
[0.357s] Level 1:colcon.colcon_core.package_identification:_identify(src/smart_cane_interfaces) by extension 'ignore'
[0.358s] Level 1:colcon.colcon_core.package_identification:_identify(src/smart_cane_interfaces) by extension 'ignore_ament_install'
[0.358s] Level 1:colcon.colcon_core.package_identification:_identify(src/smart_cane_interfaces) by extensions ['colcon_pkg']
[0.358s] Level 1:colcon.colcon_core.package_identification:_identify(src/smart_cane_interfaces) by extension 'colcon_pkg'
[0.358s] Level 1:colcon.colcon_core.package_identification:_identify(src/smart_cane_interfaces) by extensions ['colcon_meta']
[0.358s] Level 1:colcon.colcon_core.package_identification:_identify(src/smart_cane_interfaces) by extension 'colcon_meta'
[0.358s] Level 1:colcon.colcon_core.package_identification:_identify(src/smart_cane_interfaces) by extensions ['ros']
[0.358s] Level 1:colcon.colcon_core.package_identification:_identify(src/smart_cane_interfaces) by extension 'ros'
[0.367s] DEBUG:colcon.colcon_core.package_identification:Package 'src/smart_cane_interfaces' with type 'ros.ament_cmake' and name 'smart_cane_interfaces'
[0.367s] Level 1:colcon.colcon_core.package_identification:_identify(src/smart_cane_system) by extensions ['ignore', 'ignore_ament_install']
[0.368s] Level 1:colcon.colcon_core.package_identification:_identify(src/smart_cane_system) by extension 'ignore'
[0.368s] Level 1:colcon.colcon_core.package_identification:_identify(src/smart_cane_system) by extension 'ignore_ament_install'
[0.368s] Level 1:colcon.colcon_core.package_identification:_identify(src/smart_cane_system) by extensions ['colcon_pkg']
[0.368s] Level 1:colcon.colcon_core.package_identification:_identify(src/smart_cane_system) by extension 'colcon_pkg'
[0.368s] Level 1:colcon.colcon_core.package_identification:_identify(src/smart_cane_system) by extensions ['colcon_meta']
[0.368s] Level 1:colcon.colcon_core.package_identification:_identify(src/smart_cane_system) by extension 'colcon_meta'
[0.369s] Level 1:colcon.colcon_core.package_identification:_identify(src/smart_cane_system) by extensions ['ros']
[0.369s] Level 1:colcon.colcon_core.package_identification:_identify(src/smart_cane_system) by extension 'ros'
[0.375s] DEBUG:colcon.colcon_core.package_identification:Package 'src/smart_cane_system' with type 'ros.ament_python' and name 'smart_cane_system'
[0.375s] Level 1:colcon.colcon_core.package_discovery:discover_packages(recursive) using defaults
[0.375s] Level 1:colcon.colcon_core.package_discovery:discover_packages(ignore) discover
[0.376s] Level 1:colcon.colcon_core.package_discovery:discover_packages(ignore) using defaults
[0.376s] Level 1:colcon.colcon_core.package_discovery:discover_packages(path) discover
[0.376s] Level 1:colcon.colcon_core.package_discovery:discover_packages(path) using defaults
[0.436s] Level 1:colcon.colcon_core.package_discovery:discover_packages(prefix_path) check parameters
[0.436s] Level 1:colcon.colcon_core.package_discovery:discover_packages(prefix_path) discover
[0.442s] DEBUG:colcon.colcon_installed_package_information.package_discovery:Found 0 installed packages in /home/ubuntu/smart-cane-system/src/smart_cane_system/smart_cane_system/install
[0.445s] DEBUG:colcon.colcon_installed_package_information.package_discovery:Found 287 installed packages in /opt/ros/jazzy
[0.449s] Level 1:colcon.colcon_core.package_discovery:discover_packages(prefix_path) using defaults
[0.546s] Level 5:colcon.colcon_core.verb:set package 'smart_cane_interfaces' build argument 'cmake_args' from command line to 'None'
[0.546s] Level 5:colcon.colcon_core.verb:set package 'smart_cane_interfaces' build argument 'cmake_target' from command line to 'None'
[0.546s] Level 5:colcon.colcon_core.verb:set package 'smart_cane_interfaces' build argument 'cmake_target_skip_unavailable' from command line to 'False'
[0.546s] Level 5:colcon.colcon_core.verb:set package 'smart_cane_interfaces' build argument 'cmake_clean_cache' from command line to 'False'
[0.547s] Level 5:colcon.colcon_core.verb:set package 'smart_cane_interfaces' build argument 'cmake_clean_first' from command line to 'False'
[0.547s] Level 5:colcon.colcon_core.verb:set package 'smart_cane_interfaces' build argument 'cmake_force_configure' from command line to 'False'
[0.547s] Level 5:colcon.colcon_core.verb:set package 'smart_cane_interfaces' build argument 'ament_cmake_args' from command line to 'None'
[0.547s] Level 5:colcon.colcon_core.verb:set package 'smart_cane_interfaces' build argument 'catkin_cmake_args' from command line to 'None'
[0.547s] Level 5:colcon.colcon_core.verb:set package 'smart_cane_interfaces' build argument 'catkin_skip_building_tests' from command line to 'False'
[0.547s] DEBUG:colcon.colcon_core.verb:Building package 'smart_cane_interfaces' with the following arguments: {'ament_cmake_args': None, 'build_base': '/home/ubuntu/smart-cane-system/build/smart_cane_interfaces', 'catkin_cmake_args': None, 'catkin_skip_building_tests': False, 'cmake_args': None, 'cmake_clean_cache': False, 'cmake_clean_first': False, 'cmake_force_configure': False, 'cmake_target': None, 'cmake_target_skip_unavailable': False, 'install_base': '/home/ubuntu/smart-cane-system/install/smart_cane_interfaces', 'merge_install': False, 'path': '/home/ubuntu/smart-cane-system/src/smart_cane_interfaces', 'symlink_install': False, 'test_result_base': None}
[0.548s] Level 5:colcon.colcon_core.verb:set package 'smart_cane_system' build argument 'cmake_args' from command line to 'None'
[0.548s] Level 5:colcon.colcon_core.verb:set package 'smart_cane_system' build argument 'cmake_target' from command line to 'None'
[0.548s] Level 5:colcon.colcon_core.verb:set package 'smart_cane_system' build argument 'cmake_target_skip_unavailable' from command line to 'False'
[0.548s] Level 5:colcon.colcon_core.verb:set package 'smart_cane_system' build argument 'cmake_clean_cache' from command line to 'False'
[0.548s] Level 5:colcon.colcon_core.verb:set package 'smart_cane_system' build argument 'cmake_clean_first' from command line to 'False'
[0.548s] Level 5:colcon.colcon_core.verb:set package 'smart_cane_system' build argument 'cmake_force_configure' from command line to 'False'
[0.548s] Level 5:colcon.colcon_core.verb:set package 'smart_cane_system' build argument 'ament_cmake_args' from command line to 'None'
[0.548s] Level 5:colcon.colcon_core.verb:set package 'smart_cane_system' build argument 'catkin_cmake_args' from command line to 'None'
[0.549s] Level 5:colcon.colcon_core.verb:set package 'smart_cane_system' build argument 'catkin_skip_building_tests' from command line to 'False'
[0.549s] DEBUG:colcon.colcon_core.verb:Building package 'smart_cane_system' with the following arguments: {'ament_cmake_args': None, 'build_base': '/home/ubuntu/smart-cane-system/build/smart_cane_system', 'catkin_cmake_args': None, 'catkin_skip_building_tests': False, 'cmake_args': None, 'cmake_clean_cache': False, 'cmake_clean_first': False, 'cmake_force_configure': False, 'cmake_target': None, 'cmake_target_skip_unavailable': False, 'install_base': '/home/ubuntu/smart-cane-system/install/smart_cane_system', 'merge_install': False, 'path': '/home/ubuntu/smart-cane-system/src/smart_cane_system', 'symlink_install': False, 'test_result_base': None}
[0.549s] INFO:colcon.colcon_core.executor:Executing jobs using 'parallel' executor
[0.551s] DEBUG:colcon.colcon_parallel_executor.executor.parallel:run_until_complete
[0.552s] INFO:colcon.colcon_ros.task.ament_cmake.build:Building ROS package in '/home/ubuntu/smart-cane-system/src/smart_cane_interfaces' with build type 'ament_cmake'
[0.552s] INFO:colcon.colcon_cmake.task.cmake.build:Building CMake package in '/home/ubuntu/smart-cane-system/src/smart_cane_interfaces'
[0.556s] INFO:colcon.colcon_core.plugin_system:Skipping extension 'colcon_core.shell.bat': Not used on non-Windows systems
[0.556s] INFO:colcon.colcon_core.shell:Skip shell extension 'powershell' for command environment: Not usable outside of PowerShell
[0.557s] DEBUG:colcon.colcon_core.shell:Skip shell extension 'dsv' for command environment
[0.580s] DEBUG:colcon.colcon_core.event_handler.log_command:Invoking command in '/home/ubuntu/smart-cane-system/build/smart_cane_interfaces': CMAKE_PREFIX_PATH=${CMAKE_PREFIX_PATH}:/opt/ros/jazzy DEBUGINFOD_URLS=https://debuginfod.ubuntu.com /usr/bin/cmake /home/ubuntu/smart-cane-system/src/smart_cane_interfaces -DCMAKE_INSTALL_PREFIX=/home/ubuntu/smart-cane-system/install/smart_cane_interfaces
[9.100s] DEBUG:colcon.colcon_core.event_handler.log_command:Invoked command in '/home/ubuntu/smart-cane-system/build/smart_cane_interfaces' returned '0': CMAKE_PREFIX_PATH=${CMAKE_PREFIX_PATH}:/opt/ros/jazzy DEBUGINFOD_URLS=https://debuginfod.ubuntu.com /usr/bin/cmake /home/ubuntu/smart-cane-system/src/smart_cane_interfaces -DCMAKE_INSTALL_PREFIX=/home/ubuntu/smart-cane-system/install/smart_cane_interfaces
[9.112s] DEBUG:colcon.colcon_core.event_handler.log_command:Invoking command in '/home/ubuntu/smart-cane-system/build/smart_cane_interfaces': CMAKE_PREFIX_PATH=${CMAKE_PREFIX_PATH}:/opt/ros/jazzy DEBUGINFOD_URLS=https://debuginfod.ubuntu.com /usr/bin/cmake --build /home/ubuntu/smart-cane-system/build/smart_cane_interfaces -- -j4 -l4
[20.508s] DEBUG:colcon.colcon_core.event_handler.log_command:Invoked command in '/home/ubuntu/smart-cane-system/build/smart_cane_interfaces' returned '0': CMAKE_PREFIX_PATH=${CMAKE_PREFIX_PATH}:/opt/ros/jazzy DEBUGINFOD_URLS=https://debuginfod.ubuntu.com /usr/bin/cmake --build /home/ubuntu/smart-cane-system/build/smart_cane_interfaces -- -j4 -l4
[20.533s] DEBUG:colcon.colcon_core.event_handler.log_command:Invoking command in '/home/ubuntu/smart-cane-system/build/smart_cane_interfaces': CMAKE_PREFIX_PATH=${CMAKE_PREFIX_PATH}:/opt/ros/jazzy DEBUGINFOD_URLS=https://debuginfod.ubuntu.com /usr/bin/cmake --install /home/ubuntu/smart-cane-system/build/smart_cane_interfaces
[20.678s] Level 1:colcon.colcon_core.environment:create_environment_scripts_only(smart_cane_interfaces)
[20.679s] DEBUG:colcon.colcon_core.event_handler.log_command:Invoked command in '/home/ubuntu/smart-cane-system/build/smart_cane_interfaces' returned '0': CMAKE_PREFIX_PATH=${CMAKE_PREFIX_PATH}:/opt/ros/jazzy DEBUGINFOD_URLS=https://debuginfod.ubuntu.com /usr/bin/cmake --install /home/ubuntu/smart-cane-system/build/smart_cane_interfaces
[20.683s] Level 1:colcon.colcon_core.environment:checking '/home/ubuntu/smart-cane-system/install/smart_cane_interfaces' for CMake module files
[20.684s] Level 1:colcon.colcon_core.environment:checking '/home/ubuntu/smart-cane-system/install/smart_cane_interfaces' for CMake config files
[20.685s] Level 1:colcon.colcon_core.shell:create_environment_hook('smart_cane_interfaces', 'cmake_prefix_path')
[20.686s] INFO:colcon.colcon_core.shell:Creating environment hook '/home/ubuntu/smart-cane-system/install/smart_cane_interfaces/share/smart_cane_interfaces/hook/cmake_prefix_path.ps1'
[20.687s] INFO:colcon.colcon_core.shell:Creating environment descriptor '/home/ubuntu/smart-cane-system/install/smart_cane_interfaces/share/smart_cane_interfaces/hook/cmake_prefix_path.dsv'
[20.688s] INFO:colcon.colcon_core.shell:Creating environment hook '/home/ubuntu/smart-cane-system/install/smart_cane_interfaces/share/smart_cane_interfaces/hook/cmake_prefix_path.sh'
[20.689s] Level 1:colcon.colcon_core.environment:checking '/home/ubuntu/smart-cane-system/install/smart_cane_interfaces/lib'
[20.689s] Level 1:colcon.colcon_core.shell:create_environment_hook('smart_cane_interfaces', 'ld_library_path_lib')
[20.690s] INFO:colcon.colcon_core.shell:Creating environment hook '/home/ubuntu/smart-cane-system/install/smart_cane_interfaces/share/smart_cane_interfaces/hook/ld_library_path_lib.ps1'
[20.690s] INFO:colcon.colcon_core.shell:Creating environment descriptor '/home/ubuntu/smart-cane-system/install/smart_cane_interfaces/share/smart_cane_interfaces/hook/ld_library_path_lib.dsv'
[20.691s] INFO:colcon.colcon_core.shell:Creating environment hook '/home/ubuntu/smart-cane-system/install/smart_cane_interfaces/share/smart_cane_interfaces/hook/ld_library_path_lib.sh'
[20.691s] Level 1:colcon.colcon_core.environment:checking '/home/ubuntu/smart-cane-system/install/smart_cane_interfaces/bin'
[20.691s] Level 1:colcon.colcon_core.environment:checking '/home/ubuntu/smart-cane-system/install/smart_cane_interfaces/lib/pkgconfig/smart_cane_interfaces.pc'
[20.692s] Level 1:colcon.colcon_core.environment:checking '/home/ubuntu/smart-cane-system/install/smart_cane_interfaces/lib/python3.12/site-packages'
[20.692s] Level 1:colcon.colcon_core.shell:create_environment_hook('smart_cane_interfaces', 'pythonpath')
[20.693s] INFO:colcon.colcon_core.shell:Creating environment hook '/home/ubuntu/smart-cane-system/install/smart_cane_interfaces/share/smart_cane_interfaces/hook/pythonpath.ps1'
[20.694s] INFO:colcon.colcon_core.shell:Creating environment descriptor '/home/ubuntu/smart-cane-system/install/smart_cane_interfaces/share/smart_cane_interfaces/hook/pythonpath.dsv'
[20.695s] INFO:colcon.colcon_core.shell:Creating environment hook '/home/ubuntu/smart-cane-system/install/smart_cane_interfaces/share/smart_cane_interfaces/hook/pythonpath.sh'
[20.697s] Level 1:colcon.colcon_core.environment:checking '/home/ubuntu/smart-cane-system/install/smart_cane_interfaces/bin'
[20.698s] INFO:colcon.colcon_core.shell:Creating package script '/home/ubuntu/smart-cane-system/install/smart_cane_interfaces/share/smart_cane_interfaces/package.ps1'
[20.700s] INFO:colcon.colcon_core.shell:Creating package descriptor '/home/ubuntu/smart-cane-system/install/smart_cane_interfaces/share/smart_cane_interfaces/package.dsv'
[20.701s] INFO:colcon.colcon_core.shell:Creating package script '/home/ubuntu/smart-cane-system/install/smart_cane_interfaces/share/smart_cane_interfaces/package.sh'
[20.702s] INFO:colcon.colcon_core.shell:Creating package script '/home/ubuntu/smart-cane-system/install/smart_cane_interfaces/share/smart_cane_interfaces/package.bash'
[20.703s] INFO:colcon.colcon_core.shell:Creating package script '/home/ubuntu/smart-cane-system/install/smart_cane_interfaces/share/smart_cane_interfaces/package.zsh'
[20.703s] Level 1:colcon.colcon_core.environment:create_file_with_runtime_dependencies(/home/ubuntu/smart-cane-system/install/smart_cane_interfaces/share/colcon-core/packages/smart_cane_interfaces)
[20.704s] Level 1:colcon.colcon_core.environment:create_environment_scripts_only(smart_cane_interfaces)
[20.705s] Level 1:colcon.colcon_core.environment:checking '/home/ubuntu/smart-cane-system/install/smart_cane_interfaces' for CMake module files
[20.705s] Level 1:colcon.colcon_core.environment:checking '/home/ubuntu/smart-cane-system/install/smart_cane_interfaces' for CMake config files
[20.706s] Level 1:colcon.colcon_core.shell:create_environment_hook('smart_cane_interfaces', 'cmake_prefix_path')
[20.706s] INFO:colcon.colcon_core.shell:Creating environment hook '/home/ubuntu/smart-cane-system/install/smart_cane_interfaces/share/smart_cane_interfaces/hook/cmake_prefix_path.ps1'
[20.707s] INFO:colcon.colcon_core.shell:Creating environment descriptor '/home/ubuntu/smart-cane-system/install/smart_cane_interfaces/share/smart_cane_interfaces/hook/cmake_prefix_path.dsv'
[20.708s] INFO:colcon.colcon_core.shell:Creating environment hook '/home/ubuntu/smart-cane-system/install/smart_cane_interfaces/share/smart_cane_interfaces/hook/cmake_prefix_path.sh'
[20.710s] Level 1:colcon.colcon_core.environment:checking '/home/ubuntu/smart-cane-system/install/smart_cane_interfaces/lib'
[20.710s] Level 1:colcon.colcon_core.shell:create_environment_hook('smart_cane_interfaces', 'ld_library_path_lib')
[20.710s] INFO:colcon.colcon_core.shell:Creating environment hook '/home/ubuntu/smart-cane-system/install/smart_cane_interfaces/share/smart_cane_interfaces/hook/ld_library_path_lib.ps1'
[20.712s] INFO:colcon.colcon_core.shell:Creating environment descriptor '/home/ubuntu/smart-cane-system/install/smart_cane_interfaces/share/smart_cane_interfaces/hook/ld_library_path_lib.dsv'
[20.713s] INFO:colcon.colcon_core.shell:Creating environment hook '/home/ubuntu/smart-cane-system/install/smart_cane_interfaces/share/smart_cane_interfaces/hook/ld_library_path_lib.sh'
[20.714s] Level 1:colcon.colcon_core.environment:checking '/home/ubuntu/smart-cane-system/install/smart_cane_interfaces/bin'
[20.714s] Level 1:colcon.colcon_core.environment:checking '/home/ubuntu/smart-cane-system/install/smart_cane_interfaces/lib/pkgconfig/smart_cane_interfaces.pc'
[20.714s] Level 1:colcon.colcon_core.environment:checking '/home/ubuntu/smart-cane-system/install/smart_cane_interfaces/lib/python3.12/site-packages'
[20.715s] Level 1:colcon.colcon_core.shell:create_environment_hook('smart_cane_interfaces', 'pythonpath')
[20.716s] INFO:colcon.colcon_core.shell:Creating environment hook '/home/ubuntu/smart-cane-system/install/smart_cane_interfaces/share/smart_cane_interfaces/hook/pythonpath.ps1'
[20.717s] INFO:colcon.colcon_core.shell:Creating environment descriptor '/home/ubuntu/smart-cane-system/install/smart_cane_interfaces/share/smart_cane_interfaces/hook/pythonpath.dsv'
[20.719s] INFO:colcon.colcon_core.shell:Creating environment hook '/home/ubuntu/smart-cane-system/install/smart_cane_interfaces/share/smart_cane_interfaces/hook/pythonpath.sh'
[20.720s] Level 1:colcon.colcon_core.environment:checking '/home/ubuntu/smart-cane-system/install/smart_cane_interfaces/bin'
[20.721s] INFO:colcon.colcon_core.shell:Creating package script '/home/ubuntu/smart-cane-system/install/smart_cane_interfaces/share/smart_cane_interfaces/package.ps1'
[20.723s] INFO:colcon.colcon_core.shell:Creating package descriptor '/home/ubuntu/smart-cane-system/install/smart_cane_interfaces/share/smart_cane_interfaces/package.dsv'
[20.724s] INFO:colcon.colcon_core.shell:Creating package script '/home/ubuntu/smart-cane-system/install/smart_cane_interfaces/share/smart_cane_interfaces/package.sh'
[20.726s] INFO:colcon.colcon_core.shell:Creating package script '/home/ubuntu/smart-cane-system/install/smart_cane_interfaces/share/smart_cane_interfaces/package.bash'
[20.727s] INFO:colcon.colcon_core.shell:Creating package script '/home/ubuntu/smart-cane-system/install/smart_cane_interfaces/share/smart_cane_interfaces/package.zsh'
[20.728s] Level 1:colcon.colcon_core.environment:create_file_with_runtime_dependencies(/home/ubuntu/smart-cane-system/install/smart_cane_interfaces/share/colcon-core/packages/smart_cane_interfaces)
[20.730s] INFO:colcon.colcon_ros.task.ament_python.build:Building ROS package in '/home/ubuntu/smart-cane-system/src/smart_cane_system' with build type 'ament_python'
[20.730s] Level 1:colcon.colcon_core.shell:create_environment_hook('smart_cane_system', 'ament_prefix_path')
[20.731s] INFO:colcon.colcon_core.shell:Creating environment hook '/home/ubuntu/smart-cane-system/install/smart_cane_system/share/smart_cane_system/hook/ament_prefix_path.ps1'
[20.733s] INFO:colcon.colcon_core.shell:Creating environment descriptor '/home/ubuntu/smart-cane-system/install/smart_cane_system/share/smart_cane_system/hook/ament_prefix_path.dsv'
[20.734s] INFO:colcon.colcon_core.shell:Creating environment hook '/home/ubuntu/smart-cane-system/install/smart_cane_system/share/smart_cane_system/hook/ament_prefix_path.sh'
[20.736s] INFO:colcon.colcon_core.shell:Skip shell extension 'powershell' for command environment: Not usable outside of PowerShell
[20.736s] DEBUG:colcon.colcon_core.shell:Skip shell extension 'dsv' for command environment
[21.244s] INFO:colcon.colcon_core.task.python.build:Building Python package in '/home/ubuntu/smart-cane-system/src/smart_cane_system'
[21.245s] INFO:colcon.colcon_core.shell:Skip shell extension 'powershell' for command environment: Not usable outside of PowerShell
[21.245s] DEBUG:colcon.colcon_core.shell:Skip shell extension 'dsv' for command environment
[22.504s] DEBUG:colcon.colcon_core.event_handler.log_command:Invoking command in '/home/ubuntu/smart-cane-system/src/smart_cane_system': AMENT_PREFIX_PATH=/home/ubuntu/smart-cane-system/install/smart_cane_interfaces:${AMENT_PREFIX_PATH} CMAKE_PREFIX_PATH=/home/ubuntu/smart-cane-system/install/smart_cane_interfaces:${CMAKE_PREFIX_PATH} DEBUGINFOD_URLS=https://debuginfod.ubuntu.com LD_LIBRARY_PATH=/home/ubuntu/smart-cane-system/install/smart_cane_interfaces/lib:${LD_LIBRARY_PATH} PYTHONPATH=/home/ubuntu/smart-cane-system/build/smart_cane_system/prefix_override:/usr/lib/python3/dist-packages/colcon_core/task/python/colcon_distutils_commands:/home/ubuntu/smart-cane-system/install/smart_cane_system/lib/python3.12/site-packages:/home/ubuntu/smart-cane-system/install/smart_cane_interfaces/lib/python3.12/site-packages:${PYTHONPATH} /usr/bin/python3 -W ignore:setup.py install is deprecated -W ignore:easy_install command is deprecated setup.py egg_info --egg-base ../../build/smart_cane_system build --build-base /home/ubuntu/smart-cane-system/build/smart_cane_system/build install --record /home/ubuntu/smart-cane-system/build/smart_cane_system/install.log --single-version-externally-managed install_data
[23.574s] Level 1:colcon.colcon_core.environment:checking '/home/ubuntu/smart-cane-system/install/smart_cane_system' for CMake module files
[23.574s] DEBUG:colcon.colcon_core.event_handler.log_command:Invoked command in '/home/ubuntu/smart-cane-system/src/smart_cane_system' returned '0': AMENT_PREFIX_PATH=/home/ubuntu/smart-cane-system/install/smart_cane_interfaces:${AMENT_PREFIX_PATH} CMAKE_PREFIX_PATH=/home/ubuntu/smart-cane-system/install/smart_cane_interfaces:${CMAKE_PREFIX_PATH} DEBUGINFOD_URLS=https://debuginfod.ubuntu.com LD_LIBRARY_PATH=/home/ubuntu/smart-cane-system/install/smart_cane_interfaces/lib:${LD_LIBRARY_PATH} PYTHONPATH=/home/ubuntu/smart-cane-system/build/smart_cane_system/prefix_override:/usr/lib/python3/dist-packages/colcon_core/task/python/colcon_distutils_commands:/home/ubuntu/smart-cane-system/install/smart_cane_system/lib/python3.12/site-packages:/home/ubuntu/smart-cane-system/install/smart_cane_interfaces/lib/python3.12/site-packages:${PYTHONPATH} /usr/bin/python3 -W ignore:setup.py install is deprecated -W ignore:easy_install command is deprecated setup.py egg_info --egg-base ../../build/smart_cane_system build --build-base /home/ubuntu/smart-cane-system/build/smart_cane_system/build install --record /home/ubuntu/smart-cane-system/build/smart_cane_system/install.log --single-version-externally-managed install_data
[23.575s] Level 1:colcon.colcon_core.environment:checking '/home/ubuntu/smart-cane-system/install/smart_cane_system' for CMake config files
[23.576s] Level 1:colcon.colcon_core.environment:checking '/home/ubuntu/smart-cane-system/install/smart_cane_system/lib'
[23.576s] Level 1:colcon.colcon_core.environment:checking '/home/ubuntu/smart-cane-system/install/smart_cane_system/bin'
[23.576s] Level 1:colcon.colcon_core.environment:checking '/home/ubuntu/smart-cane-system/install/smart_cane_system/lib/pkgconfig/smart_cane_system.pc'
[23.576s] Level 1:colcon.colcon_core.environment:checking '/home/ubuntu/smart-cane-system/install/smart_cane_system/lib/python3.12/site-packages'
[23.576s] Level 1:colcon.colcon_core.shell:create_environment_hook('smart_cane_system', 'pythonpath')
[23.576s] INFO:colcon.colcon_core.shell:Creating environment hook '/home/ubuntu/smart-cane-system/install/smart_cane_system/share/smart_cane_system/hook/pythonpath.ps1'
[23.577s] INFO:colcon.colcon_core.shell:Creating environment descriptor '/home/ubuntu/smart-cane-system/install/smart_cane_system/share/smart_cane_system/hook/pythonpath.dsv'
[23.577s] INFO:colcon.colcon_core.shell:Creating environment hook '/home/ubuntu/smart-cane-system/install/smart_cane_system/share/smart_cane_system/hook/pythonpath.sh'
[23.578s] Level 1:colcon.colcon_core.environment:checking '/home/ubuntu/smart-cane-system/install/smart_cane_system/bin'
[23.578s] Level 1:colcon.colcon_core.environment:create_environment_scripts_only(smart_cane_system)
[23.578s] INFO:colcon.colcon_core.shell:Creating package script '/home/ubuntu/smart-cane-system/install/smart_cane_system/share/smart_cane_system/package.ps1'
[23.579s] INFO:colcon.colcon_core.shell:Creating package descriptor '/home/ubuntu/smart-cane-system/install/smart_cane_system/share/smart_cane_system/package.dsv'
[23.579s] INFO:colcon.colcon_core.shell:Creating package script '/home/ubuntu/smart-cane-system/install/smart_cane_system/share/smart_cane_system/package.sh'
[23.580s] INFO:colcon.colcon_core.shell:Creating package script '/home/ubuntu/smart-cane-system/install/smart_cane_system/share/smart_cane_system/package.bash'
[23.580s] INFO:colcon.colcon_core.shell:Creating package script '/home/ubuntu/smart-cane-system/install/smart_cane_system/share/smart_cane_system/package.zsh'
[23.580s] Level 1:colcon.colcon_core.environment:create_file_with_runtime_dependencies(/home/ubuntu/smart-cane-system/install/smart_cane_system/share/colcon-core/packages/smart_cane_system)
[23.581s] DEBUG:colcon.colcon_parallel_executor.executor.parallel:closing loop
[23.582s] DEBUG:colcon.colcon_parallel_executor.executor.parallel:loop closed
[23.582s] DEBUG:colcon.colcon_parallel_executor.executor.parallel:run_until_complete finished with '0'
[23.582s] DEBUG:colcon.colcon_core.event_reactor:joining thread
[23.591s] INFO:colcon.colcon_core.plugin_system:Skipping extension 'colcon_notification.desktop_notification.terminal_notifier': Not used on non-Darwin systems
[23.591s] INFO:colcon.colcon_core.plugin_system:Skipping extension 'colcon_notification.desktop_notification.win32': Not used on non-Windows systems
[23.592s] INFO:colcon.colcon_notification.desktop_notification:Sending desktop notification using 'notify2'
[23.628s] DEBUG:colcon.colcon_core.event_reactor:joined thread
[23.629s] INFO:colcon.colcon_core.shell:Creating prefix script '/home/ubuntu/smart-cane-system/install/local_setup.ps1'
[23.631s] INFO:colcon.colcon_core.shell:Creating prefix util module '/home/ubuntu/smart-cane-system/install/_local_setup_util_ps1.py'
[23.633s] INFO:colcon.colcon_core.shell:Creating prefix chain script '/home/ubuntu/smart-cane-system/install/setup.ps1'
[23.634s] INFO:colcon.colcon_core.shell:Creating prefix script '/home/ubuntu/smart-cane-system/install/local_setup.sh'
[23.635s] INFO:colcon.colcon_core.shell:Creating prefix util module '/home/ubuntu/smart-cane-system/install/_local_setup_util_sh.py'
[23.636s] INFO:colcon.colcon_core.shell:Creating prefix chain script '/home/ubuntu/smart-cane-system/install/setup.sh'
[23.639s] INFO:colcon.colcon_core.shell:Creating prefix script '/home/ubuntu/smart-cane-system/install/local_setup.bash'
[23.640s] INFO:colcon.colcon_core.shell:Creating prefix chain script '/home/ubuntu/smart-cane-system/install/setup.bash'
[23.643s] INFO:colcon.colcon_core.shell:Creating prefix script '/home/ubuntu/smart-cane-system/install/local_setup.zsh'
[23.644s] INFO:colcon.colcon_core.shell:Creating prefix chain script '/home/ubuntu/smart-cane-system/install/setup.zsh'
